Archive member included to satisfy reference by file (symbol)

app/libapp.a(main.c.obj)      (--whole-archive)
zephyr/libzephyr.a(heap.c.obj)
                              (--whole-archive)
zephyr/libzephyr.a(cbprintf_packaged.c.obj)
                              (--whole-archive)
zephyr/libzephyr.a(printk.c.obj)
                              (--whole-archive)
zephyr/libzephyr.a(sem.c.obj)
                              (--whole-archive)
zephyr/libzephyr.a(thread_entry.c.obj)
                              (--whole-archive)
zephyr/libzephyr.a(cbprintf_complete.c.obj)
                              (--whole-archive)
zephyr/libzephyr.a(assert.c.obj)
                              (--whole-archive)
zephyr/libzephyr.a(dec.c.obj)
                              (--whole-archive)
zephyr/libzephyr.a(hex.c.obj)
                              (--whole-archive)
zephyr/libzephyr.a(rb.c.obj)  (--whole-archive)
zephyr/libzephyr.a(timeutil.c.obj)
                              (--whole-archive)
zephyr/libzephyr.a(bitarray.c.obj)
                              (--whole-archive)
zephyr/libzephyr.a(configs.c.obj)
                              (--whole-archive)
zephyr/libzephyr.a(soc_irq.S.obj)
                              (--whole-archive)
zephyr/libzephyr.a(soc_common_irq.c.obj)
                              (--whole-archive)
zephyr/libzephyr.a(vector.S.obj)
                              (--whole-archive)
zephyr/libzephyr.a(clock.c.obj)
                              (--whole-archive)
zephyr/libzephyr.a(thread_info.c.obj)
                              (--whole-archive)
zephyr/libzephyr.a(tracing_none.c.obj)
                              (--whole-archive)
zephyr/arch/common/libarch__common.a(sw_isr_common.c.obj)
                              (--whole-archive)
zephyr/arch/common/libarch__common.a(multilevel_irq.c.obj)
                              (--whole-archive)
zephyr/arch/arch/riscv/core/libarch__riscv__core.a(cpu_idle.c.obj)
                              (--whole-archive)
zephyr/arch/arch/riscv/core/libarch__riscv__core.a(fatal.c.obj)
                              (--whole-archive)
zephyr/arch/arch/riscv/core/libarch__riscv__core.a(irq_manage.c.obj)
                              (--whole-archive)
zephyr/arch/arch/riscv/core/libarch__riscv__core.a(isr.S.obj)
                              (--whole-archive)
zephyr/arch/arch/riscv/core/libarch__riscv__core.a(prep_c.c.obj)
                              (--whole-archive)
zephyr/arch/arch/riscv/core/libarch__riscv__core.a(reboot.c.obj)
                              (--whole-archive)
zephyr/arch/arch/riscv/core/libarch__riscv__core.a(reset.S.obj)
                              (--whole-archive)
zephyr/arch/arch/riscv/core/libarch__riscv__core.a(switch.S.obj)
                              (--whole-archive)
zephyr/arch/arch/riscv/core/libarch__riscv__core.a(thread.c.obj)
                              (--whole-archive)
zephyr/arch/arch/riscv/core/libarch__riscv__core.a(pmp.c.obj)
                              (--whole-archive)
zephyr/arch/arch/riscv/core/libarch__riscv__core.a(pmp.S.obj)
                              (--whole-archive)
zephyr/arch/arch/riscv/core/libarch__riscv__core.a(tls.c.obj)
                              (--whole-archive)
zephyr/lib/libc/picolibc/liblib__libc__picolibc.a(libc-hooks.c.obj)
                              (--whole-archive)
zephyr/lib/libc/common/liblib__libc__common.a(abort.c.obj)
                              (--whole-archive)
zephyr/lib/libc/common/liblib__libc__common.a(malloc.c.obj)
                              (--whole-archive)
zephyr/drivers/interrupt_controller/libdrivers__interrupt_controller.a(intc_plic.c.obj)
                              (--whole-archive)
zephyr/drivers/console/libdrivers__console.a(uart_console.c.obj)
                              (--whole-archive)
zephyr/drivers/gpio/libdrivers__gpio.a(gpio_sifive.c.obj)
                              (--whole-archive)
zephyr/drivers/pinctrl/libdrivers__pinctrl.a(common.c.obj)
                              (--whole-archive)
zephyr/drivers/pinctrl/libdrivers__pinctrl.a(pinctrl_sifive.c.obj)
                              (--whole-archive)
zephyr/drivers/serial/libdrivers__serial.a(uart_sifive.c.obj)
                              (--whole-archive)
zephyr/drivers/timer/libdrivers__timer.a(sys_clock_init.c.obj)
                              (--whole-archive)
zephyr/drivers/timer/libdrivers__timer.a(riscv_machine_timer.c.obj)
                              (--whole-archive)
zephyr/kernel/libkernel.a(device.c.obj)
                              zephyr/drivers/console/libdrivers__console.a(uart_console.c.obj) (z_device_is_ready)
zephyr/kernel/libkernel.a(fatal.c.obj)
                              zephyr/arch/arch/riscv/core/libarch__riscv__core.a(fatal.c.obj) (z_fatal_error)
zephyr/kernel/libkernel.a(init.c.obj)
                              zephyr/arch/arch/riscv/core/libarch__riscv__core.a(isr.S.obj) (_kernel)
zephyr/kernel/libkernel.a(thread.c.obj)
[...]
Memory Configuration

Name             Origin             Length             Attributes
ROM              0x0000000020010000 0x00000000003c0900 xr
RAM              0x0000000080000000 0x0000000000004000 xrw
IDT_LIST         0x00000000fffff7ff 0x0000000000000800 xw
*default*        0x0000000000000000 0xffffffffffffffff

Linker script and memory map

                0x00000000200128ee                vfprintf = __l_vfprintf
                0x0000000000000000                vfscanf = __l_vfscanf
LOAD zephyr/CMakeFiles/zephyr_final.dir/misc/empty_file.c.obj
LOAD zephyr/CMakeFiles/zephyr_final.dir/isr_tables.c.obj
LOAD zephyr/CMakeFiles/offsets.dir/./arch/riscv/core/offsets/offsets.c.obj
LOAD app/libapp.a
LOAD zephyr/libzephyr.a
LOAD zephyr/arch/common/libarch__common.a
LOAD zephyr/arch/arch/riscv/core/libarch__riscv__core.a
LOAD zephyr/lib/libc/picolibc/liblib__libc__picolibc.a
LOAD zephyr/lib/libc/common/liblib__libc__common.a
LOAD zephyr/drivers/interrupt_controller/libdrivers__interrupt_controller.a
LOAD zephyr/drivers/console/libdrivers__console.a
LOAD zephyr/drivers/gpio/libdrivers__gpio.a
LOAD zephyr/drivers/pinctrl/libdrivers__pinctrl.a
LOAD zephyr/drivers/serial/libdrivers__serial.a
LOAD zephyr/drivers/timer/libdrivers__timer.a
LOAD zephyr/kernel/libkernel.a
LOAD /opt/zephyr-sdk-0.16.5/riscv64-zephyr-elf/bin/../lib/gcc/riscv64-zephyr-elf/12.2.0/rv32imac_zicsr_zifencei/ilp32/libgcc.a
LOAD zephyr/arch/common/libisr_tables.a
LOAD /opt/zephyr-sdk-0.16.5/riscv64-zephyr-elf/bin/../lib/gcc/../../picolibc/riscv64-zephyr-elf/lib/rv32imac_zicsr_zifencei/ilp32/libc.a
LOAD /opt/zephyr-sdk-0.16.5/riscv64-zephyr-elf/bin/../lib/gcc/riscv64-zephyr-elf/12.2.0/rv32imac_zicsr_zifencei/ilp32/libgcc.a

.rel.plt        0x0000000000000000        0x0
 *(SORT_BY_ALIGNMENT(.rel.plt))
                [!provide]                        PROVIDE (__rel_iplt_start = .)
 *(SORT_BY_ALIGNMENT(.rel.iplt))
                [!provide]                        PROVIDE (__rel_iplt_end = .)

.rela.plt       0x0000000000000000        0x0
 *(SORT_BY_ALIGNMENT(.rela.plt))
                [!provide]                        PROVIDE (__rela_iplt_start = .)
 *(SORT_BY_ALIGNMENT(.rela.iplt))
                [!provide]                        PROVIDE (__rela_iplt_end = .)

.rel.dyn
 *(SORT_BY_ALIGNMENT(.rel.*))

.rela.dyn       0x0000000020010000        0x0
 *(SORT_BY_ALIGNMENT(.rela.*))
 .rela.sdata._char_out
                0x0000000020010000        0x0 zephyr/CMakeFiles/zephyr_final.dir/isr_tables.c.obj
 .rela.vectors.__start
                0x0000000020010000        0x0 zephyr/CMakeFiles/zephyr_final.dir/isr_tables.c.obj
 .rela.exception.entry._isr_wrapper
                0x0000000020010000        0x0 zephyr/CMakeFiles/zephyr_final.dir/isr_tables.c.obj
 .rela.text.z_riscv_pmp_init
                0x0000000020010000        0x0 zephyr/CMakeFiles/zephyr_final.dir/isr_tables.c.obj
 .rela.text.z_tls_copy
                0x0000000020010000        0x0 zephyr/CMakeFiles/zephyr_final.dir/isr_tables.c.obj
 .rela.text.arch_tls_stack_setup
                0x0000000020010000        0x0 zephyr/CMakeFiles/zephyr_final.dir/isr_tables.c.obj
 .rela.text.malloc_prepare
                0x0000000020010000        0x0 zephyr/CMakeFiles/zephyr_final.dir/isr_tables.c.obj
 .rela.text.z_device_state_init
                0x0000000020010000        0x0 zephyr/CMakeFiles/zephyr_final.dir/isr_tables.c.obj
 .rela.text.z_bss_zero
                0x0000000020010000        0x0 zephyr/CMakeFiles/zephyr_final.dir/isr_tables.c.obj
 .rela.rodata.levels.0
                0x0000000020010000        0x0 zephyr/CMakeFiles/zephyr_final.dir/isr_tables.c.obj
 .rela.text.z_init_static_threads
                0x0000000020010000        0x0 zephyr/CMakeFiles/zephyr_final.dir/isr_tables.c.obj
 .rela.text.z_data_copy
                0x0000000020010000        0x0 zephyr/CMakeFiles/zephyr_final.dir/isr_tables.c.obj

.plt
 *(SORT_BY_ALIGNMENT(.plt))

.iplt
 *(SORT_BY_ALIGNMENT(.iplt))
                0x0000000020010000                __rom_region_start = 0x20010000

rom_start       0x0000000020010000       0x18
                0x0000000020010000                . = ALIGN (0x10)
 *(SORT_BY_ALIGNMENT(.vectors.*))
 .vectors.__start
                0x0000000020010000       0x18 zephyr/libzephyr.a(vector.S.obj)
                0x0000000020010000                __start

reset           0x0000000020010018        0x4
 *(SORT_BY_ALIGNMENT(.reset.*))
 .reset.__reset
                0x0000000020010018        0x4 zephyr/arch/arch/riscv/core/libarch__riscv__core.a(reset.S.obj)
                0x0000000020010018                __reset

exceptions      0x000000002001001c      0x136
 *(SORT_BY_ALIGNMENT(.exception.entry.*))
 .exception.entry._isr_wrapper
                0x000000002001001c      0x126 zephyr/arch/arch/riscv/core/libarch__riscv__core.a(isr.S.obj)
                0x000000002001001c                _isr_wrapper
                0x0000000020010104                z_riscv_thread_start
 *(SORT_BY_ALIGNMENT(.exception.other.*))
 *fill*         0x0000000020010142        0x2 
 .exception.other.__soc_handle_irq
                0x0000000020010144        0xe zephyr/libzephyr.a(soc_irq.S.obj)
                0x0000000020010144                __soc_handle_irq

text            0x0000000020010154     0x2cc0
                0x0000000020010154                . = ALIGN (0x4)
 *(SORT_BY_ALIGNMENT(.openocd_debug))
 *(SORT_BY_ALIGNMENT(.openocd_debug.*))
                0x0000000020010154                __text_region_start = .
 *(SORT_BY_ALIGNMENT(.text))
 .text          0x0000000020010154       0x3c /opt/zephyr-sdk-0.16.5/riscv64-zephyr-elf/bin/../lib/gcc/riscv64-zephyr-elf/12.2.0/rv32imac_zicsr_zifencei/ilp32/libgcc.a(_clzsi2.o)
                0x0000000020010154                __clzsi2
 *(SORT_BY_ALIGNMENT(.text.*))
 .text.__initialize
                0x0000000020010190       0x28 zephyr/arch/arch/riscv/core/libarch__riscv__core.a(reset.S.obj)
                0x0000000020010190                __initialize
 *fill*         0x00000000200101b8        0x0 
 .text.z_riscv_switch
                0x00000000200101b8       0x72 zephyr/arch/arch/riscv/core/libarch__riscv__core.a(switch.S.obj)
                0x00000000200101b8                z_riscv_switch
 *fill*         0x000000002001022a        0x2 
 .text.z_riscv_write_pmp_entries
                0x000000002001022c       0xe2 zephyr/arch/arch/riscv/core/libarch__riscv__core.a(pmp.S.obj)
                0x000000002001022c                z_riscv_write_pmp_entries
 .text._OffsetAbsSyms
                0x000000002001030e        0x2 zephyr/CMakeFiles/offsets.dir/./arch/riscv/core/offsets/offsets.c.obj
                0x000000002001030e                _OffsetAbsSyms
 .text.thread_body
                0x0000000020010310       0x44 app/libapp.a(main.c.obj)
 .text.thread_3_fn
                0x0000000020010354        0x6 app/libapp.a(main.c.obj)
 .text.thread_2_fn
                0x000000002001035a        0x6 app/libapp.a(main.c.obj)
 .text.thread_1_fn
                0x0000000020010360        0x6 app/libapp.a(main.c.obj)
 .text.thread_0_fn
                0x0000000020010366        0x6 app/libapp.a(main.c.obj)
 .text.main     0x000000002001036c       0xa4 app/libapp.a(main.c.obj)
                0x000000002001036c                main
 .text.free_list_add_bidx
                0x0000000020010410       0x76 zephyr/libzephyr.a(heap.c.obj)
 .text.free_list_add
                0x0000000020010486       0x2e zephyr/libzephyr.a(heap.c.obj)
 .text.sys_heap_init
                0x00000000200104b4       0xb8 zephyr/libzephyr.a(heap.c.obj)
                0x00000000200104b4                sys_heap_init
 .text.arch_printk_char_out
                0x000000002001056c        0x4 zephyr/libzephyr.a(printk.c.obj)
                0x000000002001056c                arch_printk_char_out
 .text.char_out
                0x0000000020010570       0x14 zephyr/libzephyr.a(printk.c.obj)
 .text.vprintk  0x0000000020010584       0x2e zephyr/libzephyr.a(printk.c.obj)
                0x0000000020010584                vprintk
 .text.printk   0x00000000200105b2       0x1e zephyr/libzephyr.a(printk.c.obj)
                0x00000000200105b2                printk
 .text.__printk_hook_install
                0x00000000200105d0        0xa zephyr/libzephyr.a(printk.c.obj)
                0x00000000200105d0                __printk_hook_install
 .text.z_thread_entry
                0x00000000200105da       0x2e zephyr/libzephyr.a(thread_entry.c.obj)
                0x00000000200105da                z_thread_entry
 .text._ConfigAbsSyms
                0x0000000020010608        0x2 zephyr/libzephyr.a(configs.c.obj)
                0x0000000020010608                _ConfigAbsSyms
 .text.arch_irq_enable
                0x000000002001060a       0x22 zephyr/libzephyr.a(soc_common_irq.c.obj)
                0x000000002001060a                arch_irq_enable
 .text.arch_irq_disable
                0x000000002001062c       0x22 zephyr/libzephyr.a(soc_common_irq.c.obj)
                0x000000002001062c                arch_irq_disable
 .text.z_riscv_irq_priority_set
                0x000000002001064e       0x18 zephyr/libzephyr.a(soc_common_irq.c.obj)
                0x000000002001064e                z_riscv_irq_priority_set
 .text.soc_interrupt_init
                0x0000000020010666        0xe zephyr/libzephyr.a(soc_common_irq.c.obj)
                0x0000000020010666                soc_interrupt_init
 .text.fe310_clock_init
                0x0000000020010674       0x28 zephyr/libzephyr.a(clock.c.obj)
 .text.sys_trace_idle
                0x000000002001069c        0x2 zephyr/libzephyr.a(tracing_none.c.obj)
                0x000000002001069c                sys_trace_idle
 .text.arch_cpu_idle
                0x000000002001069e       0x16 zephyr/arch/arch/riscv/core/libarch__riscv__core.a(cpu_idle.c.obj)
                0x000000002001069e                arch_cpu_idle
 .text.bad_stack_pointer
                0x00000000200106b4        0x4 zephyr/arch/arch/riscv/core/libarch__riscv__core.a(fatal.c.obj)
 .text.z_riscv_fatal_error
                0x00000000200106b8        0x8 zephyr/arch/arch/riscv/core/libarch__riscv__core.a(fatal.c.obj)
                0x00000000200106b8                z_riscv_fatal_error
 .text._Fault   0x00000000200106c0       0x1a zephyr/arch/arch/riscv/core/libarch__riscv__core.a(fatal.c.obj)
                0x00000000200106c0                _Fault
 .text.z_irq_spurious
                0x00000000200106da       0x22 zephyr/arch/arch/riscv/core/libarch__riscv__core.a(irq_manage.c.obj)
                0x00000000200106da                z_irq_spurious
 .text.z_prep_c
                0x00000000200106fc       0x12 zephyr/arch/arch/riscv/core/libarch__riscv__core.a(prep_c.c.obj)
                0x00000000200106fc                z_prep_c
 .text.arch_new_thread
                0x000000002001070e       0x34 zephyr/arch/arch/riscv/core/libarch__riscv__core.a(thread.c.obj)
                0x000000002001070e                arch_new_thread
 .text.set_pmp_entry
                0x0000000020010742       0xe0 zephyr/arch/arch/riscv/core/libarch__riscv__core.a(pmp.c.obj)
 .text.write_pmp_entries
                0x0000000020010822       0x3a zephyr/arch/arch/riscv/core/libarch__riscv__core.a(pmp.c.obj)
 .text.z_riscv_pmp_init
                0x000000002001085c       0x62 zephyr/arch/arch/riscv/core/libarch__riscv__core.a(pmp.c.obj)
                0x000000002001085c                z_riscv_pmp_init
 .text.z_tls_copy
                0x00000000200108be       0x48 zephyr/arch/arch/riscv/core/libarch__riscv__core.a(tls.c.obj)
 .text.arch_tls_stack_setup
                0x0000000020010906       0x52 zephyr/arch/arch/riscv/core/libarch__riscv__core.a(tls.c.obj)
                0x0000000020010906                arch_tls_stack_setup
 .text.z_impl_zephyr_fputc
                0x0000000020010958       0x16 zephyr/lib/libc/picolibc/liblib__libc__picolibc.a(libc-hooks.c.obj)
                0x0000000020010958                z_impl_zephyr_fputc
 .text.picolibc_put
                0x000000002001096e        0xe zephyr/lib/libc/picolibc/liblib__libc__picolibc.a(libc-hooks.c.obj)
 .text.__stdout_hook_install
                0x000000002001097c       0x1e zephyr/lib/libc/picolibc/liblib__libc__picolibc.a(libc-hooks.c.obj)
                0x000000002001097c                __stdout_hook_install
 .text.malloc_prepare
                0x000000002001099a       0x24 zephyr/lib/libc/common/liblib__libc__common.a(malloc.c.obj)
 .text.get_claim_complete_addr
                0x00000000200109be       0x16 zephyr/drivers/interrupt_controller/libdrivers__interrupt_controller.a(intc_plic.c.obj)
 .text.plic_irq_enable_set_state
                0x00000000200109d4       0x54 zephyr/drivers/interrupt_controller/libdrivers__interrupt_controller.a(intc_plic.c.obj)
 .text.plic_init
                0x0000000020010a28       0x78 zephyr/drivers/interrupt_controller/libdrivers__interrupt_controller.a(intc_plic.c.obj)
 .text.plic_irq_config_func_0
                0x0000000020010aa0       0x16 zephyr/drivers/interrupt_controller/libdrivers__interrupt_controller.a(intc_plic.c.obj)
 .text.plic_irq_handler
                0x0000000020010ab6       0x66 zephyr/drivers/interrupt_controller/libdrivers__interrupt_controller.a(intc_plic.c.obj)
 .text.riscv_plic_irq_enable
                0x0000000020010b1c        0xe zephyr/drivers/interrupt_controller/libdrivers__interrupt_controller.a(intc_plic.c.obj)
                0x0000000020010b1c                riscv_plic_irq_enable
 .text.riscv_plic_irq_disable
                0x0000000020010b2a        0xe zephyr/drivers/interrupt_controller/libdrivers__interrupt_controller.a(intc_plic.c.obj)
                0x0000000020010b2a                riscv_plic_irq_disable
 .text.riscv_plic_set_priority
                0x0000000020010b38       0x18 zephyr/drivers/interrupt_controller/libdrivers__interrupt_controller.a(intc_plic.c.obj)
                0x0000000020010b38                riscv_plic_set_priority
 .text.riscv_plic_get_irq
                0x0000000020010b50        0xa zephyr/drivers/interrupt_controller/libdrivers__interrupt_controller.a(intc_plic.c.obj)
                0x0000000020010b50                riscv_plic_get_irq
 .text.riscv_plic_get_dev
                0x0000000020010b5a        0xa zephyr/drivers/interrupt_controller/libdrivers__interrupt_controller.a(intc_plic.c.obj)
                0x0000000020010b5a                riscv_plic_get_dev
 .text.console_out
                0x0000000020010b64       0x44 zephyr/drivers/console/libdrivers__console.a(uart_console.c.obj)
 .text.uart_console_hook_install
                0x0000000020010ba8       0x1e zephyr/drivers/console/libdrivers__console.a(uart_console.c.obj)
 .text.uart_console_init
                0x0000000020010bc6       0x20 zephyr/drivers/console/libdrivers__console.a(uart_console.c.obj)
 .text.sys_slist_remove
                0x0000000020010be6       0x24 zephyr/drivers/gpio/libdrivers__gpio.a(gpio_sifive.c.obj)
 .text.sys_slist_find_and_remove
                0x0000000020010c0a       0x24 zephyr/drivers/gpio/libdrivers__gpio.a(gpio_sifive.c.obj)
 .text.gpio_manage_callback
                0x0000000020010c2e       0x4c zephyr/drivers/gpio/libdrivers__gpio.a(gpio_sifive.c.obj)
 .text.gpio_fire_callbacks
                0x0000000020010c7a       0x4c zephyr/drivers/gpio/libdrivers__gpio.a(gpio_sifive.c.obj)
 .text.gpio_sifive_config
                0x0000000020010cc6       0xb4 zephyr/drivers/gpio/libdrivers__gpio.a(gpio_sifive.c.obj)
 .text.gpio_sifive_port_get_raw
                0x0000000020010d7a        0xc zephyr/drivers/gpio/libdrivers__gpio.a(gpio_sifive.c.obj)
 .text.gpio_sifive_port_set_masked_raw
                0x0000000020010d86       0x12 zephyr/drivers/gpio/libdrivers__gpio.a(gpio_sifive.c.obj)
 .text.gpio_sifive_port_set_bits_raw
                0x0000000020010d98        0xe zephyr/drivers/gpio/libdrivers__gpio.a(gpio_sifive.c.obj)
 .text.gpio_sifive_port_clear_bits_raw
                0x0000000020010da6       0x12 zephyr/drivers/gpio/libdrivers__gpio.a(gpio_sifive.c.obj)
 .text.gpio_sifive_port_toggle_bits
                0x0000000020010db8        0xe zephyr/drivers/gpio/libdrivers__gpio.a(gpio_sifive.c.obj)
 .text.gpio_sifive_manage_callback
                0x0000000020010dc6       0x10 zephyr/drivers/gpio/libdrivers__gpio.a(gpio_sifive.c.obj)
 .text.gpio_sifive_init
                0x0000000020010dd6       0x3c zephyr/drivers/gpio/libdrivers__gpio.a(gpio_sifive.c.obj)
 .text.gpio_sifive_pin_interrupt_configure
                0x0000000020010e12       0xfa zephyr/drivers/gpio/libdrivers__gpio.a(gpio_sifive.c.obj)
 .text.gpio_sifive_cfg_0
                0x0000000020010f0c      0x194 zephyr/drivers/gpio/libdrivers__gpio.a(gpio_sifive.c.obj)
 .text.gpio_sifive_irq_handler
                0x00000000200110a0       0x54 zephyr/drivers/gpio/libdrivers__gpio.a(gpio_sifive.c.obj)
 .text.pinctrl_lookup_state
                0x00000000200110f4       0x2a zephyr/drivers/pinctrl/libdrivers__pinctrl.a(common.c.obj)
                0x00000000200110f4                pinctrl_lookup_state
 .text.pinctrl_sifive_set
                0x000000002001111e       0x4a zephyr/drivers/pinctrl/libdrivers__pinctrl.a(pinctrl_sifive.c.obj)
 .text.pinctrl_configure_pins
                0x0000000020011168       0x36 zephyr/drivers/pinctrl/libdrivers__pinctrl.a(pinctrl_sifive.c.obj)
                0x0000000020011168                pinctrl_configure_pins
 .text.uart_sifive_poll_out
                0x000000002001119e        0xe zephyr/drivers/serial/libdrivers__serial.a(uart_sifive.c.obj)
 .text.uart_sifive_poll_in
                0x00000000200111ac       0x16 zephyr/drivers/serial/libdrivers__serial.a(uart_sifive.c.obj)
 .text.pinctrl_apply_state
                0x00000000200111c2       0x1e zephyr/drivers/serial/libdrivers__serial.a(uart_sifive.c.obj)
 .text.uart_sifive_init
                0x00000000200111e0       0x42 zephyr/drivers/serial/libdrivers__serial.a(uart_sifive.c.obj)
 .text.get_hart_mtimecmp
                0x0000000020011222       0x12 zephyr/drivers/timer/libdrivers__timer.a(riscv_machine_timer.c.obj)
 .text.set_mtimecmp
                0x0000000020011234       0x20 zephyr/drivers/timer/libdrivers__timer.a(riscv_machine_timer.c.obj)
 .text.mtime    0x0000000020011254       0x16 zephyr/drivers/timer/libdrivers__timer.a(riscv_machine_timer.c.obj)
 .text.sys_clock_driver_init
                0x000000002001126a       0x54 zephyr/drivers/timer/libdrivers__timer.a(riscv_machine_timer.c.obj)
 .text.timer_isr
                0x00000000200112be       0x6c zephyr/drivers/timer/libdrivers__timer.a(riscv_machine_timer.c.obj)
 .text.sys_clock_set_timeout
                0x000000002001132a       0x8a zephyr/drivers/timer/libdrivers__timer.a(riscv_machine_timer.c.obj)
                0x000000002001132a                sys_clock_set_timeout
 .text.sys_clock_elapsed
                0x00000000200113b4       0x2e zephyr/drivers/timer/libdrivers__timer.a(riscv_machine_timer.c.obj)
                0x00000000200113b4                sys_clock_elapsed
 .text.z_device_state_init
                0x00000000200113e2       0x1a zephyr/kernel/libkernel.a(device.c.obj)
                0x00000000200113e2                z_device_state_init
 .text.z_device_is_ready
                0x00000000200113fc       0x22 zephyr/kernel/libkernel.a(device.c.obj)
                0x00000000200113fc                z_device_is_ready
 .text.arch_system_halt
                0x000000002001141e        0x6 zephyr/kernel/libkernel.a(fatal.c.obj)
                0x000000002001141e                arch_system_halt
 .text.k_sys_fatal_error_handler
                0x0000000020011424        0x6 zephyr/kernel/libkernel.a(fatal.c.obj)
                0x0000000020011424                k_sys_fatal_error_handler
 .text.z_fatal_error
                0x000000002001142a       0x2e zephyr/kernel/libkernel.a(fatal.c.obj)
                0x000000002001142a                z_fatal_error
 .text.z_sys_init_run_level
                0x0000000020011458       0x82 zephyr/kernel/libkernel.a(init.c.obj)
 .text.init_idle_thread
                0x00000000200114da       0x6e zephyr/kernel/libkernel.a(init.c.obj)
 .text.bg_thread_main
                0x0000000020011548       0x38 zephyr/kernel/libkernel.a(init.c.obj)
 .text.z_swap_unlocked
                0x0000000020011580       0x56 zephyr/kernel/libkernel.a(init.c.obj)
 .text.switch_to_main_thread
                0x00000000200115d6        0x6 zephyr/kernel/libkernel.a(init.c.obj)
 .text.z_early_memset
                0x00000000200115dc        0xe zephyr/kernel/libkernel.a(init.c.obj)
                0x00000000200115dc                z_early_memset
 .text.z_early_memcpy
                0x00000000200115ea        0xe zephyr/kernel/libkernel.a(init.c.obj)
                0x00000000200115ea                z_early_memcpy
 .text.z_bss_zero
                0x00000000200115f8       0x26 zephyr/kernel/libkernel.a(init.c.obj)
                0x00000000200115f8                z_bss_zero
 .text.z_init_cpu
                0x000000002001161e       0x6a zephyr/kernel/libkernel.a(init.c.obj)
                0x000000002001161e                z_init_cpu
 .text.prepare_multithreading
                0x0000000020011688       0x78 zephyr/kernel/libkernel.a(init.c.obj)
 .text.z_cstart
                0x0000000020011700       0x38 zephyr/kernel/libkernel.a(init.c.obj)
                0x0000000020011700                z_cstart
 .text.setup_thread_stack
                0x0000000020011738       0x4c zephyr/kernel/libkernel.a(thread.c.obj)
 .text.z_thread_monitor_exit
                0x0000000020011784       0x42 zephyr/kernel/libkernel.a(thread.c.obj)
                0x0000000020011784                z_thread_monitor_exit
 .text.z_impl_k_thread_name_set
                0x00000000200117c6       0x2e zephyr/kernel/libkernel.a(thread.c.obj)
                0x00000000200117c6                z_impl_k_thread_name_set
 .text.z_check_stack_sentinel
                0x00000000200117f4       0x38 zephyr/kernel/libkernel.a(thread.c.obj)
                0x00000000200117f4                z_check_stack_sentinel
 .text.z_impl_k_thread_start
                0x000000002001182c        0xc zephyr/kernel/libkernel.a(thread.c.obj)
                0x000000002001182c                z_impl_k_thread_start
 .text.schedule_new_thread
                0x0000000020011838       0x26 zephyr/kernel/libkernel.a(thread.c.obj)
 .text.z_init_thread_base
                0x000000002001185e       0x1e zephyr/kernel/libkernel.a(thread.c.obj)
                0x000000002001185e                z_init_thread_base
 .text.z_setup_new_thread
                0x000000002001187c       0xc4 zephyr/kernel/libkernel.a(thread.c.obj)
                0x000000002001187c                z_setup_new_thread
 .text.z_impl_k_thread_create
                0x0000000020011940       0x38 zephyr/kernel/libkernel.a(thread.c.obj)
                0x0000000020011940                z_impl_k_thread_create
 .text.z_init_static_threads
                0x0000000020011978       0x7c zephyr/kernel/libkernel.a(thread.c.obj)
                0x0000000020011978                z_init_static_threads
 .text.sliceable
                0x00000000200119f4       0x52 zephyr/kernel/libkernel.a(sched.c.obj)
 .text.slice_timeout
                0x0000000020011a46       0x2c zephyr/kernel/libkernel.a(sched.c.obj)
 .text.thread_active_elsewhere
                0x0000000020011a72        0x4 zephyr/kernel/libkernel.a(sched.c.obj)
 .text.pended_on_thread
                0x0000000020011a76        0x4 zephyr/kernel/libkernel.a(sched.c.obj)
 .text.z_sched_prio_cmp
                0x0000000020011a7a       0x14 zephyr/kernel/libkernel.a(sched.c.obj)
                0x0000000020011a7a                z_sched_prio_cmp
 .text.z_reset_time_slice
                0x0000000020011a8e       0x6e zephyr/kernel/libkernel.a(sched.c.obj)
                0x0000000020011a8e                z_reset_time_slice
 .text.k_sched_lock
                0x0000000020011afc       0x2a zephyr/kernel/libkernel.a(sched.c.obj)
                0x0000000020011afc                k_sched_lock
 .text.z_swap_next_thread
                0x0000000020011b26        0xc zephyr/kernel/libkernel.a(sched.c.obj)
                0x0000000020011b26                z_swap_next_thread
 .text.z_swap_irqlock
                0x0000000020011b32       0x62 zephyr/kernel/libkernel.a(sched.c.obj)
 .text.z_reschedule_irqlock
                0x0000000020011b94       0x32 zephyr/kernel/libkernel.a(sched.c.obj)
                0x0000000020011b94                z_reschedule_irqlock
 .text.z_swap   0x0000000020011bc6       0x70 zephyr/kernel/libkernel.a(sched.c.obj)
 .text.z_reschedule
                0x0000000020011c36       0x32 zephyr/kernel/libkernel.a(sched.c.obj)
                0x0000000020011c36                z_reschedule
 .text.z_get_next_switch_handle
                0x0000000020011c68       0x28 zephyr/kernel/libkernel.a(sched.c.obj)
                0x0000000020011c68                z_get_next_switch_handle
 .text.z_priq_dumb_remove
                0x0000000020011c90       0x12 zephyr/kernel/libkernel.a(sched.c.obj)
                0x0000000020011c90                z_priq_dumb_remove
 .text.unpend_thread_no_timeout
                0x0000000020011ca2       0x24 zephyr/kernel/libkernel.a(sched.c.obj)
 .text.z_priq_dumb_best
                0x0000000020011cc6        0xe zephyr/kernel/libkernel.a(sched.c.obj)
                0x0000000020011cc6                z_priq_dumb_best
 .text.update_cache
                0x0000000020011cd4       0x76 zephyr/kernel/libkernel.a(sched.c.obj)
 .text.move_thread_to_end_of_prio_q
                0x0000000020011d4a       0xb8 zephyr/kernel/libkernel.a(sched.c.obj)
 .text.z_time_slice
                0x0000000020011e02       0x52 zephyr/kernel/libkernel.a(sched.c.obj)
                0x0000000020011e02                z_time_slice
 .text.ready_thread
                0x0000000020011e54       0xa6 zephyr/kernel/libkernel.a(sched.c.obj)
 .text.z_ready_thread
                0x0000000020011efa       0x36 zephyr/kernel/libkernel.a(sched.c.obj)
                0x0000000020011efa                z_ready_thread
 .text.z_sched_start
                0x0000000020011f30       0x38 zephyr/kernel/libkernel.a(sched.c.obj)
                0x0000000020011f30                z_sched_start
 .text.unpend_all
                0x0000000020011f68       0x30 zephyr/kernel/libkernel.a(sched.c.obj)
 .text.z_sched_wake_thread
                0x0000000020011f98       0x5c zephyr/kernel/libkernel.a(sched.c.obj)
                0x0000000020011f98                z_sched_wake_thread
 .text.z_thread_timeout
                0x0000000020011ff4       0x10 zephyr/kernel/libkernel.a(sched.c.obj)
                0x0000000020011ff4                z_thread_timeout
 .text.unready_thread
                0x0000000020012004       0x46 zephyr/kernel/libkernel.a(sched.c.obj)
 .text.k_sched_unlock
                0x000000002001204a       0x42 zephyr/kernel/libkernel.a(sched.c.obj)
                0x000000002001204a                k_sched_unlock
 .text.halt_thread
                0x000000002001208c       0x7c zephyr/kernel/libkernel.a(sched.c.obj)
 .text.z_thread_halt
                0x0000000020012108       0x50 zephyr/kernel/libkernel.a(sched.c.obj)
 .text.z_impl_k_thread_suspend
                0x0000000020012158       0x2e zephyr/kernel/libkernel.a(sched.c.obj)
                0x0000000020012158                z_impl_k_thread_suspend
 .text.init_ready_q
                0x0000000020012186        0xa zephyr/kernel/libkernel.a(sched.c.obj)
                0x0000000020012186                init_ready_q
 .text.z_sched_init
                0x0000000020012190       0x14 zephyr/kernel/libkernel.a(sched.c.obj)
                0x0000000020012190                z_sched_init
 .text.z_impl_k_yield
                0x00000000200121a4       0xba zephyr/kernel/libkernel.a(sched.c.obj)
                0x00000000200121a4                z_impl_k_yield
 .text.z_tick_sleep
                0x000000002001225e       0xac zephyr/kernel/libkernel.a(sched.c.obj)
 .text.z_impl_k_sleep
                0x000000002001230a       0x4c zephyr/kernel/libkernel.a(sched.c.obj)
                0x000000002001230a                z_impl_k_sleep
 .text.z_impl_k_sched_current_thread_query
                0x0000000020012356        0xc zephyr/kernel/libkernel.a(sched.c.obj)
                0x0000000020012356                z_impl_k_sched_current_thread_query
 .text.z_thread_abort
                0x0000000020012362       0x3a zephyr/kernel/libkernel.a(sched.c.obj)
                0x0000000020012362                z_thread_abort
 .text.z_impl_k_thread_abort
                0x000000002001239c        0xc zephyr/kernel/libkernel.a(sched.c.obj)
                0x000000002001239c                z_impl_k_thread_abort
 .text.idle     0x00000000200123a8        0xe zephyr/kernel/libkernel.a(idle.c.obj)
                0x00000000200123a8                idle
 .text.z_data_copy
                0x00000000200123b6       0x42 zephyr/kernel/libkernel.a(xip.c.obj)
                0x00000000200123b6                z_data_copy
 .text.first    0x00000000200123f8       0x14 zephyr/kernel/libkernel.a(timeout.c.obj)
 .text.next     0x000000002001240c       0x18 zephyr/kernel/libkernel.a(timeout.c.obj)
 .text.remove_timeout
                0x0000000020012424       0x3a zephyr/kernel/libkernel.a(timeout.c.obj)
 .text.elapsed  0x000000002001245e       0x1c zephyr/kernel/libkernel.a(timeout.c.obj)
 .text.next_timeout
                0x000000002001247a       0x4c zephyr/kernel/libkernel.a(timeout.c.obj)
 .text.z_add_timeout
                0x00000000200124c6      0x122 zephyr/kernel/libkernel.a(timeout.c.obj)
                0x00000000200124c6                z_add_timeout
 .text.z_abort_timeout
                0x00000000200125e8       0x3a zephyr/kernel/libkernel.a(timeout.c.obj)
                0x00000000200125e8                z_abort_timeout
 .text.sys_clock_announce
                0x0000000020012622      0x100 zephyr/kernel/libkernel.a(timeout.c.obj)
                0x0000000020012622                sys_clock_announce
 .text.sys_clock_tick_get
                0x0000000020012722       0x44 zephyr/kernel/libkernel.a(timeout.c.obj)
                0x0000000020012722                sys_clock_tick_get
 .text.sys_clock_tick_get_32
                0x0000000020012766        0xc zephyr/kernel/libkernel.a(timeout.c.obj)
                0x0000000020012766                sys_clock_tick_get_32
 .text.z_impl_atomic_add
                0x0000000020012772       0x16 zephyr/kernel/libkernel.a(atomic_c.c.obj)
                0x0000000020012772                z_impl_atomic_add
 .text.boot_banner
                0x0000000020012788       0x16 zephyr/kernel/libkernel.a(banner.c.obj)
                0x0000000020012788                boot_banner
 .text.strncpy  0x000000002001279e       0x28 /opt/zephyr-sdk-0.16.5/riscv64-zephyr-elf/bin/../lib/gcc/../../picolibc/riscv64-zephyr-elf/lib/rv32imac_zicsr_zifencei/ilp32/libc.a(libc_string_strncpy.c.o)
                0x000000002001279e                strncpy
 .text.strnlen  0x00000000200127c6       0x18 /opt/zephyr-sdk-0.16.5/riscv64-zephyr-elf/bin/../lib/gcc/../../picolibc/riscv64-zephyr-elf/lib/rv32imac_zicsr_zifencei/ilp32/libc.a(libc_string_strnlen.c.o)
                0x00000000200127c6                strnlen
 .text.__ultoa_invert
                0x00000000200127de      0x110 /opt/zephyr-sdk-0.16.5/riscv64-zephyr-elf/bin/../lib/gcc/../../picolibc/riscv64-zephyr-elf/lib/rv32imac_zicsr_zifencei/ilp32/libc.a(libc_tinystdio_vflprintf.c.o)
 .text.__l_vfprintf
                0x00000000200128ee      0x500 /opt/zephyr-sdk-0.16.5/riscv64-zephyr-elf/bin/../lib/gcc/../../picolibc/riscv64-zephyr-elf/lib/rv32imac_zicsr_zifencei/ilp32/libc.a(libc_tinystdio_vflprintf.c.o)
                0x00000000200128ee                __l_vfprintf
 .text.memcpy   0x0000000020012dee       0x16 /opt/zephyr-sdk-0.16.5/riscv64-zephyr-elf/bin/../lib/gcc/../../picolibc/riscv64-zephyr-elf/lib/rv32imac_zicsr_zifencei/ilp32/libc.a(memcpy-asm.S.o)
                0x0000000020012dee                memcpy
 .text.memset   0x0000000020012e04       0x10 /opt/zephyr-sdk-0.16.5/riscv64-zephyr-elf/bin/../lib/gcc/../../picolibc/riscv64-zephyr-elf/lib/rv32imac_zicsr_zifencei/ilp32/libc.a(memset.S.o)
                0x0000000020012e04                memset
 *(SORT_BY_ALIGNMENT(.gnu.linkonce.t.*))
                0x0000000020012e14                __text_region_end = .
                0x0000000020012e14                __rodata_region_start = .

initlevel       0x0000000020012e14       0x38
                0x0000000020012e14                __init_start = .
                0x0000000020012e14                __init_EARLY_start = .
 *(SORT_BY_NAME(SORT_BY_ALIGNMENT(.z_init_EARLY?_*)))
 *(SORT_BY_NAME(SORT_BY_ALIGNMENT(.z_init_EARLY??_*)))
                0x0000000020012e14                __init_PRE_KERNEL_1_start = .
 *(SORT_BY_NAME(SORT_BY_ALIGNMENT(.z_init_PRE_KERNEL_1?_*)))
 *(SORT_BY_NAME(SORT_BY_ALIGNMENT(.z_init_PRE_KERNEL_1??_*)))
 .z_init_PRE_KERNEL_140_00011_
                0x0000000020012e14        0x8 zephyr/drivers/interrupt_controller/libdrivers__interrupt_controller.a(intc_plic.c.obj)
 .z_init_PRE_KERNEL_140_00012_
                0x0000000020012e1c        0x8 zephyr/drivers/gpio/libdrivers__gpio.a(gpio_sifive.c.obj)
 .z_init_PRE_KERNEL_140_0_
                0x0000000020012e24        0x8 zephyr/libzephyr.a(clock.c.obj)
 .z_init_PRE_KERNEL_150_00036_
                0x0000000020012e2c        0x8 zephyr/drivers/serial/libdrivers__serial.a(uart_sifive.c.obj)
 .z_init_PRE_KERNEL_160_0_
                0x0000000020012e34        0x8 zephyr/drivers/console/libdrivers__console.a(uart_console.c.obj)
                0x0000000020012e3c                __init_PRE_KERNEL_2_start = .
 *(SORT_BY_NAME(SORT_BY_ALIGNMENT(.z_init_PRE_KERNEL_2?_*)))
 .z_init_PRE_KERNEL_20_0_
                0x0000000020012e3c        0x8 zephyr/drivers/timer/libdrivers__timer.a(riscv_machine_timer.c.obj)
 *(SORT_BY_NAME(SORT_BY_ALIGNMENT(.z_init_PRE_KERNEL_2??_*)))
                0x0000000020012e44                __init_POST_KERNEL_start = .
 *(SORT_BY_NAME(SORT_BY_ALIGNMENT(.z_init_POST_KERNEL?_*)))
 *(SORT_BY_NAME(SORT_BY_ALIGNMENT(.z_init_POST_KERNEL??_*)))
 .z_init_POST_KERNEL40_0_
                0x0000000020012e44        0x8 zephyr/lib/libc/common/liblib__libc__common.a(malloc.c.obj)
                0x0000000020012e4c                __init_APPLICATION_start = .
 *(SORT_BY_NAME(SORT_BY_ALIGNMENT(.z_init_APPLICATION?_*)))
 *(SORT_BY_NAME(SORT_BY_ALIGNMENT(.z_init_APPLICATION??_*)))
                0x0000000020012e4c                __init_SMP_start = .
 *(SORT_BY_NAME(SORT_BY_ALIGNMENT(.z_init_SMP?_*)))
 *(SORT_BY_NAME(SORT_BY_ALIGNMENT(.z_init_SMP??_*)))
                0x0000000020012e4c                __init_end = .

device_area     0x0000000020012e4c       0x3c
                0x0000000020012e4c                _device_list_start = .
 *(SORT_BY_NAME(SORT_BY_ALIGNMENT(._device.static.*_?_*)))
 *(SORT_BY_NAME(SORT_BY_ALIGNMENT(._device.static.*_??_*)))
 ._device.static.1_40_
                0x0000000020012e4c       0x14 zephyr/drivers/interrupt_controller/libdrivers__interrupt_controller.a(intc_plic.c.obj)
                0x0000000020012e4c                __device_dts_ord_11
 ._device.static.1_40_
                0x0000000020012e60       0x14 zephyr/drivers/gpio/libdrivers__gpio.a(gpio_sifive.c.obj)
                0x0000000020012e60                __device_dts_ord_12
 ._device.static.1_50_
                0x0000000020012e74       0x14 zephyr/drivers/serial/libdrivers__serial.a(uart_sifive.c.obj)
                0x0000000020012e74                __device_dts_ord_36
                0x0000000020012e88                _device_list_end = .

sw_isr_table    0x0000000020012e88      0x200
                0x0000000020012e88                . = ALIGN (0x4)
 *(SORT_BY_ALIGNMENT(.gnu.linkonce.sw_isr_table*))
 .gnu.linkonce.sw_isr_table
                0x0000000020012e88      0x200 zephyr/CMakeFiles/zephyr_final.dir/isr_tables.c.obj
                0x0000000020012e88                _sw_isr_table

initlevel_error
                0x0000000020012e14        0x0
 *(SORT_BY_NAME(SORT_BY_ALIGNMENT(.z_init_[_A-Z0-9]*)))
                0x0000000000000001                ASSERT ((SIZEOF (initlevel_error) == 0x0), Undefined initialization levels used.)

app_shmem_regions
                0x0000000020013088        0x0
                0x0000000020013088                __app_shmem_regions_start = .
 *(SORT_BY_NAME(SORT_BY_ALIGNMENT(.app_regions.*)))
                0x0000000020013088                __app_shmem_regions_end = .

k_p4wq_initparam_area
                0x0000000020013088        0x0
                0x0000000020013088                _k_p4wq_initparam_list_start = .
 *(SORT_BY_NAME(SORT_BY_ALIGNMENT(._k_p4wq_initparam.static.*)))
                0x0000000020013088                _k_p4wq_initparam_list_end = .

_static_thread_data_area
                0x0000000020013088        0x0
                0x0000000020013088                __static_thread_data_list_start = .
 *(SORT_BY_NAME(SORT_BY_ALIGNMENT(.__static_thread_data.static.*)))
                0x0000000020013088                __static_thread_data_list_end = .

device_deps     0x0000000020013088        0x0
                0x0000000020013088                __device_deps_start = .
 *(SORT_BY_NAME(SORT_BY_ALIGNMENT(.__device_deps_pass2*)))
                0x0000000020013088                __device_deps_end = .

ztest           0x0000000020013088        0x0
                0x0000000020013088                _ztest_expected_result_entry_list_start = .
 *(SORT_BY_NAME(SORT_BY_ALIGNMENT(._ztest_expected_result_entry.static.*)))
                0x0000000020013088                _ztest_expected_result_entry_list_end = .
                0x0000000020013088                _ztest_suite_node_list_start = .
 *(SORT_BY_NAME(SORT_BY_ALIGNMENT(._ztest_suite_node.static.*)))
                0x0000000020013088                _ztest_suite_node_list_end = .
                0x0000000020013088                _ztest_unit_test_list_start = .
 *(SORT_BY_NAME(SORT_BY_ALIGNMENT(._ztest_unit_test.static.*)))
                0x0000000020013088                _ztest_unit_test_list_end = .
                0x0000000020013088                _ztest_test_rule_list_start = .
 *(SORT_BY_NAME(SORT_BY_ALIGNMENT(._ztest_test_rule.static.*)))
                0x0000000020013088                _ztest_test_rule_list_end = .

bt_l2cap_fixed_chan_area
                0x0000000020013088        0x0
                0x0000000020013088                _bt_l2cap_fixed_chan_list_start = .
 *(SORT_BY_NAME(SORT_BY_ALIGNMENT(._bt_l2cap_fixed_chan.static.*)))
                0x0000000020013088                _bt_l2cap_fixed_chan_list_end = .

bt_gatt_service_static_area
                0x0000000020013088        0x0
                0x0000000020013088                _bt_gatt_service_static_list_start = .
 *(SORT_BY_NAME(SORT_BY_ALIGNMENT(._bt_gatt_service_static.static.*)))
                0x0000000020013088                _bt_gatt_service_static_list_end = .

log_strings_area
                0x0000000020013088        0x0
                0x0000000020013088                _log_strings_list_start = .
 *(SORT_BY_NAME(SORT_BY_ALIGNMENT(._log_strings.static.*)))
                0x0000000020013088                _log_strings_list_end = .

log_const_area  0x0000000020013088        0x0
                0x0000000020013088                _log_const_list_start = .
 *(SORT_BY_NAME(SORT_BY_ALIGNMENT(._log_const.static.*)))
                0x0000000020013088                _log_const_list_end = .

log_backend_area
                0x0000000020013088        0x0
                0x0000000020013088                _log_backend_list_start = .
 *(SORT_BY_NAME(SORT_BY_ALIGNMENT(._log_backend.static.*)))
                0x0000000020013088                _log_backend_list_end = .

log_link_area   0x0000000020013088        0x0
                0x0000000020013088                _log_link_list_start = .
 *(SORT_BY_NAME(SORT_BY_ALIGNMENT(._log_link.static.*)))
                0x0000000020013088                _log_link_list_end = .

tracing_backend_area
                0x0000000020013088        0x0
                0x0000000020013088                _tracing_backend_list_start = .
 *(SORT_BY_NAME(SORT_BY_ALIGNMENT(._tracing_backend.static.*)))
                0x0000000020013088                _tracing_backend_list_end = .

zephyr_dbg_info
                0x0000000020013088       0x44
 *(SORT_BY_ALIGNMENT(.dbg_thread_info))
 .dbg_thread_info
                0x0000000020013088       0x44 zephyr/libzephyr.a(thread_info.c.obj)
                0x0000000020013088                _kernel_openocd_size_t_size
                0x0000000020013088                _kernel_thread_info_size_t_size
                0x000000002001308c                _kernel_thread_info_num_offsets
                0x000000002001308c                _kernel_openocd_num_offsets
                0x0000000020013090                _kernel_thread_info_offsets
                0x0000000020013090                _kernel_openocd_offsets

symbol_to_keep  0x00000000200130cc        0x0
                0x00000000200130cc                __symbol_to_keep_start = .
 *(SORT_BY_NAME(SORT_BY_ALIGNMENT(.symbol_to_keep*)))
                0x00000000200130cc                __symbol_to_keep_end = .

shell_area      0x00000000200130cc        0x0
                0x00000000200130cc                _shell_list_start = .
 *(SORT_BY_NAME(SORT_BY_ALIGNMENT(._shell.static.*)))
                0x00000000200130cc                _shell_list_end = .

shell_root_cmds_area
                0x00000000200130cc        0x0
                0x00000000200130cc                _shell_root_cmds_list_start = .
 *(SORT_BY_NAME(SORT_BY_ALIGNMENT(._shell_root_cmds.static.*)))
                0x00000000200130cc                _shell_root_cmds_list_end = .

shell_subcmds_area
                0x00000000200130cc        0x0
                0x00000000200130cc                _shell_subcmds_list_start = .
 *(SORT_BY_NAME(SORT_BY_ALIGNMENT(._shell_subcmds.static.*)))
                0x00000000200130cc                _shell_subcmds_list_end = .

shell_dynamic_subcmds_area
                0x00000000200130cc        0x0
                0x00000000200130cc                _shell_dynamic_subcmds_list_start = .
 *(SORT_BY_NAME(SORT_BY_ALIGNMENT(._shell_dynamic_subcmds.static.*)))
                0x00000000200130cc                _shell_dynamic_subcmds_list_end = .

cfb_font_area   0x00000000200130cc        0x0
                0x00000000200130cc                _cfb_font_list_start = .
 *(SORT_BY_NAME(SORT_BY_ALIGNMENT(._cfb_font.static.*)))
                0x00000000200130cc                _cfb_font_list_end = .

tdata           0x00000000200130cc        0x0
 *(SORT_BY_ALIGNMENT(.tdata) SORT_BY_ALIGNMENT(.tdata.*) SORT_BY_ALIGNMENT(.gnu.linkonce.td.*))

tbss            0x00000000200130cc        0x4
 *(SORT_BY_ALIGNMENT(.tbss) SORT_BY_ALIGNMENT(.tbss.*) SORT_BY_ALIGNMENT(.gnu.linkonce.tb.*) SORT_BY_ALIGNMENT(.tcommon))
 .tbss.z_tls_current
                0x00000000200130cc        0x4 zephyr/libzephyr.a(thread_entry.c.obj)
                0x00000000200130cc                z_tls_current
                0x00000000200130cc                PROVIDE (__tdata_start = LOADADDR (tdata))
                0x0000000000000000                PROVIDE (__tdata_size = SIZEOF (tdata))
                [!provide]                        PROVIDE (__tdata_end = (__tdata_start + __tdata_size))
                0x0000000000000001                PROVIDE (__tdata_align = ALIGNOF (tdata))
                [!provide]                        PROVIDE (__tbss_start = ADDR (tbss))
                0x0000000000000004                PROVIDE (__tbss_size = SIZEOF (tbss))
                [!provide]                        PROVIDE (__tbss_end = (__tbss_start + __tbss_size))
                0x0000000000000004                PROVIDE (__tbss_align = ALIGNOF (tbss))
                [!provide]                        PROVIDE (__tls_start = __tdata_start)
                [!provide]                        PROVIDE (__tls_end = __tbss_end)
                [!provide]                        PROVIDE (__tls_size = (__tbss_end - __tdata_start))

rodata          0x00000000200130d0      0x3a8
                0x00000000200130d0                . = ALIGN (0x4)
 *(SORT_BY_ALIGNMENT(.srodata))
 *(SORT_BY_ALIGNMENT(.srodata.*))
 .srodata.__pinctrl_dev_config__device_dts_ord_36
                0x00000000200130d0        0x8 zephyr/drivers/serial/libdrivers__serial.a(uart_sifive.c.obj)
 .srodata.__pinctrl_states__device_dts_ord_36
                0x00000000200130d8        0x8 zephyr/drivers/serial/libdrivers__serial.a(uart_sifive.c.obj)
 .srodata.__pinctrl_state_pins_0__device_dts_ord_36
                0x00000000200130e0        0x4 zephyr/drivers/serial/libdrivers__serial.a(uart_sifive.c.obj)
 *(SORT_BY_ALIGNMENT(.rodata))
 .rodata        0x00000000200130e4      0x100 /opt/zephyr-sdk-0.16.5/riscv64-zephyr-elf/bin/../lib/gcc/riscv64-zephyr-elf/12.2.0/rv32imac_zicsr_zifencei/ilp32/libgcc.a(_clz.o)
                0x00000000200130e4                __clz_tab
 *(SORT_BY_ALIGNMENT(.rodata.*))
 *fill*         0x00000000200131e4        0x4 
 .rodata.cfgs   0x00000000200131e8       0x40 app/libapp.a(main.c.obj)
 .rodata.thread_body.str1.4
                0x0000000020013228       0x1e app/libapp.a(main.c.obj)
 *fill*         0x0000000020013246        0x2 
 .rodata.main.str1.4
                0x0000000020013248       0x44 app/libapp.a(main.c.obj)
 .rodata.entry_fns
                0x000000002001328c       0x10 app/libapp.a(main.c.obj)
 .rodata.str1.4
                0x000000002001329c       0x2d app/libapp.a(main.c.obj)
 *fill*         0x00000000200132c9        0x3 
 .rodata.str1.4
                0x00000000200132cc       0x1d zephyr/drivers/interrupt_controller/libdrivers__interrupt_controller.a(intc_plic.c.obj)
 *fill*         0x00000000200132e9        0x3 
 .rodata.plic_config_0
                0x00000000200132ec       0x1c zephyr/drivers/interrupt_controller/libdrivers__interrupt_controller.a(intc_plic.c.obj)
 .rodata.str1.4
                0x0000000020013308        0xe zephyr/drivers/gpio/libdrivers__gpio.a(gpio_sifive.c.obj)
 *fill*         0x0000000020013316        0x2 
 .rodata.gpio_sifive_config0
                0x0000000020013318       0x10 zephyr/drivers/gpio/libdrivers__gpio.a(gpio_sifive.c.obj)
 .rodata.gpio_sifive_driver
                0x0000000020013328       0x24 zephyr/drivers/gpio/libdrivers__gpio.a(gpio_sifive.c.obj)
 .rodata.str1.4
                0x000000002001334c       0x10 zephyr/drivers/serial/libdrivers__serial.a(uart_sifive.c.obj)
 .rodata.uart_sifive_dev_cfg_0
                0x000000002001335c       0x18 zephyr/drivers/serial/libdrivers__serial.a(uart_sifive.c.obj)
 .rodata.uart_sifive_driver_api
                0x0000000020013374       0x14 zephyr/drivers/serial/libdrivers__serial.a(uart_sifive.c.obj)
 .rodata.init_idle_thread.str1.4
                0x0000000020013388        0x5 zephyr/kernel/libkernel.a(init.c.obj)
 *fill*         0x000000002001338d        0x3 
 .rodata.prepare_multithreading.str1.4
                0x0000000020013390        0x5 zephyr/kernel/libkernel.a(init.c.obj)
 *fill*         0x0000000020013395        0x3 
 .rodata.levels.0
                0x0000000020013398       0x18 zephyr/kernel/libkernel.a(init.c.obj)
 .rodata.boot_banner.str1.4
                0x00000000200133b0       0x28 zephyr/kernel/libkernel.a(banner.c.obj)
 .rodata.__l_vfprintf.str1.4
                0x00000000200133d8       0x10 /opt/zephyr-sdk-0.16.5/riscv64-zephyr-elf/bin/../lib/gcc/../../picolibc/riscv64-zephyr-elf/lib/rv32imac_zicsr_zifencei/ilp32/libc.a(libc_tinystdio_vflprintf.c.o)
 .rodata.__l_vfprintf
                0x00000000200133e8       0x90 /opt/zephyr-sdk-0.16.5/riscv64-zephyr-elf/bin/../lib/gcc/../../picolibc/riscv64-zephyr-elf/lib/rv32imac_zicsr_zifencei/ilp32/libc.a(libc_tinystdio_vflprintf.c.o)
 *(SORT_BY_ALIGNMENT(.gnu.linkonce.r.*))
 *(SORT_BY_ALIGNMENT(.sdata2) SORT_BY_ALIGNMENT(.sdata2.*) SORT_BY_ALIGNMENT(.gnu.linkonce.s2.*))
                0x0000000020013478                . = ALIGN (0x4)
                0x0000000020013478                __rodata_region_end = .
                0x0000000080000000                . = 0x80000000
                0x0000000080000000                _image_ram_start = .

.ramfunc        0x0000000080000000        0x0 load address 0x0000000020013478
                0x0000000080000000                . = ALIGN (0x4)
                0x0000000080000000                . = ALIGN ((0x1 << LOG2CEIL (__ramfunc_size)))
                0x0000000080000000                __ramfunc_start = .
 *(SORT_BY_ALIGNMENT(.ramfunc))
 *(SORT_BY_ALIGNMENT(.ramfunc.*))
                0x0000000080000000                . = ALIGN (0x4)
                0x0000000080000000                . = ALIGN ((0x1 << LOG2CEIL (__ramfunc_size)))
                0x0000000080000000                __ramfunc_end = .
                0x0000000000000000                __ramfunc_size = (__ramfunc_end - __ramfunc_start)
                0x0000000020013478                __ramfunc_load_start = LOADADDR (.ramfunc)

bss             0x0000000080000000      0x554
                0x0000000080000000                . = ALIGN (0x4)
                0x0000000080000000                . = ALIGN (0x4)
                0x0000000080000000                __bss_start = .
                0x0000000080000000                __kernel_ram_start = .
 *(SORT_BY_ALIGNMENT(.sbss))
 *(SORT_BY_ALIGNMENT(.sbss.*))
 .sbss.last_ticks
                0x0000000080000000        0x8 zephyr/drivers/timer/libdrivers__timer.a(riscv_machine_timer.c.obj)
 .sbss.last_count
                0x0000000080000008        0x8 zephyr/drivers/timer/libdrivers__timer.a(riscv_machine_timer.c.obj)
 .sbss.curr_tick
                0x0000000080000010        0x8 zephyr/kernel/libkernel.a(timeout.c.obj)
 .sbss.global_pmp_end_index
                0x0000000080000018        0x4 zephyr/arch/arch/riscv/core/libarch__riscv__core.a(pmp.c.obj)
 .sbss.global_pmp_last_addr
                0x000000008000001c        0x4 zephyr/arch/arch/riscv/core/libarch__riscv__core.a(pmp.c.obj)
 .sbss.global_pmp_cfg
                0x0000000080000020        0x4 zephyr/arch/arch/riscv/core/libarch__riscv__core.a(pmp.c.obj)
 .sbss._stdout_hook
                0x0000000080000024        0x4 zephyr/lib/libc/picolibc/liblib__libc__picolibc.a(libc-hooks.c.obj)
 .sbss.save_dev
                0x0000000080000028        0x4 zephyr/drivers/interrupt_controller/libdrivers__interrupt_controller.a(intc_plic.c.obj)
 .sbss.save_irq
                0x000000008000002c        0x4 zephyr/drivers/interrupt_controller/libdrivers__interrupt_controller.a(intc_plic.c.obj)
 .sbss.last_elapsed
                0x0000000080000030        0x4 zephyr/drivers/timer/libdrivers__timer.a(riscv_machine_timer.c.obj)
 .sbss._cpus_active
                0x0000000080000034        0x4 zephyr/kernel/libkernel.a(init.c.obj)
                0x0000000080000034                _cpus_active
 .sbss.slice_expired
                0x0000000080000038        0x1 zephyr/kernel/libkernel.a(sched.c.obj)
 *fill*         0x0000000080000039        0x3 
 .sbss.slice_max_prio
                0x000000008000003c        0x4 zephyr/kernel/libkernel.a(sched.c.obj)
 .sbss.slice_ticks
                0x0000000080000040        0x4 zephyr/kernel/libkernel.a(sched.c.obj)
 .sbss.announce_remaining
                0x0000000080000044        0x4 zephyr/kernel/libkernel.a(timeout.c.obj)
 .sbss.z_sys_post_kernel
                0x0000000080000048        0x1 zephyr/kernel/libkernel.a(init.c.obj)
                0x0000000080000048                z_sys_post_kernel
 *(SORT_BY_ALIGNMENT(.bss))
 *(SORT_BY_ALIGNMENT(.bss.*))
 *fill*         0x0000000080000049        0x7 
 .bss.threads   0x0000000080000050      0x320 app/libapp.a(main.c.obj)
 .bss.z_idle_threads
                0x0000000080000370       0xc8 zephyr/kernel/libkernel.a(init.c.obj)
                0x0000000080000370                z_idle_threads
 .bss.z_main_thread
                0x0000000080000438       0xc8 zephyr/kernel/libkernel.a(init.c.obj)
                0x0000000080000438                z_main_thread
 .bss.slice_timeouts
                0x0000000080000500       0x18 zephyr/kernel/libkernel.a(sched.c.obj)
 .bss.z_malloc_heap
                0x0000000080000518        0xc zephyr/lib/libc/common/liblib__libc__common.a(malloc.c.obj)
 .bss.gpio_sifive_data0
                0x0000000080000524        0xc zephyr/drivers/gpio/libdrivers__gpio.a(gpio_sifive.c.obj)
 .bss.uart_sifive_data_0
                0x0000000080000530        0x0 zephyr/drivers/serial/libdrivers__serial.a(uart_sifive.c.obj)
 .bss._kernel   0x0000000080000530       0x24 zephyr/kernel/libkernel.a(init.c.obj)
                0x0000000080000530                _kernel
 .bss.sched_spinlock
                0x0000000080000554        0x0 zephyr/kernel/libkernel.a(sched.c.obj)
                0x0000000080000554                sched_spinlock
 *(SORT_BY_ALIGNMENT(COMMON))
                0x0000000080000554                __bss_end = ALIGN (0x4)

noinit          0x0000000080000560     0x2e00
 *(SORT_BY_ALIGNMENT(.noinit))
 *(SORT_BY_ALIGNMENT(.noinit.*))
 .noinit."WEST_TOPDIR/hello_hifive/src/main.c".0
                0x0000000080000560     0x2000 app/libapp.a(main.c.obj)
                0x0000000080000560                stacks
 .noinit."WEST_TOPDIR/zephyr/kernel/init.c".2
                0x0000000080002560      0x800 zephyr/kernel/libkernel.a(init.c.obj)
                0x0000000080002560                z_interrupt_stacks
 .noinit."WEST_TOPDIR/zephyr/kernel/init.c".1
                0x0000000080002d60      0x200 zephyr/kernel/libkernel.a(init.c.obj)
 .noinit."WEST_TOPDIR/zephyr/kernel/init.c".0
                0x0000000080002f60      0x400 zephyr/kernel/libkernel.a(init.c.obj)
                0x0000000080002f60                z_main_stack

datas           0x0000000080003360       0x24 load address 0x0000000020013478
                0x0000000080003360                . = ALIGN (0x4)
                0x0000000080003360                __data_region_start = .
                0x0000000080003360                __data_start = .
 *(SORT_BY_ALIGNMENT(.data))
 *(SORT_BY_ALIGNMENT(.data.*))
 .data.__stdout
                0x0000000080003360       0x14 zephyr/lib/libc/picolibc/liblib__libc__picolibc.a(libc-hooks.c.obj)
                0x0000000080003378                . = ALIGN (0x8)
 *fill*         0x0000000080003374        0x4 
                0x0000000080003b78                PROVIDE (__global_pointer$ = (. + 0x800))
 *(SORT_BY_ALIGNMENT(.sdata) SORT_BY_ALIGNMENT(.sdata.*) SORT_BY_ALIGNMENT(.gnu.linkonce.s.*))
 .sdata._char_out
                0x0000000080003378        0x4 zephyr/libzephyr.a(printk.c.obj)
                0x0000000080003378                _char_out
 .sdata.timeout_list
                0x000000008000337c        0x8 zephyr/kernel/libkernel.a(timeout.c.obj)
                0x0000000080003384                __data_end = .
                0x0000000000000024                __data_size = (__data_end - __data_start)
                0x0000000020013478                __data_load_start = LOADADDR (datas)
                0x0000000020013478                __data_region_load_start = LOADADDR (datas)

device_states   0x0000000080003384        0x6 load address 0x000000002001349c
                0x0000000080003384                __device_states_start = .
 *(SORT_BY_ALIGNMENT(.z_devstate))
 .z_devstate    0x0000000080003384        0x2 zephyr/drivers/interrupt_controller/libdrivers__interrupt_controller.a(intc_plic.c.obj)
 .z_devstate    0x0000000080003386        0x2 zephyr/drivers/gpio/libdrivers__gpio.a(gpio_sifive.c.obj)
 .z_devstate    0x0000000080003388        0x2 zephyr/drivers/serial/libdrivers__serial.a(uart_sifive.c.obj)
 *(SORT_BY_ALIGNMENT(.z_devstate.*))
                0x000000008000338a                __device_states_end = .

log_mpsc_pbuf_area
                0x000000008000338a        0x0 load address 0x00000000200134a2
                0x000000008000338a                _log_mpsc_pbuf_list_start = .
 *(SORT_BY_NAME(SORT_BY_ALIGNMENT(._log_mpsc_pbuf.static.*)))
                0x000000008000338a                _log_mpsc_pbuf_list_end = .

log_msg_ptr_area
                0x000000008000338a        0x0 load address 0x00000000200134a2
                0x000000008000338a                _log_msg_ptr_list_start = .
 *(SORT_BY_NAME(SORT_BY_ALIGNMENT(._log_msg_ptr.static.*)))
                0x000000008000338a                _log_msg_ptr_list_end = .

log_dynamic_area
                0x000000008000338a        0x0 load address 0x00000000200134a2
                0x000000008000338a                _log_dynamic_list_start = .
 *(SORT_BY_NAME(SORT_BY_ALIGNMENT(._log_dynamic.static.*)))
                0x000000008000338a                _log_dynamic_list_end = .

k_timer_area    0x000000008000338a        0x0 load address 0x00000000200134a2
                0x000000008000338a                _k_timer_list_start = .
 *(SORT_BY_NAME(SORT_BY_ALIGNMENT(._k_timer.static.*)))
                0x000000008000338a                _k_timer_list_end = .

k_mem_slab_area
                0x000000008000338a        0x0 load address 0x00000000200134a2
                0x000000008000338a                _k_mem_slab_list_start = .
 *(SORT_BY_NAME(SORT_BY_ALIGNMENT(._k_mem_slab.static.*)))
                0x000000008000338a                _k_mem_slab_list_end = .

k_heap_area     0x000000008000338a        0x0 load address 0x00000000200134a2
                0x000000008000338a                _k_heap_list_start = .
 *(SORT_BY_NAME(SORT_BY_ALIGNMENT(._k_heap.static.*)))
                0x000000008000338a                _k_heap_list_end = .

k_mutex_area    0x000000008000338a        0x0 load address 0x00000000200134a2
                0x000000008000338a                _k_mutex_list_start = .
 *(SORT_BY_NAME(SORT_BY_ALIGNMENT(._k_mutex.static.*)))
                0x000000008000338a                _k_mutex_list_end = .

k_stack_area    0x000000008000338a        0x0 load address 0x00000000200134a2
                0x000000008000338a                _k_stack_list_start = .
 *(SORT_BY_NAME(SORT_BY_ALIGNMENT(._k_stack.static.*)))
                0x000000008000338a                _k_stack_list_end = .

k_msgq_area     0x000000008000338a        0x0 load address 0x00000000200134a2
                0x000000008000338a                _k_msgq_list_start = .
 *(SORT_BY_NAME(SORT_BY_ALIGNMENT(._k_msgq.static.*)))
                0x000000008000338a                _k_msgq_list_end = .

k_mbox_area     0x000000008000338a        0x0 load address 0x00000000200134a2
                0x000000008000338a                _k_mbox_list_start = .
 *(SORT_BY_NAME(SORT_BY_ALIGNMENT(._k_mbox.static.*)))
                0x000000008000338a                _k_mbox_list_end = .

k_pipe_area     0x000000008000338a        0x0 load address 0x00000000200134a2
                0x000000008000338a                _k_pipe_list_start = .
 *(SORT_BY_NAME(SORT_BY_ALIGNMENT(._k_pipe.static.*)))
                0x000000008000338a                _k_pipe_list_end = .

k_sem_area      0x000000008000338a        0x0 load address 0x00000000200134a2
                0x000000008000338a                _k_sem_list_start = .
 *(SORT_BY_NAME(SORT_BY_ALIGNMENT(._k_sem.static.*)))
                0x000000008000338a                _k_sem_list_end = .

k_event_area    0x000000008000338a        0x0 load address 0x00000000200134a2
                0x000000008000338a                _k_event_list_start = .
 *(SORT_BY_NAME(SORT_BY_ALIGNMENT(._k_event.static.*)))
                0x000000008000338a                _k_event_list_end = .

k_queue_area    0x000000008000338a        0x0 load address 0x00000000200134a2
                0x000000008000338a                _k_queue_list_start = .
 *(SORT_BY_NAME(SORT_BY_ALIGNMENT(._k_queue.static.*)))
                0x000000008000338a                _k_queue_list_end = .

k_fifo_area     0x000000008000338a        0x0 load address 0x00000000200134a2
                0x000000008000338a                _k_fifo_list_start = .
 *(SORT_BY_NAME(SORT_BY_ALIGNMENT(._k_fifo.static.*)))
                0x000000008000338a                _k_fifo_list_end = .

k_lifo_area     0x000000008000338a        0x0 load address 0x00000000200134a2
                0x000000008000338a                _k_lifo_list_start = .
 *(SORT_BY_NAME(SORT_BY_ALIGNMENT(._k_lifo.static.*)))
                0x000000008000338a                _k_lifo_list_end = .

k_condvar_area  0x000000008000338a        0x0 load address 0x00000000200134a2
                0x000000008000338a                _k_condvar_list_start = .
 *(SORT_BY_NAME(SORT_BY_ALIGNMENT(._k_condvar.static.*)))
                0x000000008000338a                _k_condvar_list_end = .

sys_mem_blocks_ptr_area
                0x000000008000338a        0x0 load address 0x00000000200134a2
                0x000000008000338a                _sys_mem_blocks_ptr_list_start = .
 *(SORT_BY_NAME(SORT_BY_ALIGNMENT(._sys_mem_blocks_ptr.static.*)))
                0x000000008000338a                _sys_mem_blocks_ptr_list_end = .

net_buf_pool_area
                0x000000008000338a        0x0 load address 0x00000000200134a2
                0x000000008000338a                _net_buf_pool_list_start = .
 *(SORT_BY_NAME(SORT_BY_ALIGNMENT(._net_buf_pool.static.*)))
                0x000000008000338a                _net_buf_pool_list_end = .
                0x000000008000338a                __data_region_end = .
                0x000000008000338a                __kernel_ram_end = .
                0x000000000000338a                __kernel_ram_size = (__kernel_ram_end - __kernel_ram_start)

/DISCARD/
 *(SORT_BY_ALIGNMENT(.irq_info*))
 *(SORT_BY_ALIGNMENT(.intList*))

.last_ram_section
                0x000000008000338a        0x2
                0x000000008000338c                . = ALIGN (0x4)
 *fill*         0x000000008000338a        0x2 
                0x000000008000338c                _image_ram_end = .
                0x000000000000338c                _image_ram_size = (_image_ram_end - _image_ram_start)
                0x000000008000338c                _end = .
                0x000000008000338c                z_mapped_end = .

.stab
 *(SORT_BY_ALIGNMENT(.stab))

.stabstr
 *(SORT_BY_ALIGNMENT(.stabstr))

.stab.excl
 *(SORT_BY_ALIGNMENT(.stab.excl))

.stab.exclstr
 *(SORT_BY_ALIGNMENT(.stab.exclstr))

.stab.index
 *(SORT_BY_ALIGNMENT(.stab.index))

.stab.indexstr
 *(SORT_BY_ALIGNMENT(.stab.indexstr))

.gnu.build.attributes
 *(SORT_BY_ALIGNMENT(.gnu.build.attributes) SORT_BY_ALIGNMENT(.gnu.build.attributes.*))

.comment        0x0000000000000000       0x20
 *(SORT_BY_ALIGNMENT(.comment))
 .comment       0x0000000000000000       0x20 zephyr/CMakeFiles/zephyr_final.dir/isr_tables.c.obj
                                         0x21 (size before relaxing)
 .comment       0x0000000000000020       0x21 zephyr/CMakeFiles/offsets.dir/./arch/riscv/core/offsets/offsets.c.obj
 .comment       0x0000000000000020       0x21 app/libapp.a(main.c.obj)
 .comment       0x0000000000000020       0x21 zephyr/libzephyr.a(heap.c.obj)
 .comment       0x0000000000000020       0x21 zephyr/libzephyr.a(printk.c.obj)
 .comment       0x0000000000000020       0x21 zephyr/libzephyr.a(thread_entry.c.obj)
 .comment       0x0000000000000020       0x21 zephyr/libzephyr.a(configs.c.obj)
 .comment       0x0000000000000020       0x21 zephyr/libzephyr.a(soc_common_irq.c.obj)
 .comment       0x0000000000000020       0x21 zephyr/libzephyr.a(clock.c.obj)
 .comment       0x0000000000000020       0x21 zephyr/libzephyr.a(thread_info.c.obj)
 .comment       0x0000000000000020       0x21 zephyr/libzephyr.a(tracing_none.c.obj)
 .comment       0x0000000000000020       0x21 zephyr/arch/arch/riscv/core/libarch__riscv__core.a(cpu_idle.c.obj)
 .comment       0x0000000000000020       0x21 zephyr/arch/arch/riscv/core/libarch__riscv__core.a(fatal.c.obj)
 .comment       0x0000000000000020       0x21 zephyr/arch/arch/riscv/core/libarch__riscv__core.a(irq_manage.c.obj)
 .comment       0x0000000000000020       0x21 zephyr/arch/arch/riscv/core/libarch__riscv__core.a(prep_c.c.obj)
 .comment       0x0000000000000020       0x21 zephyr/arch/arch/riscv/core/libarch__riscv__core.a(thread.c.obj)
 .comment       0x0000000000000020       0x21 zephyr/arch/arch/riscv/core/libarch__riscv__core.a(pmp.c.obj)
 .comment       0x0000000000000020       0x21 zephyr/arch/arch/riscv/core/libarch__riscv__core.a(tls.c.obj)
 .comment       0x0000000000000020       0x21 zephyr/lib/libc/picolibc/liblib__libc__picolibc.a(libc-hooks.c.obj)
 .comment       0x0000000000000020       0x21 zephyr/lib/libc/common/liblib__libc__common.a(malloc.c.obj)
 .comment       0x0000000000000020       0x21 zephyr/drivers/interrupt_controller/libdrivers__interrupt_controller.a(intc_plic.c.obj)
 .comment       0x0000000000000020       0x21 zephyr/drivers/console/libdrivers__console.a(uart_console.c.obj)
 .comment       0x0000000000000020       0x21 zephyr/drivers/gpio/libdrivers__gpio.a(gpio_sifive.c.obj)
 .comment       0x0000000000000020       0x21 zephyr/drivers/pinctrl/libdrivers__pinctrl.a(common.c.obj)
 .comment       0x0000000000000020       0x21 zephyr/drivers/pinctrl/libdrivers__pinctrl.a(pinctrl_sifive.c.obj)
 .comment       0x0000000000000020       0x21 zephyr/drivers/serial/libdrivers__serial.a(uart_sifive.c.obj)
 .comment       0x0000000000000020       0x21 zephyr/drivers/timer/libdrivers__timer.a(riscv_machine_timer.c.obj)
 .comment       0x0000000000000020       0x21 zephyr/kernel/libkernel.a(device.c.obj)
 .comment       0x0000000000000020       0x21 zephyr/kernel/libkernel.a(fatal.c.obj)
 .comment       0x0000000000000020       0x21 zephyr/kernel/libkernel.a(init.c.obj)
 .comment       0x0000000000000020       0x21 zephyr/kernel/libkernel.a(thread.c.obj)
 .comment       0x0000000000000020       0x21 zephyr/kernel/libkernel.a(sched.c.obj)
 .comment       0x0000000000000020       0x21 zephyr/kernel/libkernel.a(idle.c.obj)
 .comment       0x0000000000000020       0x21 zephyr/kernel/libkernel.a(xip.c.obj)
 .comment       0x0000000000000020       0x21 zephyr/kernel/libkernel.a(timeout.c.obj)
 .comment       0x0000000000000020       0x21 zephyr/kernel/libkernel.a(atomic_c.c.obj)
 .comment       0x0000000000000020       0x21 zephyr/kernel/libkernel.a(banner.c.obj)

.debug
 *(SORT_BY_ALIGNMENT(.debug))

.line
 *(SORT_BY_ALIGNMENT(.line))

.debug_srcinfo
 *(SORT_BY_ALIGNMENT(.debug_srcinfo))

.debug_sfnames
 *(SORT_BY_ALIGNMENT(.debug_sfnames))

.debug_aranges  0x0000000000000000      0xd10
 *(SORT_BY_ALIGNMENT(.debug_aranges))
 .debug_aranges
                0x0000000000000000       0x20 zephyr/libzephyr.a(soc_irq.S.obj)
 .debug_aranges
                0x0000000000000020       0x20 zephyr/libzephyr.a(vector.S.obj)
 .debug_aranges
                0x0000000000000040       0x20 zephyr/arch/arch/riscv/core/libarch__riscv__core.a(isr.S.obj)
 .debug_aranges
                0x0000000000000060       0x28 zephyr/arch/arch/riscv/core/libarch__riscv__core.a(reset.S.obj)
 .debug_aranges
                0x0000000000000088       0x20 zephyr/arch/arch/riscv/core/libarch__riscv__core.a(switch.S.obj)
 .debug_aranges
                0x00000000000000a8       0x20 zephyr/arch/arch/riscv/core/libarch__riscv__core.a(pmp.S.obj)
 .debug_aranges
                0x00000000000000c8       0x18 zephyr/CMakeFiles/zephyr_final.dir/isr_tables.c.obj
 .debug_aranges
                0x00000000000000e0       0x20 zephyr/CMakeFiles/offsets.dir/./arch/riscv/core/offsets/offsets.c.obj
 .debug_aranges
                0x0000000000000100       0x48 app/libapp.a(main.c.obj)
 .debug_aranges
                0x0000000000000148       0x98 zephyr/libzephyr.a(heap.c.obj)
 .debug_aranges
                0x00000000000001e0       0x50 zephyr/libzephyr.a(printk.c.obj)
 .debug_aranges
                0x0000000000000230       0x20 zephyr/libzephyr.a(thread_entry.c.obj)
 .debug_aranges
                0x0000000000000250       0x20 zephyr/libzephyr.a(configs.c.obj)
 .debug_aranges
                0x0000000000000270       0x40 zephyr/libzephyr.a(soc_common_irq.c.obj)
 .debug_aranges
                0x00000000000002b0       0x20 zephyr/libzephyr.a(clock.c.obj)
 .debug_aranges
                0x00000000000002d0       0x18 zephyr/libzephyr.a(thread_info.c.obj)
 .debug_aranges
                0x00000000000002e8       0x38 zephyr/libzephyr.a(tracing_none.c.obj)
 .debug_aranges
                0x0000000000000320       0x28 zephyr/arch/arch/riscv/core/libarch__riscv__core.a(cpu_idle.c.obj)
 .debug_aranges
                0x0000000000000348       0x30 zephyr/arch/arch/riscv/core/libarch__riscv__core.a(fatal.c.obj)
 .debug_aranges
                0x0000000000000378       0x20 zephyr/arch/arch/riscv/core/libarch__riscv__core.a(irq_manage.c.obj)
 .debug_aranges
                0x0000000000000398       0x20 zephyr/arch/arch/riscv/core/libarch__riscv__core.a(prep_c.c.obj)
 .debug_aranges
                0x00000000000003b8       0x20 zephyr/arch/arch/riscv/core/libarch__riscv__core.a(thread.c.obj)
 .debug_aranges
                0x00000000000003d8       0x30 zephyr/arch/arch/riscv/core/libarch__riscv__core.a(pmp.c.obj)
 .debug_aranges
                0x0000000000000408       0x28 zephyr/arch/arch/riscv/core/libarch__riscv__core.a(tls.c.obj)
 .debug_aranges
                0x0000000000000430       0xb0 zephyr/lib/libc/picolibc/liblib__libc__picolibc.a(libc-hooks.c.obj)
 .debug_aranges
                0x00000000000004e0       0x60 zephyr/lib/libc/common/liblib__libc__common.a(malloc.c.obj)
 .debug_aranges
                0x0000000000000540       0x70 zephyr/drivers/interrupt_controller/libdrivers__interrupt_controller.a(intc_plic.c.obj)
 .debug_aranges
                0x00000000000005b0       0x38 zephyr/drivers/console/libdrivers__console.a(uart_console.c.obj)
 .debug_aranges
                0x00000000000005e8       0x90 zephyr/drivers/gpio/libdrivers__gpio.a(gpio_sifive.c.obj)
 .debug_aranges
                0x0000000000000678       0x20 zephyr/drivers/pinctrl/libdrivers__pinctrl.a(common.c.obj)
 .debug_aranges
                0x0000000000000698       0x28 zephyr/drivers/pinctrl/libdrivers__pinctrl.a(pinctrl_sifive.c.obj)
 .debug_aranges
                0x00000000000006c0       0x38 zephyr/drivers/serial/libdrivers__serial.a(uart_sifive.c.obj)
 .debug_aranges
                0x00000000000006f8       0x60 zephyr/drivers/timer/libdrivers__timer.a(riscv_machine_timer.c.obj)
 .debug_aranges
                0x0000000000000758       0x38 zephyr/kernel/libkernel.a(device.c.obj)
 .debug_aranges
                0x0000000000000790       0x60 zephyr/kernel/libkernel.a(fatal.c.obj)
 .debug_aranges
                0x00000000000007f0       0x78 zephyr/kernel/libkernel.a(init.c.obj)
 .debug_aranges
                0x0000000000000868       0xe0 zephyr/kernel/libkernel.a(thread.c.obj)
 .debug_aranges
                0x0000000000000948      0x240 zephyr/kernel/libkernel.a(sched.c.obj)
 .debug_aranges
                0x0000000000000b88       0x30 zephyr/kernel/libkernel.a(idle.c.obj)
 .debug_aranges
                0x0000000000000bb8       0x20 zephyr/kernel/libkernel.a(xip.c.obj)
 .debug_aranges
                0x0000000000000bd8       0xa0 zephyr/kernel/libkernel.a(timeout.c.obj)
 .debug_aranges
                0x0000000000000c78       0x78 zephyr/kernel/libkernel.a(atomic_c.c.obj)
 .debug_aranges
                0x0000000000000cf0       0x20 zephyr/kernel/libkernel.a(banner.c.obj)

.debug_pubnames
 *(SORT_BY_ALIGNMENT(.debug_pubnames))

.debug_info     0x0000000000000000    0x26595
 *(SORT_BY_ALIGNMENT(.debug_info) SORT_BY_ALIGNMENT(.gnu.linkonce.wi.*))
 .debug_info    0x0000000000000000      0x10c zephyr/CMakeFiles/zephyr_final.dir/isr_tables.c.obj
 .debug_info    0x000000000000010c       0xe2 zephyr/CMakeFiles/offsets.dir/./arch/riscv/core/offsets/offsets.c.obj
 .debug_info    0x00000000000001ee      0xc41 app/libapp.a(main.c.obj)
 .debug_info    0x0000000000000e2f     0x2b0a zephyr/libzephyr.a(heap.c.obj)
 .debug_info    0x0000000000003939      0x548 zephyr/libzephyr.a(printk.c.obj)
 .debug_info    0x0000000000003e81      0x7a2 zephyr/libzephyr.a(thread_entry.c.obj)
 .debug_info    0x0000000000004623       0x38 zephyr/libzephyr.a(configs.c.obj)
 .debug_info    0x000000000000465b       0x23 zephyr/libzephyr.a(soc_irq.S.obj)
 .debug_info    0x000000000000467e      0x418 zephyr/libzephyr.a(soc_common_irq.c.obj)
 .debug_info    0x0000000000004a96       0x23 zephyr/libzephyr.a(vector.S.obj)
 .debug_info    0x0000000000004ab9      0x182 zephyr/libzephyr.a(clock.c.obj)
 .debug_info    0x0000000000004c3b      0x201 zephyr/libzephyr.a(thread_info.c.obj)
 .debug_info    0x0000000000004e3c       0x6e zephyr/libzephyr.a(tracing_none.c.obj)
 .debug_info    0x0000000000004eaa      0x12c zephyr/arch/arch/riscv/core/libarch__riscv__core.a(cpu_idle.c.obj)
 .debug_info    0x0000000000004fd6     0x6b5e zephyr/arch/arch/riscv/core/libarch__riscv__core.a(fatal.c.obj)
 .debug_info    0x000000000000bb34     0x1456 zephyr/arch/arch/riscv/core/libarch__riscv__core.a(irq_manage.c.obj)
 .debug_info    0x000000000000cf8a       0x24 zephyr/arch/arch/riscv/core/libarch__riscv__core.a(isr.S.obj)
 .debug_info    0x000000000000cfae       0xd8 zephyr/arch/arch/riscv/core/libarch__riscv__core.a(prep_c.c.obj)
 .debug_info    0x000000000000d086       0x22 zephyr/arch/arch/riscv/core/libarch__riscv__core.a(reset.S.obj)
 .debug_info    0x000000000000d0a8       0x23 zephyr/arch/arch/riscv/core/libarch__riscv__core.a(switch.S.obj)
 .debug_info    0x000000000000d0cb      0x7f3 zephyr/arch/arch/riscv/core/libarch__riscv__core.a(thread.c.obj)
 .debug_info    0x000000000000d8be     0x379c zephyr/arch/arch/riscv/core/libarch__riscv__core.a(pmp.c.obj)
 .debug_info    0x000000000001105a       0x24 zephyr/arch/arch/riscv/core/libarch__riscv__core.a(pmp.S.obj)
 .debug_info    0x000000000001107e      0x78e zephyr/arch/arch/riscv/core/libarch__riscv__core.a(tls.c.obj)
 .debug_info    0x000000000001180c      0xf8c zephyr/lib/libc/picolibc/liblib__libc__picolibc.a(libc-hooks.c.obj)
 .debug_info    0x0000000000012798      0xf3b zephyr/lib/libc/common/liblib__libc__common.a(malloc.c.obj)
 .debug_info    0x00000000000136d3      0xf96 zephyr/drivers/interrupt_controller/libdrivers__interrupt_controller.a(intc_plic.c.obj)
 .debug_info    0x0000000000014669      0x81d zephyr/drivers/console/libdrivers__console.a(uart_console.c.obj)
 .debug_info    0x0000000000014e86     0x1bca zephyr/drivers/gpio/libdrivers__gpio.a(gpio_sifive.c.obj)
 .debug_info    0x0000000000016a50      0x196 zephyr/drivers/pinctrl/libdrivers__pinctrl.a(common.c.obj)
 .debug_info    0x0000000000016be6      0x285 zephyr/drivers/pinctrl/libdrivers__pinctrl.a(pinctrl_sifive.c.obj)
 .debug_info    0x0000000000016e6b      0x850 zephyr/drivers/serial/libdrivers__serial.a(uart_sifive.c.obj)
 .debug_info    0x00000000000176bb      0x83b zephyr/drivers/timer/libdrivers__timer.a(riscv_machine_timer.c.obj)
 .debug_info    0x0000000000017ef6      0x33b zephyr/kernel/libkernel.a(device.c.obj)
 .debug_info    0x0000000000018231     0x238c zephyr/kernel/libkernel.a(fatal.c.obj)
 .debug_info    0x000000000001a5bd     0x15fc zephyr/kernel/libkernel.a(init.c.obj)
 .debug_info    0x000000000001bbb9     0x2990 zephyr/kernel/libkernel.a(thread.c.obj)
 .debug_info    0x000000000001e549     0x615b zephyr/kernel/libkernel.a(sched.c.obj)
 .debug_info    0x00000000000246a4      0x253 zephyr/kernel/libkernel.a(idle.c.obj)
 .debug_info    0x00000000000248f7      0x142 zephyr/kernel/libkernel.a(xip.c.obj)
 .debug_info    0x0000000000024a39     0x10be zephyr/kernel/libkernel.a(timeout.c.obj)
 .debug_info    0x0000000000025af7      0x9d9 zephyr/kernel/libkernel.a(atomic_c.c.obj)
 .debug_info    0x00000000000264d0       0xc5 zephyr/kernel/libkernel.a(banner.c.obj)

.debug_abbrev   0x0000000000000000     0x5d01
 *(SORT_BY_ALIGNMENT(.debug_abbrev))
 .debug_abbrev  0x0000000000000000       0xc3 zephyr/CMakeFiles/zephyr_final.dir/isr_tables.c.obj
 .debug_abbrev  0x00000000000000c3       0x62 zephyr/CMakeFiles/offsets.dir/./arch/riscv/core/offsets/offsets.c.obj
 .debug_abbrev  0x0000000000000125      0x324 app/libapp.a(main.c.obj)
 .debug_abbrev  0x0000000000000449      0x3b2 zephyr/libzephyr.a(heap.c.obj)
 .debug_abbrev  0x00000000000007fb      0x2c0 zephyr/libzephyr.a(printk.c.obj)
 .debug_abbrev  0x0000000000000abb      0x272 zephyr/libzephyr.a(thread_entry.c.obj)
 .debug_abbrev  0x0000000000000d2d       0x2e zephyr/libzephyr.a(configs.c.obj)
 .debug_abbrev  0x0000000000000d5b       0x14 zephyr/libzephyr.a(soc_irq.S.obj)
 .debug_abbrev  0x0000000000000d6f      0x1ba zephyr/libzephyr.a(soc_common_irq.c.obj)
 .debug_abbrev  0x0000000000000f29       0x14 zephyr/libzephyr.a(vector.S.obj)
 .debug_abbrev  0x0000000000000f3d      0x11a zephyr/libzephyr.a(clock.c.obj)
 .debug_abbrev  0x0000000000001057       0xa3 zephyr/libzephyr.a(thread_info.c.obj)
 .debug_abbrev  0x00000000000010fa       0x2e zephyr/libzephyr.a(tracing_none.c.obj)
 .debug_abbrev  0x0000000000001128       0xb1 zephyr/arch/arch/riscv/core/libarch__riscv__core.a(cpu_idle.c.obj)
 .debug_abbrev  0x00000000000011d9      0x22e zephyr/arch/arch/riscv/core/libarch__riscv__core.a(fatal.c.obj)
 .debug_abbrev  0x0000000000001407      0x25b zephyr/arch/arch/riscv/core/libarch__riscv__core.a(irq_manage.c.obj)
 .debug_abbrev  0x0000000000001662       0x14 zephyr/arch/arch/riscv/core/libarch__riscv__core.a(isr.S.obj)
 .debug_abbrev  0x0000000000001676       0x78 zephyr/arch/arch/riscv/core/libarch__riscv__core.a(prep_c.c.obj)
 .debug_abbrev  0x00000000000016ee       0x12 zephyr/arch/arch/riscv/core/libarch__riscv__core.a(reset.S.obj)
 .debug_abbrev  0x0000000000001700       0x14 zephyr/arch/arch/riscv/core/libarch__riscv__core.a(switch.S.obj)
 .debug_abbrev  0x0000000000001714      0x212 zephyr/arch/arch/riscv/core/libarch__riscv__core.a(thread.c.obj)
 .debug_abbrev  0x0000000000001926      0x2c2 zephyr/arch/arch/riscv/core/libarch__riscv__core.a(pmp.c.obj)
 .debug_abbrev  0x0000000000001be8       0x14 zephyr/arch/arch/riscv/core/libarch__riscv__core.a(pmp.S.obj)
 .debug_abbrev  0x0000000000001bfc      0x23c zephyr/arch/arch/riscv/core/libarch__riscv__core.a(tls.c.obj)
 .debug_abbrev  0x0000000000001e38      0x420 zephyr/lib/libc/picolibc/liblib__libc__picolibc.a(libc-hooks.c.obj)
 .debug_abbrev  0x0000000000002258      0x437 zephyr/lib/libc/common/liblib__libc__common.a(malloc.c.obj)
 .debug_abbrev  0x000000000000268f      0x4d9 zephyr/drivers/interrupt_controller/libdrivers__interrupt_controller.a(intc_plic.c.obj)
 .debug_abbrev  0x0000000000002b68      0x366 zephyr/drivers/console/libdrivers__console.a(uart_console.c.obj)
 .debug_abbrev  0x0000000000002ece      0x4cd zephyr/drivers/gpio/libdrivers__gpio.a(gpio_sifive.c.obj)
 .debug_abbrev  0x000000000000339b       0xcd zephyr/drivers/pinctrl/libdrivers__pinctrl.a(common.c.obj)
 .debug_abbrev  0x0000000000003468      0x156 zephyr/drivers/pinctrl/libdrivers__pinctrl.a(pinctrl_sifive.c.obj)
 .debug_abbrev  0x00000000000035be      0x328 zephyr/drivers/serial/libdrivers__serial.a(uart_sifive.c.obj)
 .debug_abbrev  0x00000000000038e6      0x363 zephyr/drivers/timer/libdrivers__timer.a(riscv_machine_timer.c.obj)
 .debug_abbrev  0x0000000000003c49      0x1b3 zephyr/kernel/libkernel.a(device.c.obj)
 .debug_abbrev  0x0000000000003dfc      0x3b4 zephyr/kernel/libkernel.a(fatal.c.obj)
 .debug_abbrev  0x00000000000041b0      0x5b1 zephyr/kernel/libkernel.a(init.c.obj)
 .debug_abbrev  0x0000000000004761      0x5c8 zephyr/kernel/libkernel.a(thread.c.obj)
 .debug_abbrev  0x0000000000004d29      0x6da zephyr/kernel/libkernel.a(sched.c.obj)
 .debug_abbrev  0x0000000000005403      0x14b zephyr/kernel/libkernel.a(idle.c.obj)
 .debug_abbrev  0x000000000000554e       0xb0 zephyr/kernel/libkernel.a(xip.c.obj)
 .debug_abbrev  0x00000000000055fe      0x44b zephyr/kernel/libkernel.a(timeout.c.obj)
 .debug_abbrev  0x0000000000005a49      0x22c zephyr/kernel/libkernel.a(atomic_c.c.obj)
 .debug_abbrev  0x0000000000005c75       0x8c zephyr/kernel/libkernel.a(banner.c.obj)

.debug_line     0x0000000000000000    0x13ced
 *(SORT_BY_ALIGNMENT(.debug_line) SORT_BY_ALIGNMENT(.debug_line.*) SORT_BY_ALIGNMENT(.debug_line_end))
 .debug_line    0x0000000000000000       0xf5 zephyr/CMakeFiles/zephyr_final.dir/isr_tables.c.obj
 .debug_line    0x00000000000000f5      0x242 zephyr/CMakeFiles/offsets.dir/./arch/riscv/core/offsets/offsets.c.obj
 .debug_line    0x0000000000000337      0x5d7 app/libapp.a(main.c.obj)
 .debug_line    0x000000000000090e     0x1eac zephyr/libzephyr.a(heap.c.obj)
 .debug_line    0x00000000000027ba      0x444 zephyr/libzephyr.a(printk.c.obj)
 .debug_line    0x0000000000002bfe      0x3ad zephyr/libzephyr.a(thread_entry.c.obj)
 .debug_line    0x0000000000002fab      0x76d zephyr/libzephyr.a(configs.c.obj)
 .debug_line    0x0000000000003718       0x94 zephyr/libzephyr.a(soc_irq.S.obj)
 .debug_line    0x00000000000037ac      0x4fd zephyr/libzephyr.a(soc_common_irq.c.obj)
 .debug_line    0x0000000000003ca9       0x94 zephyr/libzephyr.a(vector.S.obj)
 .debug_line    0x0000000000003d3d      0x1d4 zephyr/libzephyr.a(clock.c.obj)
 .debug_line    0x0000000000003f11      0x1a4 zephyr/libzephyr.a(thread_info.c.obj)
 .debug_line    0x00000000000040b5       0xca zephyr/libzephyr.a(tracing_none.c.obj)
 .debug_line    0x000000000000417f      0x17b zephyr/arch/arch/riscv/core/libarch__riscv__core.a(cpu_idle.c.obj)
 .debug_line    0x00000000000042fa      0x38d zephyr/arch/arch/riscv/core/libarch__riscv__core.a(fatal.c.obj)
 .debug_line    0x0000000000004687      0x411 zephyr/arch/arch/riscv/core/libarch__riscv__core.a(irq_manage.c.obj)
 .debug_line    0x0000000000004a98      0x213 zephyr/arch/arch/riscv/core/libarch__riscv__core.a(isr.S.obj)
 .debug_line    0x0000000000004cab       0xd4 zephyr/arch/arch/riscv/core/libarch__riscv__core.a(prep_c.c.obj)
 .debug_line    0x0000000000004d7f       0xba zephyr/arch/arch/riscv/core/libarch__riscv__core.a(reset.S.obj)
 .debug_line    0x0000000000004e39       0x93 zephyr/arch/arch/riscv/core/libarch__riscv__core.a(switch.S.obj)
 .debug_line    0x0000000000004ecc      0x434 zephyr/arch/arch/riscv/core/libarch__riscv__core.a(thread.c.obj)
 .debug_line    0x0000000000005300      0x769 zephyr/arch/arch/riscv/core/libarch__riscv__core.a(pmp.c.obj)
 .debug_line    0x0000000000005a69       0xde zephyr/arch/arch/riscv/core/libarch__riscv__core.a(pmp.S.obj)
 .debug_line    0x0000000000005b47      0x48d zephyr/arch/arch/riscv/core/libarch__riscv__core.a(tls.c.obj)
 .debug_line    0x0000000000005fd4      0x8a7 zephyr/lib/libc/picolibc/liblib__libc__picolibc.a(libc-hooks.c.obj)
 .debug_line    0x000000000000687b      0x900 zephyr/lib/libc/common/liblib__libc__common.a(malloc.c.obj)
 .debug_line    0x000000000000717b      0xbee zephyr/drivers/interrupt_controller/libdrivers__interrupt_controller.a(intc_plic.c.obj)
 .debug_line    0x0000000000007d69      0x4b3 zephyr/drivers/console/libdrivers__console.a(uart_console.c.obj)
 .debug_line    0x000000000000821c     0x14b1 zephyr/drivers/gpio/libdrivers__gpio.a(gpio_sifive.c.obj)
 .debug_line    0x00000000000096cd      0x25e zephyr/drivers/pinctrl/libdrivers__pinctrl.a(common.c.obj)
 .debug_line    0x000000000000992b      0x3a8 zephyr/drivers/pinctrl/libdrivers__pinctrl.a(pinctrl_sifive.c.obj)
 .debug_line    0x0000000000009cd3      0x4c1 zephyr/drivers/serial/libdrivers__serial.a(uart_sifive.c.obj)
 .debug_line    0x000000000000a194      0x7ba zephyr/drivers/timer/libdrivers__timer.a(riscv_machine_timer.c.obj)
 .debug_line    0x000000000000a94e      0x4b5 zephyr/kernel/libkernel.a(device.c.obj)
 .debug_line    0x000000000000ae03      0x676 zephyr/kernel/libkernel.a(fatal.c.obj)
 .debug_line    0x000000000000b479      0xd76 zephyr/kernel/libkernel.a(init.c.obj)
 .debug_line    0x000000000000c1ef     0x1499 zephyr/kernel/libkernel.a(thread.c.obj)
 .debug_line    0x000000000000d688     0x43c2 zephyr/kernel/libkernel.a(sched.c.obj)
 .debug_line    0x0000000000011a4a      0x348 zephyr/kernel/libkernel.a(idle.c.obj)
 .debug_line    0x0000000000011d92      0x226 zephyr/kernel/libkernel.a(xip.c.obj)
 .debug_line    0x0000000000011fb8     0x136b zephyr/kernel/libkernel.a(timeout.c.obj)
 .debug_line    0x0000000000013323      0x90d zephyr/kernel/libkernel.a(atomic_c.c.obj)
 .debug_line    0x0000000000013c30       0xbd zephyr/kernel/libkernel.a(banner.c.obj)

.debug_frame    0x0000000000000000     0x2264
 *(SORT_BY_ALIGNMENT(.debug_frame))
 .debug_frame   0x0000000000000000       0x20 zephyr/CMakeFiles/offsets.dir/./arch/riscv/core/offsets/offsets.c.obj
 .debug_frame   0x0000000000000020       0xb4 app/libapp.a(main.c.obj)
 .debug_frame   0x00000000000000d4      0x238 zephyr/libzephyr.a(heap.c.obj)
 .debug_frame   0x000000000000030c       0xbc zephyr/libzephyr.a(printk.c.obj)
 .debug_frame   0x00000000000003c8       0x30 zephyr/libzephyr.a(thread_entry.c.obj)
 .debug_frame   0x00000000000003f8       0x20 zephyr/libzephyr.a(configs.c.obj)
 .debug_frame   0x0000000000000418       0x90 zephyr/libzephyr.a(soc_common_irq.c.obj)
 .debug_frame   0x00000000000004a8       0x20 zephyr/libzephyr.a(clock.c.obj)
 .debug_frame   0x00000000000004c8       0x50 zephyr/libzephyr.a(tracing_none.c.obj)
 .debug_frame   0x0000000000000518       0x4c zephyr/arch/arch/riscv/core/libarch__riscv__core.a(cpu_idle.c.obj)
 .debug_frame   0x0000000000000564       0x50 zephyr/arch/arch/riscv/core/libarch__riscv__core.a(fatal.c.obj)
 .debug_frame   0x00000000000005b4       0x28 zephyr/arch/arch/riscv/core/libarch__riscv__core.a(irq_manage.c.obj)
 .debug_frame   0x00000000000005dc       0x28 zephyr/arch/arch/riscv/core/libarch__riscv__core.a(prep_c.c.obj)
 .debug_frame   0x0000000000000604       0x20 zephyr/arch/arch/riscv/core/libarch__riscv__core.a(thread.c.obj)
 .debug_frame   0x0000000000000624       0x5c zephyr/arch/arch/riscv/core/libarch__riscv__core.a(pmp.c.obj)
 .debug_frame   0x0000000000000680       0x5c zephyr/arch/arch/riscv/core/libarch__riscv__core.a(tls.c.obj)
 .debug_frame   0x00000000000006dc      0x1fc zephyr/lib/libc/picolibc/liblib__libc__picolibc.a(libc-hooks.c.obj)
 .debug_frame   0x00000000000008d8      0x140 zephyr/lib/libc/common/liblib__libc__common.a(malloc.c.obj)
 .debug_frame   0x0000000000000a18      0x10c zephyr/drivers/interrupt_controller/libdrivers__interrupt_controller.a(intc_plic.c.obj)
 .debug_frame   0x0000000000000b24       0x84 zephyr/drivers/console/libdrivers__console.a(uart_console.c.obj)
 .debug_frame   0x0000000000000ba8      0x198 zephyr/drivers/gpio/libdrivers__gpio.a(gpio_sifive.c.obj)
 .debug_frame   0x0000000000000d40       0x20 zephyr/drivers/pinctrl/libdrivers__pinctrl.a(common.c.obj)
 .debug_frame   0x0000000000000d60       0x48 zephyr/drivers/pinctrl/libdrivers__pinctrl.a(pinctrl_sifive.c.obj)
 .debug_frame   0x0000000000000da8       0x68 zephyr/drivers/serial/libdrivers__serial.a(uart_sifive.c.obj)
 .debug_frame   0x0000000000000e10      0x10c zephyr/drivers/timer/libdrivers__timer.a(riscv_machine_timer.c.obj)
 .debug_frame   0x0000000000000f1c       0x68 zephyr/kernel/libkernel.a(device.c.obj)
 .debug_frame   0x0000000000000f84       0xc4 zephyr/kernel/libkernel.a(fatal.c.obj)
 .debug_frame   0x0000000000001048      0x190 zephyr/kernel/libkernel.a(init.c.obj)
 .debug_frame   0x00000000000011d8      0x2cc zephyr/kernel/libkernel.a(thread.c.obj)
 .debug_frame   0x00000000000014a4      0x900 zephyr/kernel/libkernel.a(sched.c.obj)
 .debug_frame   0x0000000000001da4       0x54 zephyr/kernel/libkernel.a(idle.c.obj)
 .debug_frame   0x0000000000001df8       0x2c zephyr/kernel/libkernel.a(xip.c.obj)
 .debug_frame   0x0000000000001e24      0x264 zephyr/kernel/libkernel.a(timeout.c.obj)
 .debug_frame   0x0000000000002088       0xd0 zephyr/kernel/libkernel.a(atomic_c.c.obj)
 .debug_frame   0x0000000000002158       0x2c zephyr/kernel/libkernel.a(banner.c.obj)
 .debug_frame   0x0000000000002184       0x20 /opt/zephyr-sdk-0.16.5/riscv64-zephyr-elf/bin/../lib/gcc/riscv64-zephyr-elf/12.2.0/rv32imac_zicsr_zifencei/ilp32/libgcc.a(_clzsi2.o)
 .debug_frame   0x00000000000021a4       0x30 /opt/zephyr-sdk-0.16.5/riscv64-zephyr-elf/bin/../lib/gcc/../../picolibc/riscv64-zephyr-elf/lib/rv32imac_zicsr_zifencei/ilp32/libc.a(libc_string_strncpy.c.o)
 .debug_frame   0x00000000000021d4       0x20 /opt/zephyr-sdk-0.16.5/riscv64-zephyr-elf/bin/../lib/gcc/../../picolibc/riscv64-zephyr-elf/lib/rv32imac_zicsr_zifencei/ilp32/libc.a(libc_string_strnlen.c.o)
 .debug_frame   0x00000000000021f4       0x70 /opt/zephyr-sdk-0.16.5/riscv64-zephyr-elf/bin/../lib/gcc/../../picolibc/riscv64-zephyr-elf/lib/rv32imac_zicsr_zifencei/ilp32/libc.a(libc_tinystdio_vflprintf.c.o)

.debug_str      0x0000000000000000     0x5245
 *(SORT_BY_ALIGNMENT(.debug_str))
 .debug_str     0x0000000000000000      0x260 zephyr/CMakeFiles/zephyr_final.dir/isr_tables.c.obj
                                        0x299 (size before relaxing)
 .debug_str     0x0000000000000260      0x2c9 zephyr/CMakeFiles/offsets.dir/./arch/riscv/core/offsets/offsets.c.obj
                                        0x395 (size before relaxing)
 .debug_str     0x0000000000000529      0x49e app/libapp.a(main.c.obj)
                                        0x833 (size before relaxing)
 .debug_str     0x00000000000009c7      0x3c2 zephyr/libzephyr.a(heap.c.obj)
                                        0x6f6 (size before relaxing)
 .debug_str     0x0000000000000d89      0x144 zephyr/libzephyr.a(printk.c.obj)
                                        0x57d (size before relaxing)
 .debug_str     0x0000000000000ecd       0xa0 zephyr/libzephyr.a(thread_entry.c.obj)
                                        0x74a (size before relaxing)
 .debug_str     0x0000000000000f6d       0x60 zephyr/libzephyr.a(configs.c.obj)
                                        0x1eb (size before relaxing)
 .debug_str     0x0000000000000fcd       0x5d zephyr/libzephyr.a(soc_irq.S.obj)
                                         0x8e (size before relaxing)
 .debug_str     0x000000000000102a      0x156 zephyr/libzephyr.a(soc_common_irq.c.obj)
                                        0x3a1 (size before relaxing)
 .debug_str     0x0000000000001180       0x50 zephyr/libzephyr.a(vector.S.obj)
                                         0x8d (size before relaxing)
 .debug_str     0x00000000000011d0       0xa2 zephyr/libzephyr.a(clock.c.obj)
                                        0x2e2 (size before relaxing)
 .debug_str     0x0000000000001272      0x2bc zephyr/libzephyr.a(thread_info.c.obj)
                                        0x68a (size before relaxing)
 .debug_str     0x000000000000152e       0x99 zephyr/libzephyr.a(tracing_none.c.obj)
                                        0x224 (size before relaxing)
 .debug_str     0x00000000000015c7       0x73 zephyr/arch/arch/riscv/core/libarch__riscv__core.a(cpu_idle.c.obj)
                                        0x2a8 (size before relaxing)
 .debug_str     0x000000000000163a      0x4ea zephyr/arch/arch/riscv/core/libarch__riscv__core.a(fatal.c.obj)
                                        0x7b1 (size before relaxing)
 .debug_str     0x0000000000001b24       0xa3 zephyr/arch/arch/riscv/core/libarch__riscv__core.a(irq_manage.c.obj)
                                        0x80b (size before relaxing)
 .debug_str     0x0000000000001bc7       0x3b zephyr/arch/arch/riscv/core/libarch__riscv__core.a(isr.S.obj)
                                         0x78 (size before relaxing)
 .debug_str     0x0000000000001c02       0x67 zephyr/arch/arch/riscv/core/libarch__riscv__core.a(prep_c.c.obj)
                                        0x2a0 (size before relaxing)
 .debug_str     0x0000000000001c69       0x3d zephyr/arch/arch/riscv/core/libarch__riscv__core.a(reset.S.obj)
                                         0x7a (size before relaxing)
 .debug_str     0x0000000000001ca6       0x3e zephyr/arch/arch/riscv/core/libarch__riscv__core.a(switch.S.obj)
                                         0x7b (size before relaxing)
 .debug_str     0x0000000000001ce4       0x8a zephyr/arch/arch/riscv/core/libarch__riscv__core.a(thread.c.obj)
                                        0x5c6 (size before relaxing)
 .debug_str     0x0000000000001d6e      0x15b zephyr/arch/arch/riscv/core/libarch__riscv__core.a(pmp.c.obj)
                                        0x8a8 (size before relaxing)
 .debug_str     0x0000000000001ec9       0x3b zephyr/arch/arch/riscv/core/libarch__riscv__core.a(pmp.S.obj)
                                         0x78 (size before relaxing)
 .debug_str     0x0000000000001f04       0xc3 zephyr/arch/arch/riscv/core/libarch__riscv__core.a(tls.c.obj)
                                        0x5ec (size before relaxing)
 .debug_str     0x0000000000001fc7      0x2a9 zephyr/lib/libc/picolibc/liblib__libc__picolibc.a(libc-hooks.c.obj)
                                        0xaa6 (size before relaxing)
 .debug_str     0x0000000000002270      0x2b2 zephyr/lib/libc/common/liblib__libc__common.a(malloc.c.obj)
                                        0x83b (size before relaxing)
 .debug_str     0x0000000000002522      0x31b zephyr/drivers/interrupt_controller/libdrivers__interrupt_controller.a(intc_plic.c.obj)
                                        0x8fd (size before relaxing)
 .debug_str     0x000000000000283d      0x1f0 zephyr/drivers/console/libdrivers__console.a(uart_console.c.obj)
                                        0x5c5 (size before relaxing)
 .debug_str     0x0000000000002a2d      0xa08 zephyr/drivers/gpio/libdrivers__gpio.a(gpio_sifive.c.obj)
                                        0xfec (size before relaxing)
 .debug_str     0x0000000000003435       0x9f zephyr/drivers/pinctrl/libdrivers__pinctrl.a(common.c.obj)
                                        0x2e9 (size before relaxing)
 .debug_str     0x00000000000034d4       0x70 zephyr/drivers/pinctrl/libdrivers__pinctrl.a(pinctrl_sifive.c.obj)
                                        0x322 (size before relaxing)
 .debug_str     0x0000000000003544      0x213 zephyr/drivers/serial/libdrivers__serial.a(uart_sifive.c.obj)
                                        0x77c (size before relaxing)
 .debug_str     0x0000000000003757      0x1b6 zephyr/drivers/timer/libdrivers__timer.a(riscv_machine_timer.c.obj)
                                        0x571 (size before relaxing)
 .debug_str     0x000000000000390d       0xbc zephyr/kernel/libkernel.a(device.c.obj)
                                        0x363 (size before relaxing)
 .debug_str     0x00000000000039c9      0x238 zephyr/kernel/libkernel.a(fatal.c.obj)
                                        0xc18 (size before relaxing)