Archive member included to satisfy reference by file (symbol)

app/libapp.a(main.c.obj)      (--whole-archive)
zephyr/libzephyr.a(heap.c.obj)
                              (--whole-archive)
zephyr/libzephyr.a(cbprintf_packaged.c.obj)
                              (--whole-archive)
zephyr/libzephyr.a(printk.c.obj)
                              (--whole-archive)
zephyr/libzephyr.a(sem.c.obj)
                              (--whole-archive)
zephyr/libzephyr.a(thread_entry.c.obj)
                              (--whole-archive)
zephyr/libzephyr.a(cbprintf_complete.c.obj)
                              (--whole-archive)
zephyr/libzephyr.a(assert.c.obj)
                              (--whole-archive)
zephyr/libzephyr.a(dec.c.obj)
                              (--whole-archive)
zephyr/libzephyr.a(hex.c.obj)
                              (--whole-archive)
zephyr/libzephyr.a(rb.c.obj)  (--whole-archive)
zephyr/libzephyr.a(timeutil.c.obj)
                              (--whole-archive)
zephyr/libzephyr.a(bitarray.c.obj)
                              (--whole-archive)
zephyr/libzephyr.a(configs.c.obj)
                              (--whole-archive)
zephyr/libzephyr.a(soc_irq.S.obj)
                              (--whole-archive)
zephyr/libzephyr.a(soc_common_irq.c.obj)
                              (--whole-archive)
zephyr/libzephyr.a(vector.S.obj)
                              (--whole-archive)
zephyr/libzephyr.a(clock.c.obj)
                              (--whole-archive)
zephyr/libzephyr.a(thread_info.c.obj)
                              (--whole-archive)
zephyr/libzephyr.a(tracing_none.c.obj)
                              (--whole-archive)
zephyr/arch/common/libarch__common.a(sw_isr_common.c.obj)
                              (--whole-archive)
zephyr/arch/common/libarch__common.a(multilevel_irq.c.obj)
                              (--whole-archive)
zephyr/arch/arch/riscv/core/libarch__riscv__core.a(cpu_idle.c.obj)
                              (--whole-archive)
zephyr/arch/arch/riscv/core/libarch__riscv__core.a(fatal.c.obj)
                              (--whole-archive)
zephyr/arch/arch/riscv/core/libarch__riscv__core.a(irq_manage.c.obj)
                              (--whole-archive)
zephyr/arch/arch/riscv/core/libarch__riscv__core.a(isr.S.obj)
                              (--whole-archive)
zephyr/arch/arch/riscv/core/libarch__riscv__core.a(prep_c.c.obj)
                              (--whole-archive)
zephyr/arch/arch/riscv/core/libarch__riscv__core.a(reboot.c.obj)
                              (--whole-archive)
zephyr/arch/arch/riscv/core/libarch__riscv__core.a(reset.S.obj)
                              (--whole-archive)
zephyr/arch/arch/riscv/core/libarch__riscv__core.a(switch.S.obj)
                              (--whole-archive)
zephyr/arch/arch/riscv/core/libarch__riscv__core.a(thread.c.obj)
                              (--whole-archive)
zephyr/arch/arch/riscv/core/libarch__riscv__core.a(pmp.c.obj)
                              (--whole-archive)
zephyr/arch/arch/riscv/core/libarch__riscv__core.a(pmp.S.obj)
                              (--whole-archive)
zephyr/arch/arch/riscv/core/libarch__riscv__core.a(tls.c.obj)
                              (--whole-archive)
zephyr/lib/libc/picolibc/liblib__libc__picolibc.a(libc-hooks.c.obj)
                              (--whole-archive)
zephyr/lib/libc/common/liblib__libc__common.a(abort.c.obj)
                              (--whole-archive)
zephyr/lib/libc/common/liblib__libc__common.a(malloc.c.obj)
                              (--whole-archive)
zephyr/subsys/random/libsubsys__random.a(rand32_timer.c.obj)
                              (--whole-archive)
zephyr/drivers/interrupt_controller/libdrivers__interrupt_controller.a(intc_plic.c.obj)
                              (--whole-archive)
zephyr/drivers/console/libdrivers__console.a(uart_console.c.obj)
                              (--whole-archive)
zephyr/drivers/gpio/libdrivers__gpio.a(gpio_sifive.c.obj)
                              (--whole-archive)
zephyr/drivers/pinctrl/libdrivers__pinctrl.a(common.c.obj)
                              (--whole-archive)
zephyr/drivers/pinctrl/libdrivers__pinctrl.a(pinctrl_sifive.c.obj)
                              (--whole-archive)
zephyr/drivers/serial/libdrivers__serial.a(uart_sifive.c.obj)
                              (--whole-archive)
zephyr/drivers/timer/libdrivers__timer.a(sys_clock_init.c.obj)
                              (--whole-archive)
zephyr/drivers/timer/libdrivers__timer.a(riscv_machine_timer.c.obj)
                              (--whole-archive)
zephyr/kernel/libkernel.a(device.c.obj)
                              zephyr/drivers/console/libdrivers__console.a(uart_console.c.obj) (z_device_is_ready)
zephyr/kernel/libkernel.a(fatal.c.obj)
                              zephyr/arch/arch/riscv/core/libarch__riscv__core.a(fatal.c.obj) (z_fatal_error)
zephyr/kernel/libkernel.a(init.c.obj)
[...]
Memory Configuration

Name             Origin             Length             Attributes
ROM              0x0000000020010000 0x00000000003c0900 xr
RAM              0x0000000080000000 0x0000000000004000 xrw
IDT_LIST         0x00000000fffff7ff 0x0000000000000800 xw
*default*        0x0000000000000000 0xffffffffffffffff

Linker script and memory map

                0x0000000020012f88                vfprintf = __l_vfprintf
                0x0000000000000000                vfscanf = __l_vfscanf
LOAD zephyr/CMakeFiles/zephyr_final.dir/misc/empty_file.c.obj
LOAD zephyr/CMakeFiles/zephyr_final.dir/isr_tables.c.obj
LOAD zephyr/CMakeFiles/offsets.dir/./arch/riscv/core/offsets/offsets.c.obj
LOAD app/libapp.a
LOAD zephyr/libzephyr.a
LOAD zephyr/arch/common/libarch__common.a
LOAD zephyr/arch/arch/riscv/core/libarch__riscv__core.a
LOAD zephyr/lib/libc/picolibc/liblib__libc__picolibc.a
LOAD zephyr/lib/libc/common/liblib__libc__common.a
LOAD zephyr/subsys/random/libsubsys__random.a
LOAD zephyr/drivers/interrupt_controller/libdrivers__interrupt_controller.a
LOAD zephyr/drivers/console/libdrivers__console.a
LOAD zephyr/drivers/gpio/libdrivers__gpio.a
LOAD zephyr/drivers/pinctrl/libdrivers__pinctrl.a
LOAD zephyr/drivers/serial/libdrivers__serial.a
LOAD zephyr/drivers/timer/libdrivers__timer.a
LOAD zephyr/kernel/libkernel.a
LOAD /opt/zephyr-sdk-0.16.5/riscv64-zephyr-elf/bin/../lib/gcc/riscv64-zephyr-elf/12.2.0/rv32imac_zicsr_zifencei/ilp32/libgcc.a
LOAD zephyr/arch/common/libisr_tables.a
LOAD /opt/zephyr-sdk-0.16.5/riscv64-zephyr-elf/bin/../lib/gcc/../../picolibc/riscv64-zephyr-elf/lib/rv32imac_zicsr_zifencei/ilp32/libc.a
LOAD /opt/zephyr-sdk-0.16.5/riscv64-zephyr-elf/bin/../lib/gcc/riscv64-zephyr-elf/12.2.0/rv32imac_zicsr_zifencei/ilp32/libgcc.a

.rel.plt        0x0000000000000000        0x0
 *(SORT_BY_ALIGNMENT(.rel.plt))
                [!provide]                        PROVIDE (__rel_iplt_start = .)
 *(SORT_BY_ALIGNMENT(.rel.iplt))
                [!provide]                        PROVIDE (__rel_iplt_end = .)

.rela.plt       0x0000000000000000        0x0
 *(SORT_BY_ALIGNMENT(.rela.plt))
                [!provide]                        PROVIDE (__rela_iplt_start = .)
 *(SORT_BY_ALIGNMENT(.rela.iplt))
                [!provide]                        PROVIDE (__rela_iplt_end = .)

.rel.dyn
 *(SORT_BY_ALIGNMENT(.rel.*))

.rela.dyn       0x0000000020010000        0x0
 *(SORT_BY_ALIGNMENT(.rela.*))
 .rela.sdata._char_out
                0x0000000020010000        0x0 zephyr/CMakeFiles/zephyr_final.dir/isr_tables.c.obj
 .rela.vectors.__start
                0x0000000020010000        0x0 zephyr/CMakeFiles/zephyr_final.dir/isr_tables.c.obj
 .rela.exception.entry._isr_wrapper
                0x0000000020010000        0x0 zephyr/CMakeFiles/zephyr_final.dir/isr_tables.c.obj
 .rela.text.z_riscv_pmp_init
                0x0000000020010000        0x0 zephyr/CMakeFiles/zephyr_final.dir/isr_tables.c.obj
 .rela.text.z_tls_copy
                0x0000000020010000        0x0 zephyr/CMakeFiles/zephyr_final.dir/isr_tables.c.obj
 .rela.text.arch_tls_stack_setup
                0x0000000020010000        0x0 zephyr/CMakeFiles/zephyr_final.dir/isr_tables.c.obj
 .rela.text.malloc_prepare
                0x0000000020010000        0x0 zephyr/CMakeFiles/zephyr_final.dir/isr_tables.c.obj
 .rela.text.z_device_state_init
                0x0000000020010000        0x0 zephyr/CMakeFiles/zephyr_final.dir/isr_tables.c.obj
 .rela.text.z_bss_zero
                0x0000000020010000        0x0 zephyr/CMakeFiles/zephyr_final.dir/isr_tables.c.obj
 .rela.rodata.levels.0
                0x0000000020010000        0x0 zephyr/CMakeFiles/zephyr_final.dir/isr_tables.c.obj
 .rela.text.z_init_static_threads
                0x0000000020010000        0x0 zephyr/CMakeFiles/zephyr_final.dir/isr_tables.c.obj
 .rela.text.z_data_copy
                0x0000000020010000        0x0 zephyr/CMakeFiles/zephyr_final.dir/isr_tables.c.obj

.plt
 *(SORT_BY_ALIGNMENT(.plt))

.iplt
 *(SORT_BY_ALIGNMENT(.iplt))
                0x0000000020010000                __rom_region_start = 0x20010000

rom_start       0x0000000020010000       0x18
                0x0000000020010000                . = ALIGN (0x10)
 *(SORT_BY_ALIGNMENT(.vectors.*))
 .vectors.__start
                0x0000000020010000       0x18 zephyr/libzephyr.a(vector.S.obj)
                0x0000000020010000                __start

reset           0x0000000020010018        0x4
 *(SORT_BY_ALIGNMENT(.reset.*))
 .reset.__reset
                0x0000000020010018        0x4 zephyr/arch/arch/riscv/core/libarch__riscv__core.a(reset.S.obj)
                0x0000000020010018                __reset

exceptions      0x000000002001001c      0x13a
 *(SORT_BY_ALIGNMENT(.exception.entry.*))
 .exception.entry._isr_wrapper
                0x000000002001001c      0x12a zephyr/arch/arch/riscv/core/libarch__riscv__core.a(isr.S.obj)
                0x000000002001001c                _isr_wrapper
                0x0000000020010108                z_riscv_thread_start
 *(SORT_BY_ALIGNMENT(.exception.other.*))
 *fill*         0x0000000020010146        0x2 
 .exception.other.__soc_handle_irq
                0x0000000020010148        0xe zephyr/libzephyr.a(soc_irq.S.obj)
                0x0000000020010148                __soc_handle_irq

text            0x0000000020010158     0x3356
                0x0000000020010158                . = ALIGN (0x4)
 *(SORT_BY_ALIGNMENT(.openocd_debug))
 *(SORT_BY_ALIGNMENT(.openocd_debug.*))
                0x0000000020010158                __text_region_start = .
 *(SORT_BY_ALIGNMENT(.text))
 .text          0x0000000020010158       0x3c /opt/zephyr-sdk-0.16.5/riscv64-zephyr-elf/bin/../lib/gcc/riscv64-zephyr-elf/12.2.0/rv32imac_zicsr_zifencei/ilp32/libgcc.a(_clzsi2.o)
                0x0000000020010158                __clzsi2
 .text          0x0000000020010194      0x35e /opt/zephyr-sdk-0.16.5/riscv64-zephyr-elf/bin/../lib/gcc/riscv64-zephyr-elf/12.2.0/rv32imac_zicsr_zifencei/ilp32/libgcc.a(_udivdi3.o)
                0x0000000020010194                __udivdi3
 *(SORT_BY_ALIGNMENT(.text.*))
 *fill*         0x00000000200104f2        0x2 
 .text.__initialize
                0x00000000200104f4       0x28 zephyr/arch/arch/riscv/core/libarch__riscv__core.a(reset.S.obj)
                0x00000000200104f4                __initialize
 *fill*         0x000000002001051c        0x0 
 .text.z_riscv_switch
                0x000000002001051c       0x72 zephyr/arch/arch/riscv/core/libarch__riscv__core.a(switch.S.obj)
                0x000000002001051c                z_riscv_switch
 *fill*         0x000000002001058e        0x2 
 .text.z_riscv_write_pmp_entries
                0x0000000020010590       0xe2 zephyr/arch/arch/riscv/core/libarch__riscv__core.a(pmp.S.obj)
                0x0000000020010590                z_riscv_write_pmp_entries
 .text._OffsetAbsSyms
                0x0000000020010672        0x2 zephyr/CMakeFiles/offsets.dir/./arch/riscv/core/offsets/offsets.c.obj
                0x0000000020010672                _OffsetAbsSyms
 .text.mock_irq_fn
                0x0000000020010674       0x84 app/libapp.a(main.c.obj)
 .text.thread_body
                0x00000000200106f8       0x34 app/libapp.a(main.c.obj)
 .text.thread_3_fn
                0x000000002001072c        0xa app/libapp.a(main.c.obj)
 .text.thread_2_fn
                0x0000000020010736        0xa app/libapp.a(main.c.obj)
 .text.thread_1_fn
                0x0000000020010740        0xa app/libapp.a(main.c.obj)
 .text.thread_0_fn
                0x000000002001074a        0xe app/libapp.a(main.c.obj)
 .text.main     0x0000000020010758       0xe2 app/libapp.a(main.c.obj)
                0x0000000020010758                main
 .text.free_list_add_bidx
                0x000000002001083a       0x76 zephyr/libzephyr.a(heap.c.obj)
 .text.free_list_add
                0x00000000200108b0       0x2e zephyr/libzephyr.a(heap.c.obj)
 .text.sys_heap_init
                0x00000000200108de       0xba zephyr/libzephyr.a(heap.c.obj)
                0x00000000200108de                sys_heap_init
 .text.arch_printk_char_out
                0x0000000020010998        0x4 zephyr/libzephyr.a(printk.c.obj)
                0x0000000020010998                arch_printk_char_out
 .text.char_out
                0x000000002001099c       0x14 zephyr/libzephyr.a(printk.c.obj)
 .text.vprintk  0x00000000200109b0       0x2e zephyr/libzephyr.a(printk.c.obj)
                0x00000000200109b0                vprintk
 .text.printk   0x00000000200109de       0x1e zephyr/libzephyr.a(printk.c.obj)
                0x00000000200109de                printk
 .text.__printk_hook_install
                0x00000000200109fc        0xa zephyr/libzephyr.a(printk.c.obj)
                0x00000000200109fc                __printk_hook_install
 .text.z_thread_entry
                0x0000000020010a06       0x2e zephyr/libzephyr.a(thread_entry.c.obj)
                0x0000000020010a06                z_thread_entry
 .text._ConfigAbsSyms
                0x0000000020010a34        0x2 zephyr/libzephyr.a(configs.c.obj)
                0x0000000020010a34                _ConfigAbsSyms
 .text.arch_irq_enable
                0x0000000020010a36       0x22 zephyr/libzephyr.a(soc_common_irq.c.obj)
                0x0000000020010a36                arch_irq_enable
 .text.arch_irq_disable
                0x0000000020010a58       0x22 zephyr/libzephyr.a(soc_common_irq.c.obj)
                0x0000000020010a58                arch_irq_disable
 .text.z_riscv_irq_priority_set
                0x0000000020010a7a       0x18 zephyr/libzephyr.a(soc_common_irq.c.obj)
                0x0000000020010a7a                z_riscv_irq_priority_set
 .text.soc_interrupt_init
                0x0000000020010a92        0xe zephyr/libzephyr.a(soc_common_irq.c.obj)
                0x0000000020010a92                soc_interrupt_init
 .text.fe310_clock_init
                0x0000000020010aa0       0x28 zephyr/libzephyr.a(clock.c.obj)
 .text.sys_trace_idle
                0x0000000020010ac8        0x2 zephyr/libzephyr.a(tracing_none.c.obj)
                0x0000000020010ac8                sys_trace_idle
 .text.arch_cpu_idle
                0x0000000020010aca       0x16 zephyr/arch/arch/riscv/core/libarch__riscv__core.a(cpu_idle.c.obj)
                0x0000000020010aca                arch_cpu_idle
 .text.bad_stack_pointer
                0x0000000020010ae0        0x4 zephyr/arch/arch/riscv/core/libarch__riscv__core.a(fatal.c.obj)
 .text.z_riscv_fatal_error
                0x0000000020010ae4        0x8 zephyr/arch/arch/riscv/core/libarch__riscv__core.a(fatal.c.obj)
                0x0000000020010ae4                z_riscv_fatal_error
 .text._Fault   0x0000000020010aec       0x1a zephyr/arch/arch/riscv/core/libarch__riscv__core.a(fatal.c.obj)
                0x0000000020010aec                _Fault
 .text.z_irq_spurious
                0x0000000020010b06       0x22 zephyr/arch/arch/riscv/core/libarch__riscv__core.a(irq_manage.c.obj)
                0x0000000020010b06                z_irq_spurious
 .text.z_prep_c
                0x0000000020010b28       0x12 zephyr/arch/arch/riscv/core/libarch__riscv__core.a(prep_c.c.obj)
                0x0000000020010b28                z_prep_c
 .text.arch_new_thread
                0x0000000020010b3a       0x34 zephyr/arch/arch/riscv/core/libarch__riscv__core.a(thread.c.obj)
                0x0000000020010b3a                arch_new_thread
 .text.set_pmp_entry
                0x0000000020010b6e       0xe0 zephyr/arch/arch/riscv/core/libarch__riscv__core.a(pmp.c.obj)
 .text.write_pmp_entries
                0x0000000020010c4e       0x3a zephyr/arch/arch/riscv/core/libarch__riscv__core.a(pmp.c.obj)
 .text.z_riscv_pmp_init
                0x0000000020010c88       0x62 zephyr/arch/arch/riscv/core/libarch__riscv__core.a(pmp.c.obj)
                0x0000000020010c88                z_riscv_pmp_init
 .text.z_tls_copy
                0x0000000020010cea       0x48 zephyr/arch/arch/riscv/core/libarch__riscv__core.a(tls.c.obj)
 .text.arch_tls_stack_setup
                0x0000000020010d32       0x52 zephyr/arch/arch/riscv/core/libarch__riscv__core.a(tls.c.obj)
                0x0000000020010d32                arch_tls_stack_setup
 .text.z_impl_zephyr_fputc
                0x0000000020010d84       0x16 zephyr/lib/libc/picolibc/liblib__libc__picolibc.a(libc-hooks.c.obj)
                0x0000000020010d84                z_impl_zephyr_fputc
 .text.picolibc_put
                0x0000000020010d9a        0xe zephyr/lib/libc/picolibc/liblib__libc__picolibc.a(libc-hooks.c.obj)
 .text.__stdout_hook_install
                0x0000000020010da8       0x1e zephyr/lib/libc/picolibc/liblib__libc__picolibc.a(libc-hooks.c.obj)
                0x0000000020010da8                __stdout_hook_install
 .text.malloc_prepare
                0x0000000020010dc6       0x24 zephyr/lib/libc/common/liblib__libc__common.a(malloc.c.obj)
 .text.z_impl_sys_rand32_get
                0x0000000020010dea       0x7a zephyr/subsys/random/libsubsys__random.a(rand32_timer.c.obj)
                0x0000000020010dea                z_impl_sys_rand32_get
 .text.get_claim_complete_addr
                0x0000000020010e64       0x16 zephyr/drivers/interrupt_controller/libdrivers__interrupt_controller.a(intc_plic.c.obj)
 .text.plic_irq_enable_set_state
                0x0000000020010e7a       0x54 zephyr/drivers/interrupt_controller/libdrivers__interrupt_controller.a(intc_plic.c.obj)
 .text.plic_init
                0x0000000020010ece       0x78 zephyr/drivers/interrupt_controller/libdrivers__interrupt_controller.a(intc_plic.c.obj)
 .text.plic_irq_config_func_0
                0x0000000020010f46       0x16 zephyr/drivers/interrupt_controller/libdrivers__interrupt_controller.a(intc_plic.c.obj)
 .text.plic_irq_handler
                0x0000000020010f5c       0x66 zephyr/drivers/interrupt_controller/libdrivers__interrupt_controller.a(intc_plic.c.obj)
 .text.riscv_plic_irq_enable
                0x0000000020010fc2        0xe zephyr/drivers/interrupt_controller/libdrivers__interrupt_controller.a(intc_plic.c.obj)
                0x0000000020010fc2                riscv_plic_irq_enable
 .text.riscv_plic_irq_disable
                0x0000000020010fd0        0xe zephyr/drivers/interrupt_controller/libdrivers__interrupt_controller.a(intc_plic.c.obj)
                0x0000000020010fd0                riscv_plic_irq_disable
 .text.riscv_plic_set_priority
                0x0000000020010fde       0x18 zephyr/drivers/interrupt_controller/libdrivers__interrupt_controller.a(intc_plic.c.obj)
                0x0000000020010fde                riscv_plic_set_priority
 .text.riscv_plic_get_irq
                0x0000000020010ff6        0xa zephyr/drivers/interrupt_controller/libdrivers__interrupt_controller.a(intc_plic.c.obj)
                0x0000000020010ff6                riscv_plic_get_irq
 .text.riscv_plic_get_dev
                0x0000000020011000        0xa zephyr/drivers/interrupt_controller/libdrivers__interrupt_controller.a(intc_plic.c.obj)
                0x0000000020011000                riscv_plic_get_dev
 .text.console_out
                0x000000002001100a       0x44 zephyr/drivers/console/libdrivers__console.a(uart_console.c.obj)
 .text.uart_console_hook_install
                0x000000002001104e       0x1e zephyr/drivers/console/libdrivers__console.a(uart_console.c.obj)
 .text.uart_console_init
                0x000000002001106c       0x20 zephyr/drivers/console/libdrivers__console.a(uart_console.c.obj)
 .text.sys_slist_remove
                0x000000002001108c       0x24 zephyr/drivers/gpio/libdrivers__gpio.a(gpio_sifive.c.obj)
 .text.sys_slist_find_and_remove
                0x00000000200110b0       0x24 zephyr/drivers/gpio/libdrivers__gpio.a(gpio_sifive.c.obj)
 .text.gpio_manage_callback
                0x00000000200110d4       0x4c zephyr/drivers/gpio/libdrivers__gpio.a(gpio_sifive.c.obj)
 .text.gpio_fire_callbacks
                0x0000000020011120       0x4c zephyr/drivers/gpio/libdrivers__gpio.a(gpio_sifive.c.obj)
 .text.gpio_sifive_config
                0x000000002001116c       0xb4 zephyr/drivers/gpio/libdrivers__gpio.a(gpio_sifive.c.obj)
 .text.gpio_sifive_port_get_raw
                0x0000000020011220        0xc zephyr/drivers/gpio/libdrivers__gpio.a(gpio_sifive.c.obj)
 .text.gpio_sifive_port_set_masked_raw
                0x000000002001122c       0x12 zephyr/drivers/gpio/libdrivers__gpio.a(gpio_sifive.c.obj)
 .text.gpio_sifive_port_set_bits_raw
                0x000000002001123e        0xe zephyr/drivers/gpio/libdrivers__gpio.a(gpio_sifive.c.obj)
 .text.gpio_sifive_port_clear_bits_raw
                0x000000002001124c       0x12 zephyr/drivers/gpio/libdrivers__gpio.a(gpio_sifive.c.obj)
 .text.gpio_sifive_port_toggle_bits
                0x000000002001125e        0xe zephyr/drivers/gpio/libdrivers__gpio.a(gpio_sifive.c.obj)
 .text.gpio_sifive_manage_callback
                0x000000002001126c       0x10 zephyr/drivers/gpio/libdrivers__gpio.a(gpio_sifive.c.obj)
 .text.gpio_sifive_init
                0x000000002001127c       0x3c zephyr/drivers/gpio/libdrivers__gpio.a(gpio_sifive.c.obj)
 .text.gpio_sifive_pin_interrupt_configure
                0x00000000200112b8       0xfa zephyr/drivers/gpio/libdrivers__gpio.a(gpio_sifive.c.obj)
 .text.gpio_sifive_cfg_0
                0x00000000200113b2      0x194 zephyr/drivers/gpio/libdrivers__gpio.a(gpio_sifive.c.obj)
 .text.gpio_sifive_irq_handler
                0x0000000020011546       0x54 zephyr/drivers/gpio/libdrivers__gpio.a(gpio_sifive.c.obj)
 .text.pinctrl_lookup_state
                0x000000002001159a       0x2a zephyr/drivers/pinctrl/libdrivers__pinctrl.a(common.c.obj)
                0x000000002001159a                pinctrl_lookup_state
 .text.pinctrl_sifive_set
                0x00000000200115c4       0x4a zephyr/drivers/pinctrl/libdrivers__pinctrl.a(pinctrl_sifive.c.obj)
 .text.pinctrl_configure_pins
                0x000000002001160e       0x36 zephyr/drivers/pinctrl/libdrivers__pinctrl.a(pinctrl_sifive.c.obj)
                0x000000002001160e                pinctrl_configure_pins
 .text.uart_sifive_poll_out
                0x0000000020011644        0xe zephyr/drivers/serial/libdrivers__serial.a(uart_sifive.c.obj)
 .text.uart_sifive_poll_in
                0x0000000020011652       0x16 zephyr/drivers/serial/libdrivers__serial.a(uart_sifive.c.obj)
 .text.pinctrl_apply_state
                0x0000000020011668       0x1e zephyr/drivers/serial/libdrivers__serial.a(uart_sifive.c.obj)
 .text.uart_sifive_init
                0x0000000020011686       0x42 zephyr/drivers/serial/libdrivers__serial.a(uart_sifive.c.obj)
 .text.get_hart_mtimecmp
                0x00000000200116c8       0x12 zephyr/drivers/timer/libdrivers__timer.a(riscv_machine_timer.c.obj)
 .text.set_mtimecmp
                0x00000000200116da       0x20 zephyr/drivers/timer/libdrivers__timer.a(riscv_machine_timer.c.obj)
 .text.mtime    0x00000000200116fa       0x16 zephyr/drivers/timer/libdrivers__timer.a(riscv_machine_timer.c.obj)
 .text.sys_clock_driver_init
                0x0000000020011710       0x54 zephyr/drivers/timer/libdrivers__timer.a(riscv_machine_timer.c.obj)
 .text.timer_isr
                0x0000000020011764       0x6c zephyr/drivers/timer/libdrivers__timer.a(riscv_machine_timer.c.obj)
 .text.sys_clock_set_timeout
                0x00000000200117d0       0x8a zephyr/drivers/timer/libdrivers__timer.a(riscv_machine_timer.c.obj)
                0x00000000200117d0                sys_clock_set_timeout
 .text.sys_clock_elapsed
                0x000000002001185a       0x2e zephyr/drivers/timer/libdrivers__timer.a(riscv_machine_timer.c.obj)
                0x000000002001185a                sys_clock_elapsed
 .text.sys_clock_cycle_get_32
                0x0000000020011888        0xc zephyr/drivers/timer/libdrivers__timer.a(riscv_machine_timer.c.obj)
                0x0000000020011888                sys_clock_cycle_get_32
 .text.z_device_state_init
                0x0000000020011894       0x1a zephyr/kernel/libkernel.a(device.c.obj)
                0x0000000020011894                z_device_state_init
 .text.z_device_is_ready
                0x00000000200118ae       0x22 zephyr/kernel/libkernel.a(device.c.obj)
                0x00000000200118ae                z_device_is_ready
 .text.arch_system_halt
                0x00000000200118d0        0x6 zephyr/kernel/libkernel.a(fatal.c.obj)
                0x00000000200118d0                arch_system_halt
 .text.k_sys_fatal_error_handler
                0x00000000200118d6        0x6 zephyr/kernel/libkernel.a(fatal.c.obj)
                0x00000000200118d6                k_sys_fatal_error_handler
 .text.z_fatal_error
                0x00000000200118dc       0x2e zephyr/kernel/libkernel.a(fatal.c.obj)
                0x00000000200118dc                z_fatal_error
 .text.z_sys_init_run_level
                0x000000002001190a       0x82 zephyr/kernel/libkernel.a(init.c.obj)
 .text.init_idle_thread
                0x000000002001198c       0x6e zephyr/kernel/libkernel.a(init.c.obj)
 .text.bg_thread_main
                0x00000000200119fa       0x38 zephyr/kernel/libkernel.a(init.c.obj)
 .text.z_swap_unlocked
                0x0000000020011a32       0x56 zephyr/kernel/libkernel.a(init.c.obj)
 .text.switch_to_main_thread
                0x0000000020011a88        0x6 zephyr/kernel/libkernel.a(init.c.obj)
 .text.z_early_memset
                0x0000000020011a8e        0xe zephyr/kernel/libkernel.a(init.c.obj)
                0x0000000020011a8e                z_early_memset
 .text.z_early_memcpy
                0x0000000020011a9c        0xe zephyr/kernel/libkernel.a(init.c.obj)
                0x0000000020011a9c                z_early_memcpy
 .text.z_bss_zero
                0x0000000020011aaa       0x26 zephyr/kernel/libkernel.a(init.c.obj)
                0x0000000020011aaa                z_bss_zero
 .text.z_init_cpu
                0x0000000020011ad0       0x6a zephyr/kernel/libkernel.a(init.c.obj)
                0x0000000020011ad0                z_init_cpu
 .text.prepare_multithreading
                0x0000000020011b3a       0x78 zephyr/kernel/libkernel.a(init.c.obj)
 .text.z_cstart
                0x0000000020011bb2       0x38 zephyr/kernel/libkernel.a(init.c.obj)
                0x0000000020011bb2                z_cstart
 .text.setup_thread_stack
                0x0000000020011bea       0x4c zephyr/kernel/libkernel.a(thread.c.obj)
 .text.z_thread_monitor_exit
                0x0000000020011c36       0x42 zephyr/kernel/libkernel.a(thread.c.obj)
                0x0000000020011c36                z_thread_monitor_exit
 .text.z_impl_k_thread_name_set
                0x0000000020011c78       0x2e zephyr/kernel/libkernel.a(thread.c.obj)
                0x0000000020011c78                z_impl_k_thread_name_set
 .text.z_check_stack_sentinel
                0x0000000020011ca6       0x38 zephyr/kernel/libkernel.a(thread.c.obj)
                0x0000000020011ca6                z_check_stack_sentinel
 .text.z_impl_k_thread_start
                0x0000000020011cde        0xe zephyr/kernel/libkernel.a(thread.c.obj)
                0x0000000020011cde                z_impl_k_thread_start
 .text.schedule_new_thread
                0x0000000020011cec       0x26 zephyr/kernel/libkernel.a(thread.c.obj)
 .text.z_init_thread_base
                0x0000000020011d12       0x1e zephyr/kernel/libkernel.a(thread.c.obj)
                0x0000000020011d12                z_init_thread_base
 .text.z_setup_new_thread
                0x0000000020011d30       0xc4 zephyr/kernel/libkernel.a(thread.c.obj)
                0x0000000020011d30                z_setup_new_thread
 .text.z_impl_k_thread_create
                0x0000000020011df4       0x38 zephyr/kernel/libkernel.a(thread.c.obj)
                0x0000000020011df4                z_impl_k_thread_create
 .text.z_init_static_threads
                0x0000000020011e2c       0x7e zephyr/kernel/libkernel.a(thread.c.obj)
                0x0000000020011e2c                z_init_static_threads
 .text.sliceable
                0x0000000020011eaa       0x52 zephyr/kernel/libkernel.a(sched.c.obj)
 .text.slice_timeout
                0x0000000020011efc       0x2c zephyr/kernel/libkernel.a(sched.c.obj)
 .text.thread_active_elsewhere
                0x0000000020011f28        0x4 zephyr/kernel/libkernel.a(sched.c.obj)
 .text.pended_on_thread
                0x0000000020011f2c        0x4 zephyr/kernel/libkernel.a(sched.c.obj)
 .text.add_thread_timeout
                0x0000000020011f30       0x28 zephyr/kernel/libkernel.a(sched.c.obj)
 .text.z_sched_prio_cmp
                0x0000000020011f58       0x14 zephyr/kernel/libkernel.a(sched.c.obj)
                0x0000000020011f58                z_sched_prio_cmp
 .text.z_reset_time_slice
                0x0000000020011f6c       0x6e zephyr/kernel/libkernel.a(sched.c.obj)
                0x0000000020011f6c                z_reset_time_slice
 .text.k_sched_lock
                0x0000000020011fda       0x2a zephyr/kernel/libkernel.a(sched.c.obj)
                0x0000000020011fda                k_sched_lock
 .text.z_swap_next_thread
                0x0000000020012004        0xc zephyr/kernel/libkernel.a(sched.c.obj)
                0x0000000020012004                z_swap_next_thread
 .text.z_swap_irqlock
                0x0000000020012010       0x62 zephyr/kernel/libkernel.a(sched.c.obj)
 .text.z_reschedule_irqlock
                0x0000000020012072       0x32 zephyr/kernel/libkernel.a(sched.c.obj)
                0x0000000020012072                z_reschedule_irqlock
 .text.z_swap   0x00000000200120a4       0x70 zephyr/kernel/libkernel.a(sched.c.obj)
 .text.z_reschedule
                0x0000000020012114       0x32 zephyr/kernel/libkernel.a(sched.c.obj)
                0x0000000020012114                z_reschedule
 .text.z_get_next_switch_handle
                0x0000000020012146       0x2a zephyr/kernel/libkernel.a(sched.c.obj)
                0x0000000020012146                z_get_next_switch_handle
 .text.z_priq_dumb_remove
                0x0000000020012170       0x12 zephyr/kernel/libkernel.a(sched.c.obj)
                0x0000000020012170                z_priq_dumb_remove
 .text.unpend_thread_no_timeout
                0x0000000020012182       0x24 zephyr/kernel/libkernel.a(sched.c.obj)
 .text.z_priq_dumb_best
                0x00000000200121a6        0xe zephyr/kernel/libkernel.a(sched.c.obj)
                0x00000000200121a6                z_priq_dumb_best
 .text.update_cache
                0x00000000200121b4       0x76 zephyr/kernel/libkernel.a(sched.c.obj)
 .text.move_thread_to_end_of_prio_q
                0x000000002001222a       0xb8 zephyr/kernel/libkernel.a(sched.c.obj)
 .text.z_time_slice
                0x00000000200122e2       0x54 zephyr/kernel/libkernel.a(sched.c.obj)
                0x00000000200122e2                z_time_slice
 .text.ready_thread
                0x0000000020012336       0xa8 zephyr/kernel/libkernel.a(sched.c.obj)
 .text.z_ready_thread
                0x00000000200123de       0x36 zephyr/kernel/libkernel.a(sched.c.obj)
                0x00000000200123de                z_ready_thread
 .text.z_sched_start
                0x0000000020012414       0x38 zephyr/kernel/libkernel.a(sched.c.obj)
                0x0000000020012414                z_sched_start
 .text.unpend_all
                0x000000002001244c       0x32 zephyr/kernel/libkernel.a(sched.c.obj)
 .text.z_sched_wake_thread
                0x000000002001247e       0x5c zephyr/kernel/libkernel.a(sched.c.obj)
                0x000000002001247e                z_sched_wake_thread
 .text.z_thread_timeout
                0x00000000200124da       0x10 zephyr/kernel/libkernel.a(sched.c.obj)
                0x00000000200124da                z_thread_timeout
 .text.unready_thread
                0x00000000200124ea       0x46 zephyr/kernel/libkernel.a(sched.c.obj)
 .text.add_to_waitq_locked
                0x0000000020012530       0x76 zephyr/kernel/libkernel.a(sched.c.obj)
 .text.pend_locked
                0x00000000200125a6       0x28 zephyr/kernel/libkernel.a(sched.c.obj)
 .text.z_pend_curr
                0x00000000200125ce       0x34 zephyr/kernel/libkernel.a(sched.c.obj)
                0x00000000200125ce                z_pend_curr
 .text.k_sched_unlock
                0x0000000020012602       0x44 zephyr/kernel/libkernel.a(sched.c.obj)
                0x0000000020012602                k_sched_unlock
 .text.halt_thread
                0x0000000020012646       0x7e zephyr/kernel/libkernel.a(sched.c.obj)
 .text.z_thread_halt
                0x00000000200126c4       0x50 zephyr/kernel/libkernel.a(sched.c.obj)
 .text.z_impl_k_thread_suspend
                0x0000000020012714       0x2e zephyr/kernel/libkernel.a(sched.c.obj)
                0x0000000020012714                z_impl_k_thread_suspend
 .text.z_unpend_first_thread
                0x0000000020012742       0x46 zephyr/kernel/libkernel.a(sched.c.obj)
                0x0000000020012742                z_unpend_first_thread
 .text.init_ready_q
                0x0000000020012788        0xa zephyr/kernel/libkernel.a(sched.c.obj)
                0x0000000020012788                init_ready_q
 .text.z_sched_init
                0x0000000020012792       0x14 zephyr/kernel/libkernel.a(sched.c.obj)
                0x0000000020012792                z_sched_init
 .text.z_impl_k_yield
                0x00000000200127a6       0xba zephyr/kernel/libkernel.a(sched.c.obj)
                0x00000000200127a6                z_impl_k_yield
 .text.z_tick_sleep
                0x0000000020012860       0xae zephyr/kernel/libkernel.a(sched.c.obj)
 .text.z_impl_k_sleep
                0x000000002001290e       0x4c zephyr/kernel/libkernel.a(sched.c.obj)
                0x000000002001290e                z_impl_k_sleep
 .text.z_impl_k_sched_current_thread_query
                0x000000002001295a        0xc zephyr/kernel/libkernel.a(sched.c.obj)
                0x000000002001295a                z_impl_k_sched_current_thread_query
 .text.z_thread_abort
                0x0000000020012966       0x3a zephyr/kernel/libkernel.a(sched.c.obj)
                0x0000000020012966                z_thread_abort
 .text.z_impl_k_thread_abort
                0x00000000200129a0        0xc zephyr/kernel/libkernel.a(sched.c.obj)
                0x00000000200129a0                z_impl_k_thread_abort
 .text.idle     0x00000000200129ac        0xe zephyr/kernel/libkernel.a(idle.c.obj)
                0x00000000200129ac                idle
 .text.z_impl_k_sem_give
                0x00000000200129ba       0x4c zephyr/kernel/libkernel.a(sem.c.obj)
                0x00000000200129ba                z_impl_k_sem_give
 .text.z_impl_k_sem_take
                0x0000000020012a06       0x48 zephyr/kernel/libkernel.a(sem.c.obj)
                0x0000000020012a06                z_impl_k_sem_take
 .text.z_data_copy
                0x0000000020012a4e       0x42 zephyr/kernel/libkernel.a(xip.c.obj)
                0x0000000020012a4e                z_data_copy
 .text.first    0x0000000020012a90       0x14 zephyr/kernel/libkernel.a(timeout.c.obj)
 .text.next     0x0000000020012aa4       0x18 zephyr/kernel/libkernel.a(timeout.c.obj)
 .text.remove_timeout
                0x0000000020012abc       0x3a zephyr/kernel/libkernel.a(timeout.c.obj)
 .text.elapsed  0x0000000020012af6       0x1c zephyr/kernel/libkernel.a(timeout.c.obj)
 .text.next_timeout
                0x0000000020012b12       0x4c zephyr/kernel/libkernel.a(timeout.c.obj)
 .text.z_add_timeout
                0x0000000020012b5e      0x122 zephyr/kernel/libkernel.a(timeout.c.obj)
                0x0000000020012b5e                z_add_timeout
 .text.z_abort_timeout
                0x0000000020012c80       0x3a zephyr/kernel/libkernel.a(timeout.c.obj)
                0x0000000020012c80                z_abort_timeout
 .text.sys_clock_announce
                0x0000000020012cba      0x100 zephyr/kernel/libkernel.a(timeout.c.obj)
                0x0000000020012cba                sys_clock_announce
 .text.sys_clock_tick_get
                0x0000000020012dba       0x46 zephyr/kernel/libkernel.a(timeout.c.obj)
                0x0000000020012dba                sys_clock_tick_get
 .text.sys_clock_tick_get_32
                0x0000000020012e00        0xc zephyr/kernel/libkernel.a(timeout.c.obj)
                0x0000000020012e00                sys_clock_tick_get_32
 .text.z_impl_atomic_add
                0x0000000020012e0c       0x16 zephyr/kernel/libkernel.a(atomic_c.c.obj)
                0x0000000020012e0c                z_impl_atomic_add
 .text.boot_banner
                0x0000000020012e22       0x16 zephyr/kernel/libkernel.a(banner.c.obj)
                0x0000000020012e22                boot_banner
 .text.strncpy  0x0000000020012e38       0x28 /opt/zephyr-sdk-0.16.5/riscv64-zephyr-elf/bin/../lib/gcc/../../picolibc/riscv64-zephyr-elf/lib/rv32imac_zicsr_zifencei/ilp32/libc.a(libc_string_strncpy.c.o)
                0x0000000020012e38                strncpy
 .text.strnlen  0x0000000020012e60       0x18 /opt/zephyr-sdk-0.16.5/riscv64-zephyr-elf/bin/../lib/gcc/../../picolibc/riscv64-zephyr-elf/lib/rv32imac_zicsr_zifencei/ilp32/libc.a(libc_string_strnlen.c.o)
                0x0000000020012e60                strnlen
 .text.__ultoa_invert
                0x0000000020012e78      0x110 /opt/zephyr-sdk-0.16.5/riscv64-zephyr-elf/bin/../lib/gcc/../../picolibc/riscv64-zephyr-elf/lib/rv32imac_zicsr_zifencei/ilp32/libc.a(libc_tinystdio_vflprintf.c.o)
 .text.__l_vfprintf
                0x0000000020012f88      0x500 /opt/zephyr-sdk-0.16.5/riscv64-zephyr-elf/bin/../lib/gcc/../../picolibc/riscv64-zephyr-elf/lib/rv32imac_zicsr_zifencei/ilp32/libc.a(libc_tinystdio_vflprintf.c.o)
                0x0000000020012f88                __l_vfprintf
 .text.memcpy   0x0000000020013488       0x16 /opt/zephyr-sdk-0.16.5/riscv64-zephyr-elf/bin/../lib/gcc/../../picolibc/riscv64-zephyr-elf/lib/rv32imac_zicsr_zifencei/ilp32/libc.a(memcpy-asm.S.o)
                0x0000000020013488                memcpy
 .text.memset   0x000000002001349e       0x10 /opt/zephyr-sdk-0.16.5/riscv64-zephyr-elf/bin/../lib/gcc/../../picolibc/riscv64-zephyr-elf/lib/rv32imac_zicsr_zifencei/ilp32/libc.a(memset.S.o)
                0x000000002001349e                memset
 *(SORT_BY_ALIGNMENT(.gnu.linkonce.t.*))
                0x00000000200134ae                __text_region_end = .
                0x00000000200134ae                __rodata_region_start = .

initlevel       0x00000000200134b0       0x38
                0x00000000200134b0                __init_start = .
                0x00000000200134b0                __init_EARLY_start = .
 *(SORT_BY_NAME(SORT_BY_ALIGNMENT(.z_init_EARLY?_*)))
 *(SORT_BY_NAME(SORT_BY_ALIGNMENT(.z_init_EARLY??_*)))
                0x00000000200134b0                __init_PRE_KERNEL_1_start = .
 *(SORT_BY_NAME(SORT_BY_ALIGNMENT(.z_init_PRE_KERNEL_1?_*)))
 *(SORT_BY_NAME(SORT_BY_ALIGNMENT(.z_init_PRE_KERNEL_1??_*)))
 .z_init_PRE_KERNEL_140_00011_
                0x00000000200134b0        0x8 zephyr/drivers/interrupt_controller/libdrivers__interrupt_controller.a(intc_plic.c.obj)
 .z_init_PRE_KERNEL_140_00012_
                0x00000000200134b8        0x8 zephyr/drivers/gpio/libdrivers__gpio.a(gpio_sifive.c.obj)
 .z_init_PRE_KERNEL_140_0_
                0x00000000200134c0        0x8 zephyr/libzephyr.a(clock.c.obj)
 .z_init_PRE_KERNEL_150_00036_
                0x00000000200134c8        0x8 zephyr/drivers/serial/libdrivers__serial.a(uart_sifive.c.obj)
 .z_init_PRE_KERNEL_160_0_
                0x00000000200134d0        0x8 zephyr/drivers/console/libdrivers__console.a(uart_console.c.obj)
                0x00000000200134d8                __init_PRE_KERNEL_2_start = .
 *(SORT_BY_NAME(SORT_BY_ALIGNMENT(.z_init_PRE_KERNEL_2?_*)))
 .z_init_PRE_KERNEL_20_0_
                0x00000000200134d8        0x8 zephyr/drivers/timer/libdrivers__timer.a(riscv_machine_timer.c.obj)
 *(SORT_BY_NAME(SORT_BY_ALIGNMENT(.z_init_PRE_KERNEL_2??_*)))
                0x00000000200134e0                __init_POST_KERNEL_start = .
 *(SORT_BY_NAME(SORT_BY_ALIGNMENT(.z_init_POST_KERNEL?_*)))
 *(SORT_BY_NAME(SORT_BY_ALIGNMENT(.z_init_POST_KERNEL??_*)))
 .z_init_POST_KERNEL40_0_
                0x00000000200134e0        0x8 zephyr/lib/libc/common/liblib__libc__common.a(malloc.c.obj)
                0x00000000200134e8                __init_APPLICATION_start = .
 *(SORT_BY_NAME(SORT_BY_ALIGNMENT(.z_init_APPLICATION?_*)))
 *(SORT_BY_NAME(SORT_BY_ALIGNMENT(.z_init_APPLICATION??_*)))
                0x00000000200134e8                __init_SMP_start = .
 *(SORT_BY_NAME(SORT_BY_ALIGNMENT(.z_init_SMP?_*)))
 *(SORT_BY_NAME(SORT_BY_ALIGNMENT(.z_init_SMP??_*)))
                0x00000000200134e8                __init_end = .

device_area     0x00000000200134e8       0x3c
                0x00000000200134e8                _device_list_start = .
 *(SORT_BY_NAME(SORT_BY_ALIGNMENT(._device.static.*_?_*)))
 *(SORT_BY_NAME(SORT_BY_ALIGNMENT(._device.static.*_??_*)))
 ._device.static.1_40_
                0x00000000200134e8       0x14 zephyr/drivers/interrupt_controller/libdrivers__interrupt_controller.a(intc_plic.c.obj)
                0x00000000200134e8                __device_dts_ord_11
 ._device.static.1_40_
                0x00000000200134fc       0x14 zephyr/drivers/gpio/libdrivers__gpio.a(gpio_sifive.c.obj)
                0x00000000200134fc                __device_dts_ord_12
 ._device.static.1_50_
                0x0000000020013510       0x14 zephyr/drivers/serial/libdrivers__serial.a(uart_sifive.c.obj)
                0x0000000020013510                __device_dts_ord_36
                0x0000000020013524                _device_list_end = .

sw_isr_table    0x0000000020013524      0x200
                0x0000000020013524                . = ALIGN (0x4)
 *(SORT_BY_ALIGNMENT(.gnu.linkonce.sw_isr_table*))
 .gnu.linkonce.sw_isr_table
                0x0000000020013524      0x200 zephyr/CMakeFiles/zephyr_final.dir/isr_tables.c.obj
                0x0000000020013524                _sw_isr_table

initlevel_error
                0x00000000200134ae        0x0
 *(SORT_BY_NAME(SORT_BY_ALIGNMENT(.z_init_[_A-Z0-9]*)))
                0x0000000000000001                ASSERT ((SIZEOF (initlevel_error) == 0x0), Undefined initialization levels used.)

app_shmem_regions
                0x0000000020013724        0x0
                0x0000000020013724                __app_shmem_regions_start = .
 *(SORT_BY_NAME(SORT_BY_ALIGNMENT(.app_regions.*)))
                0x0000000020013724                __app_shmem_regions_end = .

k_p4wq_initparam_area
                0x0000000020013724        0x0
                0x0000000020013724                _k_p4wq_initparam_list_start = .
 *(SORT_BY_NAME(SORT_BY_ALIGNMENT(._k_p4wq_initparam.static.*)))
                0x0000000020013724                _k_p4wq_initparam_list_end = .

_static_thread_data_area
                0x0000000020013724        0x0
                0x0000000020013724                __static_thread_data_list_start = .
 *(SORT_BY_NAME(SORT_BY_ALIGNMENT(.__static_thread_data.static.*)))
                0x0000000020013724                __static_thread_data_list_end = .

device_deps     0x0000000020013724        0x0
                0x0000000020013724                __device_deps_start = .
 *(SORT_BY_NAME(SORT_BY_ALIGNMENT(.__device_deps_pass2*)))
                0x0000000020013724                __device_deps_end = .

ztest           0x0000000020013724        0x0
                0x0000000020013724                _ztest_expected_result_entry_list_start = .
 *(SORT_BY_NAME(SORT_BY_ALIGNMENT(._ztest_expected_result_entry.static.*)))
                0x0000000020013724                _ztest_expected_result_entry_list_end = .
                0x0000000020013724                _ztest_suite_node_list_start = .
 *(SORT_BY_NAME(SORT_BY_ALIGNMENT(._ztest_suite_node.static.*)))
                0x0000000020013724                _ztest_suite_node_list_end = .
                0x0000000020013724                _ztest_unit_test_list_start = .
 *(SORT_BY_NAME(SORT_BY_ALIGNMENT(._ztest_unit_test.static.*)))
                0x0000000020013724                _ztest_unit_test_list_end = .
                0x0000000020013724                _ztest_test_rule_list_start = .
 *(SORT_BY_NAME(SORT_BY_ALIGNMENT(._ztest_test_rule.static.*)))
                0x0000000020013724                _ztest_test_rule_list_end = .

bt_l2cap_fixed_chan_area
                0x0000000020013724        0x0
                0x0000000020013724                _bt_l2cap_fixed_chan_list_start = .
 *(SORT_BY_NAME(SORT_BY_ALIGNMENT(._bt_l2cap_fixed_chan.static.*)))
                0x0000000020013724                _bt_l2cap_fixed_chan_list_end = .

bt_gatt_service_static_area
                0x0000000020013724        0x0
                0x0000000020013724                _bt_gatt_service_static_list_start = .
 *(SORT_BY_NAME(SORT_BY_ALIGNMENT(._bt_gatt_service_static.static.*)))
                0x0000000020013724                _bt_gatt_service_static_list_end = .

log_strings_area
                0x0000000020013724        0x0
                0x0000000020013724                _log_strings_list_start = .
 *(SORT_BY_NAME(SORT_BY_ALIGNMENT(._log_strings.static.*)))
                0x0000000020013724                _log_strings_list_end = .

log_const_area  0x0000000020013724        0x0
                0x0000000020013724                _log_const_list_start = .
 *(SORT_BY_NAME(SORT_BY_ALIGNMENT(._log_const.static.*)))
                0x0000000020013724                _log_const_list_end = .

log_backend_area
                0x0000000020013724        0x0
                0x0000000020013724                _log_backend_list_start = .
 *(SORT_BY_NAME(SORT_BY_ALIGNMENT(._log_backend.static.*)))
                0x0000000020013724                _log_backend_list_end = .

log_link_area   0x0000000020013724        0x0
                0x0000000020013724                _log_link_list_start = .
 *(SORT_BY_NAME(SORT_BY_ALIGNMENT(._log_link.static.*)))
                0x0000000020013724                _log_link_list_end = .

tracing_backend_area
                0x0000000020013724        0x0
                0x0000000020013724                _tracing_backend_list_start = .
 *(SORT_BY_NAME(SORT_BY_ALIGNMENT(._tracing_backend.static.*)))
                0x0000000020013724                _tracing_backend_list_end = .

zephyr_dbg_info
                0x0000000020013724       0x44
 *(SORT_BY_ALIGNMENT(.dbg_thread_info))
 .dbg_thread_info
                0x0000000020013724       0x44 zephyr/libzephyr.a(thread_info.c.obj)
                0x0000000020013724                _kernel_openocd_size_t_size
                0x0000000020013724                _kernel_thread_info_size_t_size
                0x0000000020013728                _kernel_thread_info_num_offsets
                0x0000000020013728                _kernel_openocd_num_offsets
                0x000000002001372c                _kernel_thread_info_offsets
                0x000000002001372c                _kernel_openocd_offsets

symbol_to_keep  0x0000000020013768        0x0
                0x0000000020013768                __symbol_to_keep_start = .
 *(SORT_BY_NAME(SORT_BY_ALIGNMENT(.symbol_to_keep*)))
                0x0000000020013768                __symbol_to_keep_end = .

shell_area      0x0000000020013768        0x0
                0x0000000020013768                _shell_list_start = .
 *(SORT_BY_NAME(SORT_BY_ALIGNMENT(._shell.static.*)))
                0x0000000020013768                _shell_list_end = .

shell_root_cmds_area
                0x0000000020013768        0x0
                0x0000000020013768                _shell_root_cmds_list_start = .
 *(SORT_BY_NAME(SORT_BY_ALIGNMENT(._shell_root_cmds.static.*)))
                0x0000000020013768                _shell_root_cmds_list_end = .

shell_subcmds_area
                0x0000000020013768        0x0
                0x0000000020013768                _shell_subcmds_list_start = .
 *(SORT_BY_NAME(SORT_BY_ALIGNMENT(._shell_subcmds.static.*)))
                0x0000000020013768                _shell_subcmds_list_end = .

shell_dynamic_subcmds_area
                0x0000000020013768        0x0
                0x0000000020013768                _shell_dynamic_subcmds_list_start = .
 *(SORT_BY_NAME(SORT_BY_ALIGNMENT(._shell_dynamic_subcmds.static.*)))
                0x0000000020013768                _shell_dynamic_subcmds_list_end = .

cfb_font_area   0x0000000020013768        0x0
                0x0000000020013768                _cfb_font_list_start = .
 *(SORT_BY_NAME(SORT_BY_ALIGNMENT(._cfb_font.static.*)))
                0x0000000020013768                _cfb_font_list_end = .

tdata           0x0000000020013768        0x0
 *(SORT_BY_ALIGNMENT(.tdata) SORT_BY_ALIGNMENT(.tdata.*) SORT_BY_ALIGNMENT(.gnu.linkonce.td.*))

tbss            0x0000000020013768        0x4
 *(SORT_BY_ALIGNMENT(.tbss) SORT_BY_ALIGNMENT(.tbss.*) SORT_BY_ALIGNMENT(.gnu.linkonce.tb.*) SORT_BY_ALIGNMENT(.tcommon))
 .tbss.z_tls_current
                0x0000000020013768        0x4 zephyr/libzephyr.a(thread_entry.c.obj)
                0x0000000020013768                z_tls_current
                0x0000000020013768                PROVIDE (__tdata_start = LOADADDR (tdata))
                0x0000000000000000                PROVIDE (__tdata_size = SIZEOF (tdata))
                [!provide]                        PROVIDE (__tdata_end = (__tdata_start + __tdata_size))
                0x0000000000000001                PROVIDE (__tdata_align = ALIGNOF (tdata))
                [!provide]                        PROVIDE (__tbss_start = ADDR (tbss))
                0x0000000000000004                PROVIDE (__tbss_size = SIZEOF (tbss))
                [!provide]                        PROVIDE (__tbss_end = (__tbss_start + __tbss_size))
                0x0000000000000004                PROVIDE (__tbss_align = ALIGNOF (tbss))
                [!provide]                        PROVIDE (__tls_start = __tdata_start)
                [!provide]                        PROVIDE (__tls_end = __tbss_end)
                [!provide]                        PROVIDE (__tls_size = (__tbss_end - __tdata_start))

rodata          0x0000000020013768      0x414
                0x0000000020013768                . = ALIGN (0x4)
 *(SORT_BY_ALIGNMENT(.srodata))
 *(SORT_BY_ALIGNMENT(.srodata.*))
 .srodata.cst8  0x0000000020013768        0x8 zephyr/subsys/random/libsubsys__random.a(rand32_timer.c.obj)
 .srodata.__pinctrl_dev_config__device_dts_ord_36
                0x0000000020013770        0x8 zephyr/drivers/serial/libdrivers__serial.a(uart_sifive.c.obj)
 .srodata.__pinctrl_states__device_dts_ord_36
                0x0000000020013778        0x8 zephyr/drivers/serial/libdrivers__serial.a(uart_sifive.c.obj)
 .srodata.__pinctrl_state_pins_0__device_dts_ord_36
                0x0000000020013780        0x4 zephyr/drivers/serial/libdrivers__serial.a(uart_sifive.c.obj)
 *(SORT_BY_ALIGNMENT(.rodata))
 .rodata        0x0000000020013784      0x100 /opt/zephyr-sdk-0.16.5/riscv64-zephyr-elf/bin/../lib/gcc/riscv64-zephyr-elf/12.2.0/rv32imac_zicsr_zifencei/ilp32/libgcc.a(_clz.o)
                0x0000000020013784                __clz_tab
 *(SORT_BY_ALIGNMENT(.rodata.*))
 .rodata.mock_irq_fn.str1.4
                0x0000000020013884       0x5a app/libapp.a(main.c.obj)
 *fill*         0x00000000200138de        0x2 
 .rodata.thread_body.str1.4
                0x00000000200138e0       0x26 app/libapp.a(main.c.obj)
 *fill*         0x0000000020013906        0x2 
 .rodata.main.str1.4
                0x0000000020013908       0x65 app/libapp.a(main.c.obj)
 *fill*         0x000000002001396d        0x3 
 .rodata.entry_fns
                0x0000000020013970       0x10 app/libapp.a(main.c.obj)
 .rodata.sems   0x0000000020013980       0x10 app/libapp.a(main.c.obj)
 .rodata.str1.4
                0x0000000020013990       0x2d app/libapp.a(main.c.obj)
 *fill*         0x00000000200139bd        0x3 
 .rodata.cfgs   0x00000000200139c0       0x10 app/libapp.a(main.c.obj)
 .rodata.str1.4
                0x00000000200139d0       0x1d zephyr/drivers/interrupt_controller/libdrivers__interrupt_controller.a(intc_plic.c.obj)
 *fill*         0x00000000200139ed        0x3 
 .rodata.plic_config_0
                0x00000000200139f0       0x1c zephyr/drivers/interrupt_controller/libdrivers__interrupt_controller.a(intc_plic.c.obj)
 .rodata.str1.4
                0x0000000020013a0c        0xe zephyr/drivers/gpio/libdrivers__gpio.a(gpio_sifive.c.obj)
 *fill*         0x0000000020013a1a        0x2 
 .rodata.gpio_sifive_config0
                0x0000000020013a1c       0x10 zephyr/drivers/gpio/libdrivers__gpio.a(gpio_sifive.c.obj)
 .rodata.gpio_sifive_driver
                0x0000000020013a2c       0x24 zephyr/drivers/gpio/libdrivers__gpio.a(gpio_sifive.c.obj)
 .rodata.str1.4
                0x0000000020013a50       0x10 zephyr/drivers/serial/libdrivers__serial.a(uart_sifive.c.obj)
 .rodata.uart_sifive_dev_cfg_0
                0x0000000020013a60       0x18 zephyr/drivers/serial/libdrivers__serial.a(uart_sifive.c.obj)
 .rodata.uart_sifive_driver_api
                0x0000000020013a78       0x14 zephyr/drivers/serial/libdrivers__serial.a(uart_sifive.c.obj)
 .rodata.init_idle_thread.str1.4
                0x0000000020013a8c        0x5 zephyr/kernel/libkernel.a(init.c.obj)
 *fill*         0x0000000020013a91        0x3 
 .rodata.prepare_multithreading.str1.4
                0x0000000020013a94        0x5 zephyr/kernel/libkernel.a(init.c.obj)
 *fill*         0x0000000020013a99        0x3 
 .rodata.levels.0
                0x0000000020013a9c       0x18 zephyr/kernel/libkernel.a(init.c.obj)
 .rodata.boot_banner.str1.4
                0x0000000020013ab4       0x28 zephyr/kernel/libkernel.a(banner.c.obj)
 .rodata.__l_vfprintf.str1.4
                0x0000000020013adc       0x10 /opt/zephyr-sdk-0.16.5/riscv64-zephyr-elf/bin/../lib/gcc/../../picolibc/riscv64-zephyr-elf/lib/rv32imac_zicsr_zifencei/ilp32/libc.a(libc_tinystdio_vflprintf.c.o)
 .rodata.__l_vfprintf
                0x0000000020013aec       0x90 /opt/zephyr-sdk-0.16.5/riscv64-zephyr-elf/bin/../lib/gcc/../../picolibc/riscv64-zephyr-elf/lib/rv32imac_zicsr_zifencei/ilp32/libc.a(libc_tinystdio_vflprintf.c.o)
 *(SORT_BY_ALIGNMENT(.gnu.linkonce.r.*))
 *(SORT_BY_ALIGNMENT(.sdata2) SORT_BY_ALIGNMENT(.sdata2.*) SORT_BY_ALIGNMENT(.gnu.linkonce.s2.*))
                0x0000000020013b7c                . = ALIGN (0x4)
                0x0000000020013b7c                __rodata_region_end = .
                0x0000000080000000                . = 0x80000000
                0x0000000080000000                _image_ram_start = .

.ramfunc        0x0000000080000000        0x0 load address 0x0000000020013b7c
                0x0000000080000000                . = ALIGN (0x4)
                0x0000000080000000                . = ALIGN ((0x1 << LOG2CEIL (__ramfunc_size)))
                0x0000000080000000                __ramfunc_start = .
 *(SORT_BY_ALIGNMENT(.ramfunc))
 *(SORT_BY_ALIGNMENT(.ramfunc.*))
                0x0000000080000000                . = ALIGN (0x4)
                0x0000000080000000                . = ALIGN ((0x1 << LOG2CEIL (__ramfunc_size)))
                0x0000000080000000                __ramfunc_end = .
                0x0000000000000000                __ramfunc_size = (__ramfunc_end - __ramfunc_start)
                0x0000000020013b7c                __ramfunc_load_start = LOADADDR (.ramfunc)

bss             0x0000000080000000      0x61c
                0x0000000080000000                . = ALIGN (0x4)
                0x0000000080000000                . = ALIGN (0x4)
                0x0000000080000000                __bss_start = .
                0x0000000080000000                __kernel_ram_start = .
 *(SORT_BY_ALIGNMENT(.sbss))
 *(SORT_BY_ALIGNMENT(.sbss.*))
 .sbss.last_ticks
                0x0000000080000000        0x8 zephyr/drivers/timer/libdrivers__timer.a(riscv_machine_timer.c.obj)
 .sbss.last_count
                0x0000000080000008        0x8 zephyr/drivers/timer/libdrivers__timer.a(riscv_machine_timer.c.obj)
 .sbss.curr_tick
                0x0000000080000010        0x8 zephyr/kernel/libkernel.a(timeout.c.obj)
 .sbss.global_pmp_end_index
                0x0000000080000018        0x4 zephyr/arch/arch/riscv/core/libarch__riscv__core.a(pmp.c.obj)
 .sbss.global_pmp_last_addr
                0x000000008000001c        0x4 zephyr/arch/arch/riscv/core/libarch__riscv__core.a(pmp.c.obj)
 .sbss.global_pmp_cfg
                0x0000000080000020        0x4 zephyr/arch/arch/riscv/core/libarch__riscv__core.a(pmp.c.obj)
 .sbss._stdout_hook
                0x0000000080000024        0x4 zephyr/lib/libc/picolibc/liblib__libc__picolibc.a(libc-hooks.c.obj)
 .sbss.save_dev
                0x0000000080000028        0x4 zephyr/drivers/interrupt_controller/libdrivers__interrupt_controller.a(intc_plic.c.obj)
 .sbss.save_irq
                0x000000008000002c        0x4 zephyr/drivers/interrupt_controller/libdrivers__interrupt_controller.a(intc_plic.c.obj)
 .sbss.last_elapsed
                0x0000000080000030        0x4 zephyr/drivers/timer/libdrivers__timer.a(riscv_machine_timer.c.obj)
 .sbss._cpus_active
                0x0000000080000034        0x4 zephyr/kernel/libkernel.a(init.c.obj)
                0x0000000080000034                _cpus_active
 .sbss.slice_expired
                0x0000000080000038        0x1 zephyr/kernel/libkernel.a(sched.c.obj)
 *fill*         0x0000000080000039        0x3 
 .sbss.slice_max_prio
                0x000000008000003c        0x4 zephyr/kernel/libkernel.a(sched.c.obj)
 .sbss.slice_ticks
                0x0000000080000040        0x4 zephyr/kernel/libkernel.a(sched.c.obj)
 .sbss.announce_remaining
                0x0000000080000044        0x4 zephyr/kernel/libkernel.a(timeout.c.obj)
 .sbss.z_sys_post_kernel
                0x0000000080000048        0x1 zephyr/kernel/libkernel.a(init.c.obj)
                0x0000000080000048                z_sys_post_kernel
 *(SORT_BY_ALIGNMENT(.bss))
 *(SORT_BY_ALIGNMENT(.bss.*))
 *fill*         0x0000000080000049        0x7 
 .bss.irq_thread
                0x0000000080000050       0xc8 app/libapp.a(main.c.obj)
 .bss.app_threads
                0x0000000080000118      0x320 app/libapp.a(main.c.obj)
 .bss.z_idle_threads
                0x0000000080000438       0xc8 zephyr/kernel/libkernel.a(init.c.obj)
                0x0000000080000438                z_idle_threads
 .bss.z_main_thread
                0x0000000080000500       0xc8 zephyr/kernel/libkernel.a(init.c.obj)
                0x0000000080000500                z_main_thread
 .bss.slice_timeouts
                0x00000000800005c8       0x18 zephyr/kernel/libkernel.a(sched.c.obj)
 .bss.z_malloc_heap
                0x00000000800005e0        0xc zephyr/lib/libc/common/liblib__libc__common.a(malloc.c.obj)
 .bss.gpio_sifive_data0
                0x00000000800005ec        0xc zephyr/drivers/gpio/libdrivers__gpio.a(gpio_sifive.c.obj)
 .bss.uart_sifive_data_0
                0x00000000800005f8        0x0 zephyr/drivers/serial/libdrivers__serial.a(uart_sifive.c.obj)
 .bss._kernel   0x00000000800005f8       0x24 zephyr/kernel/libkernel.a(init.c.obj)
                0x00000000800005f8                _kernel
 .bss.sched_spinlock
                0x000000008000061c        0x0 zephyr/kernel/libkernel.a(sched.c.obj)
                0x000000008000061c                sched_spinlock
 .bss.lock      0x000000008000061c        0x0 zephyr/kernel/libkernel.a(sem.c.obj)
 *(SORT_BY_ALIGNMENT(COMMON))
                0x000000008000061c                __bss_end = ALIGN (0x4)

noinit          0x0000000080000620     0x3600
 *(SORT_BY_ALIGNMENT(.noinit))
 *(SORT_BY_ALIGNMENT(.noinit.*))
 .noinit."WEST_TOPDIR/hello_hifive/src/main.c".1
                0x0000000080000620      0x800 app/libapp.a(main.c.obj)
                0x0000000080000620                irq_stack
 .noinit."WEST_TOPDIR/hello_hifive/src/main.c".0
                0x0000000080000e20     0x2000 app/libapp.a(main.c.obj)
                0x0000000080000e20                app_stacks
 .noinit."WEST_TOPDIR/zephyr/kernel/init.c".2
                0x0000000080002e20      0x800 zephyr/kernel/libkernel.a(init.c.obj)
                0x0000000080002e20                z_interrupt_stacks
 .noinit."WEST_TOPDIR/zephyr/kernel/init.c".1
                0x0000000080003620      0x200 zephyr/kernel/libkernel.a(init.c.obj)
 .noinit."WEST_TOPDIR/zephyr/kernel/init.c".0
                0x0000000080003820      0x400 zephyr/kernel/libkernel.a(init.c.obj)
                0x0000000080003820                z_main_stack

datas           0x0000000080003c20       0x2c load address 0x0000000020013b7c
                0x0000000080003c20                . = ALIGN (0x4)
                0x0000000080003c20                __data_region_start = .
                0x0000000080003c20                __data_start = .
 *(SORT_BY_ALIGNMENT(.data))
 *(SORT_BY_ALIGNMENT(.data.*))
 .data.__stdout
                0x0000000080003c20       0x14 zephyr/lib/libc/picolibc/liblib__libc__picolibc.a(libc-hooks.c.obj)
                0x0000000080003c38                . = ALIGN (0x8)
 *fill*         0x0000000080003c34        0x4 
                0x0000000080004438                PROVIDE (__global_pointer$ = (. + 0x800))
 *(SORT_BY_ALIGNMENT(.sdata) SORT_BY_ALIGNMENT(.sdata.*) SORT_BY_ALIGNMENT(.gnu.linkonce.s.*))
 .sdata.state.0
                0x0000000080003c38        0x8 zephyr/subsys/random/libsubsys__random.a(rand32_timer.c.obj)
 .sdata._char_out
                0x0000000080003c40        0x4 zephyr/libzephyr.a(printk.c.obj)
                0x0000000080003c40                _char_out
 .sdata.timeout_list
                0x0000000080003c44        0x8 zephyr/kernel/libkernel.a(timeout.c.obj)
                0x0000000080003c4c                __data_end = .
                0x000000000000002c                __data_size = (__data_end - __data_start)
                0x0000000020013b7c                __data_load_start = LOADADDR (datas)
                0x0000000020013b7c                __data_region_load_start = LOADADDR (datas)

device_states   0x0000000080003c4c        0x6 load address 0x0000000020013ba8
                0x0000000080003c4c                __device_states_start = .
 *(SORT_BY_ALIGNMENT(.z_devstate))
 .z_devstate    0x0000000080003c4c        0x2 zephyr/drivers/interrupt_controller/libdrivers__interrupt_controller.a(intc_plic.c.obj)
 .z_devstate    0x0000000080003c4e        0x2 zephyr/drivers/gpio/libdrivers__gpio.a(gpio_sifive.c.obj)
 .z_devstate    0x0000000080003c50        0x2 zephyr/drivers/serial/libdrivers__serial.a(uart_sifive.c.obj)
 *(SORT_BY_ALIGNMENT(.z_devstate.*))
                0x0000000080003c52                __device_states_end = .

log_mpsc_pbuf_area
                0x0000000080003c52        0x0 load address 0x0000000020013bae
                0x0000000080003c52                _log_mpsc_pbuf_list_start = .
 *(SORT_BY_NAME(SORT_BY_ALIGNMENT(._log_mpsc_pbuf.static.*)))
                0x0000000080003c52                _log_mpsc_pbuf_list_end = .

log_msg_ptr_area
                0x0000000080003c52        0x0 load address 0x0000000020013bae
                0x0000000080003c52                _log_msg_ptr_list_start = .
 *(SORT_BY_NAME(SORT_BY_ALIGNMENT(._log_msg_ptr.static.*)))
                0x0000000080003c52                _log_msg_ptr_list_end = .

log_dynamic_area
                0x0000000080003c52        0x0 load address 0x0000000020013bae
                0x0000000080003c52                _log_dynamic_list_start = .
 *(SORT_BY_NAME(SORT_BY_ALIGNMENT(._log_dynamic.static.*)))
                0x0000000080003c52                _log_dynamic_list_end = .

k_timer_area    0x0000000080003c52        0x0 load address 0x0000000020013bae
                0x0000000080003c52                _k_timer_list_start = .
 *(SORT_BY_NAME(SORT_BY_ALIGNMENT(._k_timer.static.*)))
                0x0000000080003c52                _k_timer_list_end = .

k_mem_slab_area
                0x0000000080003c52        0x0 load address 0x0000000020013bae
                0x0000000080003c52                _k_mem_slab_list_start = .
 *(SORT_BY_NAME(SORT_BY_ALIGNMENT(._k_mem_slab.static.*)))
                0x0000000080003c52                _k_mem_slab_list_end = .

k_heap_area     0x0000000080003c52        0x0 load address 0x0000000020013bae
                0x0000000080003c52                _k_heap_list_start = .
 *(SORT_BY_NAME(SORT_BY_ALIGNMENT(._k_heap.static.*)))
                0x0000000080003c52                _k_heap_list_end = .

k_mutex_area    0x0000000080003c52        0x0 load address 0x0000000020013bae
                0x0000000080003c52                _k_mutex_list_start = .
 *(SORT_BY_NAME(SORT_BY_ALIGNMENT(._k_mutex.static.*)))
                0x0000000080003c52                _k_mutex_list_end = .

k_stack_area    0x0000000080003c52        0x0 load address 0x0000000020013bae
                0x0000000080003c52                _k_stack_list_start = .
 *(SORT_BY_NAME(SORT_BY_ALIGNMENT(._k_stack.static.*)))
                0x0000000080003c52                _k_stack_list_end = .

k_msgq_area     0x0000000080003c52        0x0 load address 0x0000000020013bae
                0x0000000080003c52                _k_msgq_list_start = .
 *(SORT_BY_NAME(SORT_BY_ALIGNMENT(._k_msgq.static.*)))
                0x0000000080003c52                _k_msgq_list_end = .

k_mbox_area     0x0000000080003c52        0x0 load address 0x0000000020013bae
                0x0000000080003c52                _k_mbox_list_start = .
 *(SORT_BY_NAME(SORT_BY_ALIGNMENT(._k_mbox.static.*)))
                0x0000000080003c52                _k_mbox_list_end = .

k_pipe_area     0x0000000080003c52        0x0 load address 0x0000000020013bae
                0x0000000080003c52                _k_pipe_list_start = .
 *(SORT_BY_NAME(SORT_BY_ALIGNMENT(._k_pipe.static.*)))
                0x0000000080003c52                _k_pipe_list_end = .

k_sem_area      0x0000000080003c54       0x40 load address 0x0000000020013bb0
                0x0000000080003c54                _k_sem_list_start = .
 *(SORT_BY_NAME(SORT_BY_ALIGNMENT(._k_sem.static.*)))
 ._k_sem.static.sem0_
                0x0000000080003c54       0x10 app/libapp.a(main.c.obj)
                0x0000000080003c54                sem0
 ._k_sem.static.sem1_
                0x0000000080003c64       0x10 app/libapp.a(main.c.obj)
                0x0000000080003c64                sem1
 ._k_sem.static.sem2_
                0x0000000080003c74       0x10 app/libapp.a(main.c.obj)
                0x0000000080003c74                sem2
 ._k_sem.static.sem3_
                0x0000000080003c84       0x10 app/libapp.a(main.c.obj)
                0x0000000080003c84                sem3
                0x0000000080003c94                _k_sem_list_end = .

k_event_area    0x0000000080003c94        0x0 load address 0x0000000020013bf0
                0x0000000080003c94                _k_event_list_start = .
 *(SORT_BY_NAME(SORT_BY_ALIGNMENT(._k_event.static.*)))
                0x0000000080003c94                _k_event_list_end = .

k_queue_area    0x0000000080003c94        0x0 load address 0x0000000020013bf0
                0x0000000080003c94                _k_queue_list_start = .
 *(SORT_BY_NAME(SORT_BY_ALIGNMENT(._k_queue.static.*)))
                0x0000000080003c94                _k_queue_list_end = .

k_fifo_area     0x0000000080003c94        0x0 load address 0x0000000020013bf0
                0x0000000080003c94                _k_fifo_list_start = .
 *(SORT_BY_NAME(SORT_BY_ALIGNMENT(._k_fifo.static.*)))
                0x0000000080003c94                _k_fifo_list_end = .

k_lifo_area     0x0000000080003c94        0x0 load address 0x0000000020013bf0
                0x0000000080003c94                _k_lifo_list_start = .
 *(SORT_BY_NAME(SORT_BY_ALIGNMENT(._k_lifo.static.*)))
                0x0000000080003c94                _k_lifo_list_end = .

k_condvar_area  0x0000000080003c94        0x0 load address 0x0000000020013bf0
                0x0000000080003c94                _k_condvar_list_start = .
 *(SORT_BY_NAME(SORT_BY_ALIGNMENT(._k_condvar.static.*)))
                0x0000000080003c94                _k_condvar_list_end = .

sys_mem_blocks_ptr_area
                0x0000000080003c94        0x0 load address 0x0000000020013bf0
                0x0000000080003c94                _sys_mem_blocks_ptr_list_start = .
 *(SORT_BY_NAME(SORT_BY_ALIGNMENT(._sys_mem_blocks_ptr.static.*)))
                0x0000000080003c94                _sys_mem_blocks_ptr_list_end = .

net_buf_pool_area
                0x0000000080003c94        0x0 load address 0x0000000020013bf0
                0x0000000080003c94                _net_buf_pool_list_start = .
 *(SORT_BY_NAME(SORT_BY_ALIGNMENT(._net_buf_pool.static.*)))
                0x0000000080003c94                _net_buf_pool_list_end = .
                0x0000000080003c94                __data_region_end = .
                0x0000000080003c94                __kernel_ram_end = .
                0x0000000000003c94                __kernel_ram_size = (__kernel_ram_end - __kernel_ram_start)

/DISCARD/
 *(SORT_BY_ALIGNMENT(.irq_info*))
 *(SORT_BY_ALIGNMENT(.intList*))

.last_ram_section
                0x0000000080003c94        0x0
                0x0000000080003c94                . = ALIGN (0x4)
                0x0000000080003c94                _image_ram_end = .
                0x0000000000003c94                _image_ram_size = (_image_ram_end - _image_ram_start)
                0x0000000080003c94                _end = .
                0x0000000080003c94                z_mapped_end = .

.stab
 *(SORT_BY_ALIGNMENT(.stab))

.stabstr
 *(SORT_BY_ALIGNMENT(.stabstr))

.stab.excl
 *(SORT_BY_ALIGNMENT(.stab.excl))

.stab.exclstr
 *(SORT_BY_ALIGNMENT(.stab.exclstr))

.stab.index
 *(SORT_BY_ALIGNMENT(.stab.index))

.stab.indexstr
 *(SORT_BY_ALIGNMENT(.stab.indexstr))

.gnu.build.attributes
 *(SORT_BY_ALIGNMENT(.gnu.build.attributes) SORT_BY_ALIGNMENT(.gnu.build.attributes.*))

.comment        0x0000000000000000       0x20
 *(SORT_BY_ALIGNMENT(.comment))
 .comment       0x0000000000000000       0x20 zephyr/CMakeFiles/zephyr_final.dir/isr_tables.c.obj
                                         0x21 (size before relaxing)
 .comment       0x0000000000000020       0x21 zephyr/CMakeFiles/offsets.dir/./arch/riscv/core/offsets/offsets.c.obj
 .comment       0x0000000000000020       0x21 app/libapp.a(main.c.obj)
 .comment       0x0000000000000020       0x21 zephyr/libzephyr.a(heap.c.obj)
 .comment       0x0000000000000020       0x21 zephyr/libzephyr.a(printk.c.obj)
 .comment       0x0000000000000020       0x21 zephyr/libzephyr.a(thread_entry.c.obj)
 .comment       0x0000000000000020       0x21 zephyr/libzephyr.a(configs.c.obj)
 .comment       0x0000000000000020       0x21 zephyr/libzephyr.a(soc_common_irq.c.obj)
 .comment       0x0000000000000020       0x21 zephyr/libzephyr.a(clock.c.obj)
 .comment       0x0000000000000020       0x21 zephyr/libzephyr.a(thread_info.c.obj)
 .comment       0x0000000000000020       0x21 zephyr/libzephyr.a(tracing_none.c.obj)
 .comment       0x0000000000000020       0x21 zephyr/arch/arch/riscv/core/libarch__riscv__core.a(cpu_idle.c.obj)
 .comment       0x0000000000000020       0x21 zephyr/arch/arch/riscv/core/libarch__riscv__core.a(fatal.c.obj)
 .comment       0x0000000000000020       0x21 zephyr/arch/arch/riscv/core/libarch__riscv__core.a(irq_manage.c.obj)
 .comment       0x0000000000000020       0x21 zephyr/arch/arch/riscv/core/libarch__riscv__core.a(prep_c.c.obj)
 .comment       0x0000000000000020       0x21 zephyr/arch/arch/riscv/core/libarch__riscv__core.a(thread.c.obj)
 .comment       0x0000000000000020       0x21 zephyr/arch/arch/riscv/core/libarch__riscv__core.a(pmp.c.obj)
 .comment       0x0000000000000020       0x21 zephyr/arch/arch/riscv/core/libarch__riscv__core.a(tls.c.obj)
 .comment       0x0000000000000020       0x21 zephyr/lib/libc/picolibc/liblib__libc__picolibc.a(libc-hooks.c.obj)
 .comment       0x0000000000000020       0x21 zephyr/lib/libc/common/liblib__libc__common.a(malloc.c.obj)
 .comment       0x0000000000000020       0x21 zephyr/subsys/random/libsubsys__random.a(rand32_timer.c.obj)
 .comment       0x0000000000000020       0x21 zephyr/drivers/interrupt_controller/libdrivers__interrupt_controller.a(intc_plic.c.obj)
 .comment       0x0000000000000020       0x21 zephyr/drivers/console/libdrivers__console.a(uart_console.c.obj)
 .comment       0x0000000000000020       0x21 zephyr/drivers/gpio/libdrivers__gpio.a(gpio_sifive.c.obj)
 .comment       0x0000000000000020       0x21 zephyr/drivers/pinctrl/libdrivers__pinctrl.a(common.c.obj)
 .comment       0x0000000000000020       0x21 zephyr/drivers/pinctrl/libdrivers__pinctrl.a(pinctrl_sifive.c.obj)
 .comment       0x0000000000000020       0x21 zephyr/drivers/serial/libdrivers__serial.a(uart_sifive.c.obj)
 .comment       0x0000000000000020       0x21 zephyr/drivers/timer/libdrivers__timer.a(riscv_machine_timer.c.obj)
 .comment       0x0000000000000020       0x21 zephyr/kernel/libkernel.a(device.c.obj)
 .comment       0x0000000000000020       0x21 zephyr/kernel/libkernel.a(fatal.c.obj)
 .comment       0x0000000000000020       0x21 zephyr/kernel/libkernel.a(init.c.obj)
 .comment       0x0000000000000020       0x21 zephyr/kernel/libkernel.a(thread.c.obj)
 .comment       0x0000000000000020       0x21 zephyr/kernel/libkernel.a(sched.c.obj)
 .comment       0x0000000000000020       0x21 zephyr/kernel/libkernel.a(idle.c.obj)
 .comment       0x0000000000000020       0x21 zephyr/kernel/libkernel.a(sem.c.obj)
 .comment       0x0000000000000020       0x21 zephyr/kernel/libkernel.a(xip.c.obj)
 .comment       0x0000000000000020       0x21 zephyr/kernel/libkernel.a(timeout.c.obj)
 .comment       0x0000000000000020       0x21 zephyr/kernel/libkernel.a(atomic_c.c.obj)
 .comment       0x0000000000000020       0x21 zephyr/kernel/libkernel.a(banner.c.obj)

.debug
 *(SORT_BY_ALIGNMENT(.debug))

.line
 *(SORT_BY_ALIGNMENT(.line))

.debug_srcinfo
 *(SORT_BY_ALIGNMENT(.debug_srcinfo))

.debug_sfnames
 *(SORT_BY_ALIGNMENT(.debug_sfnames))

.debug_aranges  0x0000000000000000      0xd78
 *(SORT_BY_ALIGNMENT(.debug_aranges))
 .debug_aranges
                0x0000000000000000       0x20 zephyr/libzephyr.a(soc_irq.S.obj)
 .debug_aranges
                0x0000000000000020       0x20 zephyr/libzephyr.a(vector.S.obj)
 .debug_aranges
                0x0000000000000040       0x20 zephyr/arch/arch/riscv/core/libarch__riscv__core.a(isr.S.obj)
 .debug_aranges
                0x0000000000000060       0x28 zephyr/arch/arch/riscv/core/libarch__riscv__core.a(reset.S.obj)
 .debug_aranges
                0x0000000000000088       0x20 zephyr/arch/arch/riscv/core/libarch__riscv__core.a(switch.S.obj)
 .debug_aranges
                0x00000000000000a8       0x20 zephyr/arch/arch/riscv/core/libarch__riscv__core.a(pmp.S.obj)
 .debug_aranges
                0x00000000000000c8       0x18 zephyr/CMakeFiles/zephyr_final.dir/isr_tables.c.obj
 .debug_aranges
                0x00000000000000e0       0x20 zephyr/CMakeFiles/offsets.dir/./arch/riscv/core/offsets/offsets.c.obj
 .debug_aranges
                0x0000000000000100       0x50 app/libapp.a(main.c.obj)
 .debug_aranges
                0x0000000000000150       0x98 zephyr/libzephyr.a(heap.c.obj)
 .debug_aranges
                0x00000000000001e8       0x50 zephyr/libzephyr.a(printk.c.obj)
 .debug_aranges
                0x0000000000000238       0x20 zephyr/libzephyr.a(thread_entry.c.obj)
 .debug_aranges
                0x0000000000000258       0x20 zephyr/libzephyr.a(configs.c.obj)
 .debug_aranges
                0x0000000000000278       0x40 zephyr/libzephyr.a(soc_common_irq.c.obj)
 .debug_aranges
                0x00000000000002b8       0x20 zephyr/libzephyr.a(clock.c.obj)
 .debug_aranges
                0x00000000000002d8       0x18 zephyr/libzephyr.a(thread_info.c.obj)
 .debug_aranges
                0x00000000000002f0       0x38 zephyr/libzephyr.a(tracing_none.c.obj)
 .debug_aranges
                0x0000000000000328       0x28 zephyr/arch/arch/riscv/core/libarch__riscv__core.a(cpu_idle.c.obj)
 .debug_aranges
                0x0000000000000350       0x30 zephyr/arch/arch/riscv/core/libarch__riscv__core.a(fatal.c.obj)
 .debug_aranges
                0x0000000000000380       0x20 zephyr/arch/arch/riscv/core/libarch__riscv__core.a(irq_manage.c.obj)
 .debug_aranges
                0x00000000000003a0       0x20 zephyr/arch/arch/riscv/core/libarch__riscv__core.a(prep_c.c.obj)
 .debug_aranges
                0x00000000000003c0       0x20 zephyr/arch/arch/riscv/core/libarch__riscv__core.a(thread.c.obj)
 .debug_aranges
                0x00000000000003e0       0x30 zephyr/arch/arch/riscv/core/libarch__riscv__core.a(pmp.c.obj)
 .debug_aranges
                0x0000000000000410       0x28 zephyr/arch/arch/riscv/core/libarch__riscv__core.a(tls.c.obj)
 .debug_aranges
                0x0000000000000438       0xb0 zephyr/lib/libc/picolibc/liblib__libc__picolibc.a(libc-hooks.c.obj)
 .debug_aranges
                0x00000000000004e8       0x60 zephyr/lib/libc/common/liblib__libc__common.a(malloc.c.obj)
 .debug_aranges
                0x0000000000000548       0x28 zephyr/subsys/random/libsubsys__random.a(rand32_timer.c.obj)
 .debug_aranges
                0x0000000000000570       0x70 zephyr/drivers/interrupt_controller/libdrivers__interrupt_controller.a(intc_plic.c.obj)
 .debug_aranges
                0x00000000000005e0       0x38 zephyr/drivers/console/libdrivers__console.a(uart_console.c.obj)
 .debug_aranges
                0x0000000000000618       0x90 zephyr/drivers/gpio/libdrivers__gpio.a(gpio_sifive.c.obj)
 .debug_aranges
                0x00000000000006a8       0x20 zephyr/drivers/pinctrl/libdrivers__pinctrl.a(common.c.obj)
 .debug_aranges
                0x00000000000006c8       0x28 zephyr/drivers/pinctrl/libdrivers__pinctrl.a(pinctrl_sifive.c.obj)
 .debug_aranges
                0x00000000000006f0       0x38 zephyr/drivers/serial/libdrivers__serial.a(uart_sifive.c.obj)
 .debug_aranges
                0x0000000000000728       0x60 zephyr/drivers/timer/libdrivers__timer.a(riscv_machine_timer.c.obj)
 .debug_aranges
                0x0000000000000788       0x38 zephyr/kernel/libkernel.a(device.c.obj)
 .debug_aranges
                0x00000000000007c0       0x60 zephyr/kernel/libkernel.a(fatal.c.obj)
 .debug_aranges
                0x0000000000000820       0x78 zephyr/kernel/libkernel.a(init.c.obj)
 .debug_aranges
                0x0000000000000898       0xe0 zephyr/kernel/libkernel.a(thread.c.obj)
 .debug_aranges
                0x0000000000000978      0x240 zephyr/kernel/libkernel.a(sched.c.obj)
 .debug_aranges
                0x0000000000000bb8       0x30 zephyr/kernel/libkernel.a(idle.c.obj)
 .debug_aranges
                0x0000000000000be8       0x38 zephyr/kernel/libkernel.a(sem.c.obj)
 .debug_aranges
                0x0000000000000c20       0x20 zephyr/kernel/libkernel.a(xip.c.obj)
 .debug_aranges
                0x0000000000000c40       0xa0 zephyr/kernel/libkernel.a(timeout.c.obj)
 .debug_aranges
                0x0000000000000ce0       0x78 zephyr/kernel/libkernel.a(atomic_c.c.obj)
 .debug_aranges
                0x0000000000000d58       0x20 zephyr/kernel/libkernel.a(banner.c.obj)

.debug_pubnames
 *(SORT_BY_ALIGNMENT(.debug_pubnames))

.debug_info     0x0000000000000000    0x27a37
 *(SORT_BY_ALIGNMENT(.debug_info) SORT_BY_ALIGNMENT(.gnu.linkonce.wi.*))
 .debug_info    0x0000000000000000      0x10c zephyr/CMakeFiles/zephyr_final.dir/isr_tables.c.obj
 .debug_info    0x000000000000010c       0xe2 zephyr/CMakeFiles/offsets.dir/./arch/riscv/core/offsets/offsets.c.obj
 .debug_info    0x00000000000001ee     0x103a app/libapp.a(main.c.obj)
 .debug_info    0x0000000000001228     0x2b0a zephyr/libzephyr.a(heap.c.obj)
 .debug_info    0x0000000000003d32      0x548 zephyr/libzephyr.a(printk.c.obj)
 .debug_info    0x000000000000427a      0x7a2 zephyr/libzephyr.a(thread_entry.c.obj)
 .debug_info    0x0000000000004a1c       0x38 zephyr/libzephyr.a(configs.c.obj)
 .debug_info    0x0000000000004a54       0x23 zephyr/libzephyr.a(soc_irq.S.obj)
 .debug_info    0x0000000000004a77      0x418 zephyr/libzephyr.a(soc_common_irq.c.obj)
 .debug_info    0x0000000000004e8f       0x23 zephyr/libzephyr.a(vector.S.obj)
 .debug_info    0x0000000000004eb2      0x182 zephyr/libzephyr.a(clock.c.obj)
 .debug_info    0x0000000000005034      0x201 zephyr/libzephyr.a(thread_info.c.obj)
 .debug_info    0x0000000000005235       0x6e zephyr/libzephyr.a(tracing_none.c.obj)
 .debug_info    0x00000000000052a3      0x12c zephyr/arch/arch/riscv/core/libarch__riscv__core.a(cpu_idle.c.obj)
 .debug_info    0x00000000000053cf     0x6b5e zephyr/arch/arch/riscv/core/libarch__riscv__core.a(fatal.c.obj)
 .debug_info    0x000000000000bf2d     0x1456 zephyr/arch/arch/riscv/core/libarch__riscv__core.a(irq_manage.c.obj)
 .debug_info    0x000000000000d383       0x24 zephyr/arch/arch/riscv/core/libarch__riscv__core.a(isr.S.obj)
 .debug_info    0x000000000000d3a7       0xd8 zephyr/arch/arch/riscv/core/libarch__riscv__core.a(prep_c.c.obj)
 .debug_info    0x000000000000d47f       0x22 zephyr/arch/arch/riscv/core/libarch__riscv__core.a(reset.S.obj)
 .debug_info    0x000000000000d4a1       0x23 zephyr/arch/arch/riscv/core/libarch__riscv__core.a(switch.S.obj)
 .debug_info    0x000000000000d4c4      0x7f3 zephyr/arch/arch/riscv/core/libarch__riscv__core.a(thread.c.obj)
 .debug_info    0x000000000000dcb7     0x379c zephyr/arch/arch/riscv/core/libarch__riscv__core.a(pmp.c.obj)
 .debug_info    0x0000000000011453       0x24 zephyr/arch/arch/riscv/core/libarch__riscv__core.a(pmp.S.obj)
 .debug_info    0x0000000000011477      0x78e zephyr/arch/arch/riscv/core/libarch__riscv__core.a(tls.c.obj)
 .debug_info    0x0000000000011c05      0xf8c zephyr/lib/libc/picolibc/liblib__libc__picolibc.a(libc-hooks.c.obj)
 .debug_info    0x0000000000012b91      0xf3b zephyr/lib/libc/common/liblib__libc__common.a(malloc.c.obj)
 .debug_info    0x0000000000013acc      0x43f zephyr/subsys/random/libsubsys__random.a(rand32_timer.c.obj)
 .debug_info    0x0000000000013f0b      0xf96 zephyr/drivers/interrupt_controller/libdrivers__interrupt_controller.a(intc_plic.c.obj)
 .debug_info    0x0000000000014ea1      0x81d zephyr/drivers/console/libdrivers__console.a(uart_console.c.obj)
 .debug_info    0x00000000000156be     0x1bca zephyr/drivers/gpio/libdrivers__gpio.a(gpio_sifive.c.obj)
 .debug_info    0x0000000000017288      0x196 zephyr/drivers/pinctrl/libdrivers__pinctrl.a(common.c.obj)
 .debug_info    0x000000000001741e      0x285 zephyr/drivers/pinctrl/libdrivers__pinctrl.a(pinctrl_sifive.c.obj)
 .debug_info    0x00000000000176a3      0x850 zephyr/drivers/serial/libdrivers__serial.a(uart_sifive.c.obj)
 .debug_info    0x0000000000017ef3      0x83b zephyr/drivers/timer/libdrivers__timer.a(riscv_machine_timer.c.obj)
 .debug_info    0x000000000001872e      0x33b zephyr/kernel/libkernel.a(device.c.obj)
 .debug_info    0x0000000000018a69     0x238c zephyr/kernel/libkernel.a(fatal.c.obj)
 .debug_info    0x000000000001adf5     0x15fc zephyr/kernel/libkernel.a(init.c.obj)
 .debug_info    0x000000000001c3f1     0x2990 zephyr/kernel/libkernel.a(thread.c.obj)
 .debug_info    0x000000000001ed81     0x615b zephyr/kernel/libkernel.a(sched.c.obj)
 .debug_info    0x0000000000024edc      0x253 zephyr/kernel/libkernel.a(idle.c.obj)
 .debug_info    0x000000000002512f      0xc6a zephyr/kernel/libkernel.a(sem.c.obj)
 .debug_info    0x0000000000025d99      0x142 zephyr/kernel/libkernel.a(xip.c.obj)
 .debug_info    0x0000000000025edb     0x10be zephyr/kernel/libkernel.a(timeout.c.obj)
 .debug_info    0x0000000000026f99      0x9d9 zephyr/kernel/libkernel.a(atomic_c.c.obj)
 .debug_info    0x0000000000027972       0xc5 zephyr/kernel/libkernel.a(banner.c.obj)

.debug_abbrev   0x0000000000000000     0x62ec
 *(SORT_BY_ALIGNMENT(.debug_abbrev))
 .debug_abbrev  0x0000000000000000       0xc3 zephyr/CMakeFiles/zephyr_final.dir/isr_tables.c.obj
 .debug_abbrev  0x00000000000000c3       0x62 zephyr/CMakeFiles/offsets.dir/./arch/riscv/core/offsets/offsets.c.obj
 .debug_abbrev  0x0000000000000125      0x37e app/libapp.a(main.c.obj)
 .debug_abbrev  0x00000000000004a3      0x3b2 zephyr/libzephyr.a(heap.c.obj)
 .debug_abbrev  0x0000000000000855      0x2c0 zephyr/libzephyr.a(printk.c.obj)
 .debug_abbrev  0x0000000000000b15      0x272 zephyr/libzephyr.a(thread_entry.c.obj)
 .debug_abbrev  0x0000000000000d87       0x2e zephyr/libzephyr.a(configs.c.obj)
 .debug_abbrev  0x0000000000000db5       0x14 zephyr/libzephyr.a(soc_irq.S.obj)
 .debug_abbrev  0x0000000000000dc9      0x1ba zephyr/libzephyr.a(soc_common_irq.c.obj)
 .debug_abbrev  0x0000000000000f83       0x14 zephyr/libzephyr.a(vector.S.obj)
 .debug_abbrev  0x0000000000000f97      0x11a zephyr/libzephyr.a(clock.c.obj)
 .debug_abbrev  0x00000000000010b1       0xa3 zephyr/libzephyr.a(thread_info.c.obj)
 .debug_abbrev  0x0000000000001154       0x2e zephyr/libzephyr.a(tracing_none.c.obj)
 .debug_abbrev  0x0000000000001182       0xb1 zephyr/arch/arch/riscv/core/libarch__riscv__core.a(cpu_idle.c.obj)
 .debug_abbrev  0x0000000000001233      0x22e zephyr/arch/arch/riscv/core/libarch__riscv__core.a(fatal.c.obj)
 .debug_abbrev  0x0000000000001461      0x25b zephyr/arch/arch/riscv/core/libarch__riscv__core.a(irq_manage.c.obj)
 .debug_abbrev  0x00000000000016bc       0x14 zephyr/arch/arch/riscv/core/libarch__riscv__core.a(isr.S.obj)
 .debug_abbrev  0x00000000000016d0       0x78 zephyr/arch/arch/riscv/core/libarch__riscv__core.a(prep_c.c.obj)
 .debug_abbrev  0x0000000000001748       0x12 zephyr/arch/arch/riscv/core/libarch__riscv__core.a(reset.S.obj)
 .debug_abbrev  0x000000000000175a       0x14 zephyr/arch/arch/riscv/core/libarch__riscv__core.a(switch.S.obj)
 .debug_abbrev  0x000000000000176e      0x212 zephyr/arch/arch/riscv/core/libarch__riscv__core.a(thread.c.obj)
 .debug_abbrev  0x0000000000001980      0x2c2 zephyr/arch/arch/riscv/core/libarch__riscv__core.a(pmp.c.obj)
 .debug_abbrev  0x0000000000001c42       0x14 zephyr/arch/arch/riscv/core/libarch__riscv__core.a(pmp.S.obj)
 .debug_abbrev  0x0000000000001c56      0x23c zephyr/arch/arch/riscv/core/libarch__riscv__core.a(tls.c.obj)
 .debug_abbrev  0x0000000000001e92      0x420 zephyr/lib/libc/picolibc/liblib__libc__picolibc.a(libc-hooks.c.obj)
 .debug_abbrev  0x00000000000022b2      0x437 zephyr/lib/libc/common/liblib__libc__common.a(malloc.c.obj)
 .debug_abbrev  0x00000000000026e9      0x27b zephyr/subsys/random/libsubsys__random.a(rand32_timer.c.obj)
 .debug_abbrev  0x0000000000002964      0x4d9 zephyr/drivers/interrupt_controller/libdrivers__interrupt_controller.a(intc_plic.c.obj)
 .debug_abbrev  0x0000000000002e3d      0x366 zephyr/drivers/console/libdrivers__console.a(uart_console.c.obj)
 .debug_abbrev  0x00000000000031a3      0x4cd zephyr/drivers/gpio/libdrivers__gpio.a(gpio_sifive.c.obj)
 .debug_abbrev  0x0000000000003670       0xcd zephyr/drivers/pinctrl/libdrivers__pinctrl.a(common.c.obj)
 .debug_abbrev  0x000000000000373d      0x156 zephyr/drivers/pinctrl/libdrivers__pinctrl.a(pinctrl_sifive.c.obj)
 .debug_abbrev  0x0000000000003893      0x328 zephyr/drivers/serial/libdrivers__serial.a(uart_sifive.c.obj)
 .debug_abbrev  0x0000000000003bbb      0x363 zephyr/drivers/timer/libdrivers__timer.a(riscv_machine_timer.c.obj)
 .debug_abbrev  0x0000000000003f1e      0x1b3 zephyr/kernel/libkernel.a(device.c.obj)
 .debug_abbrev  0x00000000000040d1      0x3b4 zephyr/kernel/libkernel.a(fatal.c.obj)
 .debug_abbrev  0x0000000000004485      0x5b1 zephyr/kernel/libkernel.a(init.c.obj)
 .debug_abbrev  0x0000000000004a36      0x5c8 zephyr/kernel/libkernel.a(thread.c.obj)
 .debug_abbrev  0x0000000000004ffe      0x6da zephyr/kernel/libkernel.a(sched.c.obj)
 .debug_abbrev  0x00000000000056d8      0x14b zephyr/kernel/libkernel.a(idle.c.obj)
 .debug_abbrev  0x0000000000005823      0x316 zephyr/kernel/libkernel.a(sem.c.obj)
 .debug_abbrev  0x0000000000005b39       0xb0 zephyr/kernel/libkernel.a(xip.c.obj)
 .debug_abbrev  0x0000000000005be9      0x44b zephyr/kernel/libkernel.a(timeout.c.obj)
 .debug_abbrev  0x0000000000006034      0x22c zephyr/kernel/libkernel.a(atomic_c.c.obj)
 .debug_abbrev  0x0000000000006260       0x8c zephyr/kernel/libkernel.a(banner.c.obj)

.debug_line     0x0000000000000000    0x14b9f
 *(SORT_BY_ALIGNMENT(.debug_line) SORT_BY_ALIGNMENT(.debug_line.*) SORT_BY_ALIGNMENT(.debug_line_end))
 .debug_line    0x0000000000000000       0xf5 zephyr/CMakeFiles/zephyr_final.dir/isr_tables.c.obj
 .debug_line    0x00000000000000f5      0x242 zephyr/CMakeFiles/offsets.dir/./arch/riscv/core/offsets/offsets.c.obj
 .debug_line    0x0000000000000337      0x75f app/libapp.a(main.c.obj)
 .debug_line    0x0000000000000a96     0x1eac zephyr/libzephyr.a(heap.c.obj)
 .debug_line    0x0000000000002942      0x444 zephyr/libzephyr.a(printk.c.obj)
 .debug_line    0x0000000000002d86      0x3ad zephyr/libzephyr.a(thread_entry.c.obj)
 .debug_line    0x0000000000003133      0x77f zephyr/libzephyr.a(configs.c.obj)
 .debug_line    0x00000000000038b2       0x94 zephyr/libzephyr.a(soc_irq.S.obj)
 .debug_line    0x0000000000003946      0x4fd zephyr/libzephyr.a(soc_common_irq.c.obj)
 .debug_line    0x0000000000003e43       0x94 zephyr/libzephyr.a(vector.S.obj)
 .debug_line    0x0000000000003ed7      0x1d4 zephyr/libzephyr.a(clock.c.obj)
 .debug_line    0x00000000000040ab      0x1a4 zephyr/libzephyr.a(thread_info.c.obj)
 .debug_line    0x000000000000424f       0xca zephyr/libzephyr.a(tracing_none.c.obj)
 .debug_line    0x0000000000004319      0x17b zephyr/arch/arch/riscv/core/libarch__riscv__core.a(cpu_idle.c.obj)
 .debug_line    0x0000000000004494      0x38d zephyr/arch/arch/riscv/core/libarch__riscv__core.a(fatal.c.obj)
 .debug_line    0x0000000000004821      0x411 zephyr/arch/arch/riscv/core/libarch__riscv__core.a(irq_manage.c.obj)
 .debug_line    0x0000000000004c32      0x213 zephyr/arch/arch/riscv/core/libarch__riscv__core.a(isr.S.obj)
 .debug_line    0x0000000000004e45       0xd4 zephyr/arch/arch/riscv/core/libarch__riscv__core.a(prep_c.c.obj)
 .debug_line    0x0000000000004f19       0xba zephyr/arch/arch/riscv/core/libarch__riscv__core.a(reset.S.obj)
 .debug_line    0x0000000000004fd3       0x93 zephyr/arch/arch/riscv/core/libarch__riscv__core.a(switch.S.obj)
 .debug_line    0x0000000000005066      0x434 zephyr/arch/arch/riscv/core/libarch__riscv__core.a(thread.c.obj)
 .debug_line    0x000000000000549a      0x769 zephyr/arch/arch/riscv/core/libarch__riscv__core.a(pmp.c.obj)
 .debug_line    0x0000000000005c03       0xde zephyr/arch/arch/riscv/core/libarch__riscv__core.a(pmp.S.obj)
 .debug_line    0x0000000000005ce1      0x48d zephyr/arch/arch/riscv/core/libarch__riscv__core.a(tls.c.obj)
 .debug_line    0x000000000000616e      0x8a7 zephyr/lib/libc/picolibc/liblib__libc__picolibc.a(libc-hooks.c.obj)
 .debug_line    0x0000000000006a15      0x900 zephyr/lib/libc/common/liblib__libc__common.a(malloc.c.obj)
 .debug_line    0x0000000000007315      0x4b9 zephyr/subsys/random/libsubsys__random.a(rand32_timer.c.obj)
 .debug_line    0x00000000000077ce      0xbee zephyr/drivers/interrupt_controller/libdrivers__interrupt_controller.a(intc_plic.c.obj)
 .debug_line    0x00000000000083bc      0x4b3 zephyr/drivers/console/libdrivers__console.a(uart_console.c.obj)
 .debug_line    0x000000000000886f     0x14b1 zephyr/drivers/gpio/libdrivers__gpio.a(gpio_sifive.c.obj)
 .debug_line    0x0000000000009d20      0x25e zephyr/drivers/pinctrl/libdrivers__pinctrl.a(common.c.obj)
 .debug_line    0x0000000000009f7e      0x3a8 zephyr/drivers/pinctrl/libdrivers__pinctrl.a(pinctrl_sifive.c.obj)
 .debug_line    0x000000000000a326      0x4c1 zephyr/drivers/serial/libdrivers__serial.a(uart_sifive.c.obj)
 .debug_line    0x000000000000a7e7      0x7ba zephyr/drivers/timer/libdrivers__timer.a(riscv_machine_timer.c.obj)
 .debug_line    0x000000000000afa1      0x4b5 zephyr/kernel/libkernel.a(device.c.obj)
 .debug_line    0x000000000000b456      0x676 zephyr/kernel/libkernel.a(fatal.c.obj)
 .debug_line    0x000000000000bacc      0xd76 zephyr/kernel/libkernel.a(init.c.obj)
 .debug_line    0x000000000000c842     0x1499 zephyr/kernel/libkernel.a(thread.c.obj)
 .debug_line    0x000000000000dcdb     0x43c2 zephyr/kernel/libkernel.a(sched.c.obj)
 .debug_line    0x000000000001209d      0x348 zephyr/kernel/libkernel.a(idle.c.obj)
 .debug_line    0x00000000000123e5      0x85f zephyr/kernel/libkernel.a(sem.c.obj)
 .debug_line    0x0000000000012c44      0x226 zephyr/kernel/libkernel.a(xip.c.obj)
 .debug_line    0x0000000000012e6a     0x136b zephyr/kernel/libkernel.a(timeout.c.obj)
 .debug_line    0x00000000000141d5      0x90d zephyr/kernel/libkernel.a(atomic_c.c.obj)
 .debug_line    0x0000000000014ae2       0xbd zephyr/kernel/libkernel.a(banner.c.obj)

.debug_frame    0x0000000000000000     0x2368
 *(SORT_BY_ALIGNMENT(.debug_frame))
 .debug_frame   0x0000000000000000       0x20 zephyr/CMakeFiles/offsets.dir/./arch/riscv/core/offsets/offsets.c.obj
 .debug_frame   0x0000000000000020       0xd8 app/libapp.a(main.c.obj)
 .debug_frame   0x00000000000000f8      0x238 zephyr/libzephyr.a(heap.c.obj)
 .debug_frame   0x0000000000000330       0xbc zephyr/libzephyr.a(printk.c.obj)
 .debug_frame   0x00000000000003ec       0x30 zephyr/libzephyr.a(thread_entry.c.obj)
 .debug_frame   0x000000000000041c       0x20 zephyr/libzephyr.a(configs.c.obj)
 .debug_frame   0x000000000000043c       0x90 zephyr/libzephyr.a(soc_common_irq.c.obj)
 .debug_frame   0x00000000000004cc       0x20 zephyr/libzephyr.a(clock.c.obj)
 .debug_frame   0x00000000000004ec       0x50 zephyr/libzephyr.a(tracing_none.c.obj)
 .debug_frame   0x000000000000053c       0x4c zephyr/arch/arch/riscv/core/libarch__riscv__core.a(cpu_idle.c.obj)
 .debug_frame   0x0000000000000588       0x50 zephyr/arch/arch/riscv/core/libarch__riscv__core.a(fatal.c.obj)
 .debug_frame   0x00000000000005d8       0x28 zephyr/arch/arch/riscv/core/libarch__riscv__core.a(irq_manage.c.obj)
 .debug_frame   0x0000000000000600       0x28 zephyr/arch/arch/riscv/core/libarch__riscv__core.a(prep_c.c.obj)
 .debug_frame   0x0000000000000628       0x20 zephyr/arch/arch/riscv/core/libarch__riscv__core.a(thread.c.obj)
 .debug_frame   0x0000000000000648       0x5c zephyr/arch/arch/riscv/core/libarch__riscv__core.a(pmp.c.obj)
 .debug_frame   0x00000000000006a4       0x5c zephyr/arch/arch/riscv/core/libarch__riscv__core.a(tls.c.obj)
 .debug_frame   0x0000000000000700      0x1fc zephyr/lib/libc/picolibc/liblib__libc__picolibc.a(libc-hooks.c.obj)
 .debug_frame   0x00000000000008fc      0x140 zephyr/lib/libc/common/liblib__libc__common.a(malloc.c.obj)
 .debug_frame   0x0000000000000a3c       0x58 zephyr/subsys/random/libsubsys__random.a(rand32_timer.c.obj)
 .debug_frame   0x0000000000000a94      0x10c zephyr/drivers/interrupt_controller/libdrivers__interrupt_controller.a(intc_plic.c.obj)
 .debug_frame   0x0000000000000ba0       0x84 zephyr/drivers/console/libdrivers__console.a(uart_console.c.obj)
 .debug_frame   0x0000000000000c24      0x198 zephyr/drivers/gpio/libdrivers__gpio.a(gpio_sifive.c.obj)
 .debug_frame   0x0000000000000dbc       0x20 zephyr/drivers/pinctrl/libdrivers__pinctrl.a(common.c.obj)
 .debug_frame   0x0000000000000ddc       0x48 zephyr/drivers/pinctrl/libdrivers__pinctrl.a(pinctrl_sifive.c.obj)
 .debug_frame   0x0000000000000e24       0x68 zephyr/drivers/serial/libdrivers__serial.a(uart_sifive.c.obj)
 .debug_frame   0x0000000000000e8c      0x10c zephyr/drivers/timer/libdrivers__timer.a(riscv_machine_timer.c.obj)
 .debug_frame   0x0000000000000f98       0x68 zephyr/kernel/libkernel.a(device.c.obj)
 .debug_frame   0x0000000000001000       0xc4 zephyr/kernel/libkernel.a(fatal.c.obj)
 .debug_frame   0x00000000000010c4      0x190 zephyr/kernel/libkernel.a(init.c.obj)
 .debug_frame   0x0000000000001254      0x2cc zephyr/kernel/libkernel.a(thread.c.obj)
 .debug_frame   0x0000000000001520      0x900 zephyr/kernel/libkernel.a(sched.c.obj)
 .debug_frame   0x0000000000001e20       0x54 zephyr/kernel/libkernel.a(idle.c.obj)
 .debug_frame   0x0000000000001e74       0x88 zephyr/kernel/libkernel.a(sem.c.obj)
 .debug_frame   0x0000000000001efc       0x2c zephyr/kernel/libkernel.a(xip.c.obj)
 .debug_frame   0x0000000000001f28      0x264 zephyr/kernel/libkernel.a(timeout.c.obj)
 .debug_frame   0x000000000000218c       0xd0 zephyr/kernel/libkernel.a(atomic_c.c.obj)
 .debug_frame   0x000000000000225c       0x2c zephyr/kernel/libkernel.a(banner.c.obj)
 .debug_frame   0x0000000000002288       0x20 /opt/zephyr-sdk-0.16.5/riscv64-zephyr-elf/bin/../lib/gcc/riscv64-zephyr-elf/12.2.0/rv32imac_zicsr_zifencei/ilp32/libgcc.a(_clzsi2.o)
 .debug_frame   0x00000000000022a8       0x30 /opt/zephyr-sdk-0.16.5/riscv64-zephyr-elf/bin/../lib/gcc/../../picolibc/riscv64-zephyr-elf/lib/rv32imac_zicsr_zifencei/ilp32/libc.a(libc_string_strncpy.c.o)
 .debug_frame   0x00000000000022d8       0x20 /opt/zephyr-sdk-0.16.5/riscv64-zephyr-elf/bin/../lib/gcc/../../picolibc/riscv64-zephyr-elf/lib/rv32imac_zicsr_zifencei/ilp32/libc.a(libc_string_strnlen.c.o)
 .debug_frame   0x00000000000022f8       0x70 /opt/zephyr-sdk-0.16.5/riscv64-zephyr-elf/bin/../lib/gcc/../../picolibc/riscv64-zephyr-elf/lib/rv32imac_zicsr_zifencei/ilp32/libc.a(libc_tinystdio_vflprintf.c.o)

.debug_str      0x0000000000000000     0x53c9
 *(SORT_BY_ALIGNMENT(.debug_str))
 .debug_str     0x0000000000000000      0x260 zephyr/CMakeFiles/zephyr_final.dir/isr_tables.c.obj
                                        0x299 (size before relaxing)
 .debug_str     0x0000000000000260      0x2c9 zephyr/CMakeFiles/offsets.dir/./arch/riscv/core/offsets/offsets.c.obj
                                        0x395 (size before relaxing)
 .debug_str     0x0000000000000529      0x546 app/libapp.a(main.c.obj)
                                        0x8fd (size before relaxing)
 .debug_str     0x0000000000000a6f      0x3c2 zephyr/libzephyr.a(heap.c.obj)
                                        0x6f6 (size before relaxing)
 .debug_str     0x0000000000000e31      0x144 zephyr/libzephyr.a(printk.c.obj)
                                        0x57d (size before relaxing)
 .debug_str     0x0000000000000f75       0xa0 zephyr/libzephyr.a(thread_entry.c.obj)
                                        0x74a (size before relaxing)
 .debug_str     0x0000000000001015       0x60 zephyr/libzephyr.a(configs.c.obj)
                                        0x1eb (size before relaxing)
 .debug_str     0x0000000000001075       0x5d zephyr/libzephyr.a(soc_irq.S.obj)
                                         0x8e (size before relaxing)
 .debug_str     0x00000000000010d2      0x156 zephyr/libzephyr.a(soc_common_irq.c.obj)
                                        0x3a1 (size before relaxing)
 .debug_str     0x0000000000001228       0x50 zephyr/libzephyr.a(vector.S.obj)
                                         0x8d (size before relaxing)