Archive member included to satisfy reference by file (symbol)

app/libapp.a(main.c.obj)      (--whole-archive)
zephyr/libzephyr.a(heap.c.obj)
                              (--whole-archive)
zephyr/libzephyr.a(cbprintf_packaged.c.obj)
                              (--whole-archive)
zephyr/libzephyr.a(printk.c.obj)
                              (--whole-archive)
zephyr/libzephyr.a(sem.c.obj)
                              (--whole-archive)
zephyr/libzephyr.a(thread_entry.c.obj)
                              (--whole-archive)
zephyr/libzephyr.a(cbprintf_complete.c.obj)
                              (--whole-archive)
zephyr/libzephyr.a(assert.c.obj)
                              (--whole-archive)
zephyr/libzephyr.a(dec.c.obj)
                              (--whole-archive)
zephyr/libzephyr.a(hex.c.obj)
                              (--whole-archive)
zephyr/libzephyr.a(rb.c.obj)  (--whole-archive)
zephyr/libzephyr.a(timeutil.c.obj)
                              (--whole-archive)
zephyr/libzephyr.a(bitarray.c.obj)
                              (--whole-archive)
zephyr/libzephyr.a(ring_buffer.c.obj)
                              (--whole-archive)
zephyr/libzephyr.a(configs.c.obj)
                              (--whole-archive)
zephyr/libzephyr.a(soc_irq.S.obj)
                              (--whole-archive)
zephyr/libzephyr.a(soc_common_irq.c.obj)
                              (--whole-archive)
zephyr/libzephyr.a(vector.S.obj)
                              (--whole-archive)
zephyr/libzephyr.a(clock.c.obj)
                              (--whole-archive)
zephyr/libzephyr.a(thread_info.c.obj)
                              (--whole-archive)
zephyr/libzephyr.a(sysview_config.c.obj)
                              (--whole-archive)
zephyr/libzephyr.a(sysview.c.obj)
                              (--whole-archive)
zephyr/arch/common/libarch__common.a(sw_isr_common.c.obj)
                              (--whole-archive)
zephyr/arch/common/libarch__common.a(multilevel_irq.c.obj)
                              (--whole-archive)
zephyr/arch/arch/riscv/core/libarch__riscv__core.a(cpu_idle.c.obj)
                              (--whole-archive)
zephyr/arch/arch/riscv/core/libarch__riscv__core.a(fatal.c.obj)
                              (--whole-archive)
zephyr/arch/arch/riscv/core/libarch__riscv__core.a(irq_manage.c.obj)
                              (--whole-archive)
zephyr/arch/arch/riscv/core/libarch__riscv__core.a(isr.S.obj)
                              (--whole-archive)
zephyr/arch/arch/riscv/core/libarch__riscv__core.a(prep_c.c.obj)
                              (--whole-archive)
zephyr/arch/arch/riscv/core/libarch__riscv__core.a(reboot.c.obj)
                              (--whole-archive)
zephyr/arch/arch/riscv/core/libarch__riscv__core.a(reset.S.obj)
                              (--whole-archive)
zephyr/arch/arch/riscv/core/libarch__riscv__core.a(switch.S.obj)
                              (--whole-archive)
zephyr/arch/arch/riscv/core/libarch__riscv__core.a(thread.c.obj)
                              (--whole-archive)
zephyr/arch/arch/riscv/core/libarch__riscv__core.a(pmp.c.obj)
                              (--whole-archive)
zephyr/arch/arch/riscv/core/libarch__riscv__core.a(pmp.S.obj)
                              (--whole-archive)
zephyr/arch/arch/riscv/core/libarch__riscv__core.a(tls.c.obj)
                              (--whole-archive)
zephyr/lib/libc/picolibc/liblib__libc__picolibc.a(libc-hooks.c.obj)
                              (--whole-archive)
zephyr/lib/libc/common/liblib__libc__common.a(abort.c.obj)
                              (--whole-archive)
zephyr/lib/libc/common/liblib__libc__common.a(malloc.c.obj)
                              (--whole-archive)
zephyr/subsys/random/libsubsys__random.a(rand32_timer.c.obj)
                              (--whole-archive)
zephyr/drivers/interrupt_controller/libdrivers__interrupt_controller.a(intc_plic.c.obj)
                              (--whole-archive)
zephyr/drivers/console/libdrivers__console.a(rtt_console.c.obj)
                              (--whole-archive)
zephyr/drivers/console/libdrivers__console.a(uart_console.c.obj)
                              (--whole-archive)
zephyr/drivers/gpio/libdrivers__gpio.a(gpio_sifive.c.obj)
                              (--whole-archive)
zephyr/drivers/pinctrl/libdrivers__pinctrl.a(common.c.obj)
                              (--whole-archive)
zephyr/drivers/pinctrl/libdrivers__pinctrl.a(pinctrl_sifive.c.obj)
                              (--whole-archive)
zephyr/drivers/serial/libdrivers__serial.a(uart_sifive.c.obj)
                              (--whole-archive)
zephyr/drivers/timer/libdrivers__timer.a(sys_clock_init.c.obj)
                              (--whole-archive)
zephyr/drivers/timer/libdrivers__timer.a(riscv_machine_timer.c.obj)
                              (--whole-archive)
modules/segger/libmodules__segger.a(SEGGER_RTT.c.obj)
                              (--whole-archive)
[...]
Memory Configuration

Name             Origin             Length             Attributes
ROM              0x0000000020010000 0x00000000003c0900 xr
RAM              0x0000000080000000 0x0000000000004000 xrw
IDT_LIST         0x00000000fffff7ff 0x0000000000000800 xw
*default*        0x0000000000000000 0xffffffffffffffff

Linker script and memory map

                0x0000000020014ea8                vfprintf = __l_vfprintf
                0x0000000000000000                vfscanf = __l_vfscanf
LOAD zephyr/CMakeFiles/zephyr_pre0.dir/misc/empty_file.c.obj
LOAD zephyr/CMakeFiles/offsets.dir/./arch/riscv/core/offsets/offsets.c.obj
LOAD app/libapp.a
LOAD zephyr/libzephyr.a
LOAD zephyr/arch/common/libarch__common.a
LOAD zephyr/arch/arch/riscv/core/libarch__riscv__core.a
LOAD zephyr/lib/libc/picolibc/liblib__libc__picolibc.a
LOAD zephyr/lib/libc/common/liblib__libc__common.a
LOAD zephyr/subsys/random/libsubsys__random.a
LOAD zephyr/drivers/interrupt_controller/libdrivers__interrupt_controller.a
LOAD zephyr/drivers/console/libdrivers__console.a
LOAD zephyr/drivers/gpio/libdrivers__gpio.a
LOAD zephyr/drivers/pinctrl/libdrivers__pinctrl.a
LOAD zephyr/drivers/serial/libdrivers__serial.a
LOAD zephyr/drivers/timer/libdrivers__timer.a
LOAD modules/segger/libmodules__segger.a
LOAD zephyr/kernel/libkernel.a
LOAD /opt/zephyr-sdk-0.16.5/riscv64-zephyr-elf/bin/../lib/gcc/riscv64-zephyr-elf/12.2.0/rv32imac_zicsr_zifencei/ilp32/libgcc.a
LOAD zephyr/arch/common/libisr_tables.a
LOAD /opt/zephyr-sdk-0.16.5/riscv64-zephyr-elf/bin/../lib/gcc/../../picolibc/riscv64-zephyr-elf/lib/rv32imac_zicsr_zifencei/ilp32/libc.a
LOAD /opt/zephyr-sdk-0.16.5/riscv64-zephyr-elf/bin/../lib/gcc/riscv64-zephyr-elf/12.2.0/rv32imac_zicsr_zifencei/ilp32/libgcc.a

.rel.plt        0x0000000000000000        0x0
 *(SORT_BY_ALIGNMENT(.rel.plt))
                [!provide]                        PROVIDE (__rel_iplt_start = .)
 *(SORT_BY_ALIGNMENT(.rel.iplt))
                [!provide]                        PROVIDE (__rel_iplt_end = .)

.rela.plt       0x0000000000000000        0x0
 *(SORT_BY_ALIGNMENT(.rela.plt))
                [!provide]                        PROVIDE (__rela_iplt_start = .)
 *(SORT_BY_ALIGNMENT(.rela.iplt))
                [!provide]                        PROVIDE (__rela_iplt_end = .)

.rel.dyn
 *(SORT_BY_ALIGNMENT(.rel.*))

.rela.dyn       0x0000000020010000        0x0
 *(SORT_BY_ALIGNMENT(.rela.*))
 .rela.sdata._char_out
                0x0000000020010000        0x0 app/libapp.a(main.c.obj)
 .rela.vectors.__start
                0x0000000020010000        0x0 app/libapp.a(main.c.obj)
 .rela.exception.entry._isr_wrapper
                0x0000000020010000        0x0 app/libapp.a(main.c.obj)
 .rela.text.z_riscv_pmp_init
                0x0000000020010000        0x0 app/libapp.a(main.c.obj)
 .rela.text.z_tls_copy
                0x0000000020010000        0x0 app/libapp.a(main.c.obj)
 .rela.text.arch_tls_stack_setup
                0x0000000020010000        0x0 app/libapp.a(main.c.obj)
 .rela.text.malloc_prepare
                0x0000000020010000        0x0 app/libapp.a(main.c.obj)
 .rela.text.z_device_state_init
                0x0000000020010000        0x0 app/libapp.a(main.c.obj)
 .rela.text.z_bss_zero
                0x0000000020010000        0x0 app/libapp.a(main.c.obj)
 .rela.rodata.levels.0
                0x0000000020010000        0x0 app/libapp.a(main.c.obj)
 .rela.text.z_init_static_threads
                0x0000000020010000        0x0 app/libapp.a(main.c.obj)
 .rela.text.z_data_copy
                0x0000000020010000        0x0 app/libapp.a(main.c.obj)

.plt
 *(SORT_BY_ALIGNMENT(.plt))

.iplt
 *(SORT_BY_ALIGNMENT(.iplt))
                0x0000000020010000                __rom_region_start = 0x20010000

rom_start       0x0000000020010000       0x18
                0x0000000020010000                . = ALIGN (0x10)
 *(SORT_BY_ALIGNMENT(.vectors.*))
 .vectors.__start
                0x0000000020010000       0x18 zephyr/libzephyr.a(vector.S.obj)
                0x0000000020010000                __start

reset           0x0000000020010018        0x4
 *(SORT_BY_ALIGNMENT(.reset.*))
 .reset.__reset
                0x0000000020010018        0x4 zephyr/arch/arch/riscv/core/libarch__riscv__core.a(reset.S.obj)
                0x0000000020010018                __reset

exceptions      0x000000002001001c      0x142
 *(SORT_BY_ALIGNMENT(.exception.entry.*))
 .exception.entry._isr_wrapper
                0x000000002001001c      0x132 zephyr/arch/arch/riscv/core/libarch__riscv__core.a(isr.S.obj)
                0x000000002001001c                _isr_wrapper
                0x0000000020010110                z_riscv_thread_start
 *(SORT_BY_ALIGNMENT(.exception.other.*))
 *fill*         0x000000002001014e        0x2 
 .exception.other.__soc_handle_irq
                0x0000000020010150        0xe zephyr/libzephyr.a(soc_irq.S.obj)
                0x0000000020010150                __soc_handle_irq

text            0x0000000020010160     0x5282
                0x0000000020010160                . = ALIGN (0x4)
 *(SORT_BY_ALIGNMENT(.openocd_debug))
 *(SORT_BY_ALIGNMENT(.openocd_debug.*))
                0x0000000020010160                __text_region_start = .
 *(SORT_BY_ALIGNMENT(.text))
 .text          0x0000000020010160       0x3c /opt/zephyr-sdk-0.16.5/riscv64-zephyr-elf/bin/../lib/gcc/riscv64-zephyr-elf/12.2.0/rv32imac_zicsr_zifencei/ilp32/libgcc.a(_clzsi2.o)
                0x0000000020010160                __clzsi2
 .text          0x000000002001019c      0x35e /opt/zephyr-sdk-0.16.5/riscv64-zephyr-elf/bin/../lib/gcc/riscv64-zephyr-elf/12.2.0/rv32imac_zicsr_zifencei/ilp32/libgcc.a(_udivdi3.o)
                0x000000002001019c                __udivdi3
 *(SORT_BY_ALIGNMENT(.text.*))
 *fill*         0x00000000200104fa        0x2 
 .text.__initialize
                0x00000000200104fc       0x4a zephyr/arch/arch/riscv/core/libarch__riscv__core.a(reset.S.obj)
                0x00000000200104fc                __initialize
 *fill*         0x0000000020010546        0x2 
 .text.z_riscv_switch
                0x0000000020010548       0x7a zephyr/arch/arch/riscv/core/libarch__riscv__core.a(switch.S.obj)
                0x0000000020010548                z_riscv_switch
 *fill*         0x00000000200105c2        0x2 
 .text.z_riscv_write_pmp_entries
                0x00000000200105c4       0xe2 zephyr/arch/arch/riscv/core/libarch__riscv__core.a(pmp.S.obj)
                0x00000000200105c4                z_riscv_write_pmp_entries
 .text._OffsetAbsSyms
                0x00000000200106a6        0x2 zephyr/CMakeFiles/offsets.dir/./arch/riscv/core/offsets/offsets.c.obj
                0x00000000200106a6                _OffsetAbsSyms
 .text.fatal_reason_str
                0x00000000200106a8       0x52 app/libapp.a(main.c.obj)
 .text.k_uptime_get_32
                0x00000000200106fa       0x28 app/libapp.a(main.c.obj)
 .text.log_stack_hwm
                0x0000000020010722       0x54 app/libapp.a(main.c.obj)
 .text.mock_irq_fn
                0x0000000020010776       0xb0 app/libapp.a(main.c.obj)
 .text.thread_body
                0x0000000020010826       0x50 app/libapp.a(main.c.obj)
 .text.thread_2_fn
                0x0000000020010876        0xa app/libapp.a(main.c.obj)
 .text.thread_1_fn
                0x0000000020010880        0xa app/libapp.a(main.c.obj)
 .text.thread_0_fn
                0x000000002001088a        0xa app/libapp.a(main.c.obj)
 .text.k_sys_fatal_error_handler
                0x0000000020010894       0xd8 app/libapp.a(main.c.obj)
                0x0000000020010894                k_sys_fatal_error_handler
 .text.main     0x000000002001096c      0x138 app/libapp.a(main.c.obj)
                0x000000002001096c                main
 .text.free_list_add_bidx
                0x0000000020010aa4       0x76 zephyr/libzephyr.a(heap.c.obj)
 .text.free_list_add
                0x0000000020010b1a       0x30 zephyr/libzephyr.a(heap.c.obj)
 .text.sys_heap_init
                0x0000000020010b4a       0xba zephyr/libzephyr.a(heap.c.obj)
                0x0000000020010b4a                sys_heap_init
 .text.arch_printk_char_out
                0x0000000020010c04        0x4 zephyr/libzephyr.a(printk.c.obj)
                0x0000000020010c04                arch_printk_char_out
 .text.char_out
                0x0000000020010c08       0x14 zephyr/libzephyr.a(printk.c.obj)
 .text.vprintk  0x0000000020010c1c       0x2e zephyr/libzephyr.a(printk.c.obj)
                0x0000000020010c1c                vprintk
 .text.printk   0x0000000020010c4a       0x1e zephyr/libzephyr.a(printk.c.obj)
                0x0000000020010c4a                printk
 .text.__printk_hook_install
                0x0000000020010c68        0xa zephyr/libzephyr.a(printk.c.obj)
                0x0000000020010c68                __printk_hook_install
 .text.z_thread_entry
                0x0000000020010c72       0x2e zephyr/libzephyr.a(thread_entry.c.obj)
                0x0000000020010c72                z_thread_entry
 .text._ConfigAbsSyms
                0x0000000020010ca0        0x2 zephyr/libzephyr.a(configs.c.obj)
                0x0000000020010ca0                _ConfigAbsSyms
 .text.arch_irq_enable
                0x0000000020010ca2       0x24 zephyr/libzephyr.a(soc_common_irq.c.obj)
                0x0000000020010ca2                arch_irq_enable
 .text.arch_irq_disable
                0x0000000020010cc6       0x24 zephyr/libzephyr.a(soc_common_irq.c.obj)
                0x0000000020010cc6                arch_irq_disable
 .text.z_riscv_irq_priority_set
                0x0000000020010cea       0x1a zephyr/libzephyr.a(soc_common_irq.c.obj)
                0x0000000020010cea                z_riscv_irq_priority_set
 .text.soc_interrupt_init
                0x0000000020010d04        0xe zephyr/libzephyr.a(soc_common_irq.c.obj)
                0x0000000020010d04                soc_interrupt_init
 .text.fe310_clock_init
                0x0000000020010d12       0x28 zephyr/libzephyr.a(clock.c.obj)
 .text.set_thread_name
                0x0000000020010d3a       0x4e zephyr/libzephyr.a(sysview_config.c.obj)
 .text.send_task_list_cb
                0x0000000020010d88       0x56 zephyr/libzephyr.a(sysview_config.c.obj)
 .text.get_time_cb
                0x0000000020010dde       0x10 zephyr/libzephyr.a(sysview_config.c.obj)
 .text.cbSendSystemDesc
                0x0000000020010dee       0x2e zephyr/libzephyr.a(sysview_config.c.obj)
 .text.sys_trace_thread_info
                0x0000000020010e1c       0x38 zephyr/libzephyr.a(sysview_config.c.obj)
                0x0000000020010e1c                sys_trace_thread_info
 .text.SEGGER_SYSVIEW_Conf
                0x0000000020010e54       0x2a zephyr/libzephyr.a(sysview_config.c.obj)
                0x0000000020010e54                SEGGER_SYSVIEW_Conf
 .text.sysview_init
                0x0000000020010e7e        0xe zephyr/libzephyr.a(sysview.c.obj)
 .text.sysview_get_timestamp
                0x0000000020010e8c        0xe zephyr/libzephyr.a(sysview.c.obj)
                0x0000000020010e8c                sysview_get_timestamp
 .text.sysview_get_interrupt
                0x0000000020010e9a        0x4 zephyr/libzephyr.a(sysview.c.obj)
                0x0000000020010e9a                sysview_get_interrupt
 .text.sys_trace_k_thread_switched_in
                0x0000000020010e9e       0x24 zephyr/libzephyr.a(sysview.c.obj)
                0x0000000020010e9e                sys_trace_k_thread_switched_in
 .text.sys_trace_k_thread_switched_out
                0x0000000020010ec2        0xe zephyr/libzephyr.a(sysview.c.obj)
                0x0000000020010ec2                sys_trace_k_thread_switched_out
 .text.sys_trace_isr_enter
                0x0000000020010ed0        0xe zephyr/libzephyr.a(sysview.c.obj)
                0x0000000020010ed0                sys_trace_isr_enter
 .text.sys_trace_isr_exit
                0x0000000020010ede        0xe zephyr/libzephyr.a(sysview.c.obj)
                0x0000000020010ede                sys_trace_isr_exit
 .text.sys_trace_idle
                0x0000000020010eec        0xe zephyr/libzephyr.a(sysview.c.obj)
                0x0000000020010eec                sys_trace_idle
 .text.arch_cpu_idle
                0x0000000020010efa       0x16 zephyr/arch/arch/riscv/core/libarch__riscv__core.a(cpu_idle.c.obj)
                0x0000000020010efa                arch_cpu_idle
 .text.bad_stack_pointer
                0x0000000020010f10        0x4 zephyr/arch/arch/riscv/core/libarch__riscv__core.a(fatal.c.obj)
 .text.z_riscv_fatal_error
                0x0000000020010f14        0x8 zephyr/arch/arch/riscv/core/libarch__riscv__core.a(fatal.c.obj)
                0x0000000020010f14                z_riscv_fatal_error
 .text._Fault   0x0000000020010f1c       0x1a zephyr/arch/arch/riscv/core/libarch__riscv__core.a(fatal.c.obj)
                0x0000000020010f1c                _Fault
 .text.z_irq_spurious
                0x0000000020010f36       0x22 zephyr/arch/arch/riscv/core/libarch__riscv__core.a(irq_manage.c.obj)
                0x0000000020010f36                z_irq_spurious
 .text.z_prep_c
                0x0000000020010f58       0x12 zephyr/arch/arch/riscv/core/libarch__riscv__core.a(prep_c.c.obj)
                0x0000000020010f58                z_prep_c
 .text.arch_new_thread
                0x0000000020010f6a       0x34 zephyr/arch/arch/riscv/core/libarch__riscv__core.a(thread.c.obj)
                0x0000000020010f6a                arch_new_thread
 .text.set_pmp_entry
                0x0000000020010f9e       0xe0 zephyr/arch/arch/riscv/core/libarch__riscv__core.a(pmp.c.obj)
 .text.write_pmp_entries
                0x000000002001107e       0x3c zephyr/arch/arch/riscv/core/libarch__riscv__core.a(pmp.c.obj)
 .text.z_riscv_pmp_init
                0x00000000200110ba       0x62 zephyr/arch/arch/riscv/core/libarch__riscv__core.a(pmp.c.obj)
                0x00000000200110ba                z_riscv_pmp_init
 .text.z_tls_copy
                0x000000002001111c       0x48 zephyr/arch/arch/riscv/core/libarch__riscv__core.a(tls.c.obj)
 .text.arch_tls_stack_setup
                0x0000000020011164       0x52 zephyr/arch/arch/riscv/core/libarch__riscv__core.a(tls.c.obj)
                0x0000000020011164                arch_tls_stack_setup
 .text.z_impl_zephyr_fputc
                0x00000000200111b6       0x16 zephyr/lib/libc/picolibc/liblib__libc__picolibc.a(libc-hooks.c.obj)
                0x00000000200111b6                z_impl_zephyr_fputc
 .text.picolibc_put
                0x00000000200111cc       0x36 zephyr/lib/libc/picolibc/liblib__libc__picolibc.a(libc-hooks.c.obj)
 .text.__stdout_hook_install
                0x0000000020011202       0x1e zephyr/lib/libc/picolibc/liblib__libc__picolibc.a(libc-hooks.c.obj)
                0x0000000020011202                __stdout_hook_install
 .text.malloc_prepare
                0x0000000020011220       0x26 zephyr/lib/libc/common/liblib__libc__common.a(malloc.c.obj)
 .text.z_impl_sys_rand32_get
                0x0000000020011246       0x7a zephyr/subsys/random/libsubsys__random.a(rand32_timer.c.obj)
                0x0000000020011246                z_impl_sys_rand32_get
 .text.get_claim_complete_addr
                0x00000000200112c0       0x16 zephyr/drivers/interrupt_controller/libdrivers__interrupt_controller.a(intc_plic.c.obj)
 .text.plic_irq_enable_set_state
                0x00000000200112d6       0x54 zephyr/drivers/interrupt_controller/libdrivers__interrupt_controller.a(intc_plic.c.obj)
 .text.plic_init
                0x000000002001132a       0x78 zephyr/drivers/interrupt_controller/libdrivers__interrupt_controller.a(intc_plic.c.obj)
 .text.plic_irq_config_func_0
                0x00000000200113a2       0x1a zephyr/drivers/interrupt_controller/libdrivers__interrupt_controller.a(intc_plic.c.obj)
 .text.plic_irq_handler
                0x00000000200113bc       0x66 zephyr/drivers/interrupt_controller/libdrivers__interrupt_controller.a(intc_plic.c.obj)
 .text.riscv_plic_irq_enable
                0x0000000020011422        0xe zephyr/drivers/interrupt_controller/libdrivers__interrupt_controller.a(intc_plic.c.obj)
                0x0000000020011422                riscv_plic_irq_enable
 .text.riscv_plic_irq_disable
                0x0000000020011430        0xe zephyr/drivers/interrupt_controller/libdrivers__interrupt_controller.a(intc_plic.c.obj)
                0x0000000020011430                riscv_plic_irq_disable
 .text.riscv_plic_set_priority
                0x000000002001143e       0x18 zephyr/drivers/interrupt_controller/libdrivers__interrupt_controller.a(intc_plic.c.obj)
                0x000000002001143e                riscv_plic_set_priority
 .text.riscv_plic_get_irq
                0x0000000020011456        0xa zephyr/drivers/interrupt_controller/libdrivers__interrupt_controller.a(intc_plic.c.obj)
                0x0000000020011456                riscv_plic_get_irq
 .text.riscv_plic_get_dev
                0x0000000020011460        0xa zephyr/drivers/interrupt_controller/libdrivers__interrupt_controller.a(intc_plic.c.obj)
                0x0000000020011460                riscv_plic_get_dev
 .text.rtt_console_init
                0x000000002001146a       0x22 zephyr/drivers/console/libdrivers__console.a(rtt_console.c.obj)
 .text.k_msleep
                0x000000002001148c       0x3a zephyr/drivers/console/libdrivers__console.a(rtt_console.c.obj)
 .text.wait     0x00000000200114c6       0x16 zephyr/drivers/console/libdrivers__console.a(rtt_console.c.obj)
 .text.rtt_console_out
                0x00000000200114dc       0x5e zephyr/drivers/console/libdrivers__console.a(rtt_console.c.obj)
 .text.console_out
                0x000000002001153a       0x74 zephyr/drivers/console/libdrivers__console.a(uart_console.c.obj)
 .text.uart_console_hook_install
                0x00000000200115ae       0x20 zephyr/drivers/console/libdrivers__console.a(uart_console.c.obj)
 .text.uart_console_init
                0x00000000200115ce       0x3e zephyr/drivers/console/libdrivers__console.a(uart_console.c.obj)
 .text.sys_slist_remove
                0x000000002001160c       0x24 zephyr/drivers/gpio/libdrivers__gpio.a(gpio_sifive.c.obj)
 .text.sys_slist_find_and_remove
                0x0000000020011630       0x24 zephyr/drivers/gpio/libdrivers__gpio.a(gpio_sifive.c.obj)
 .text.gpio_manage_callback
                0x0000000020011654       0x4c zephyr/drivers/gpio/libdrivers__gpio.a(gpio_sifive.c.obj)
 .text.gpio_fire_callbacks
                0x00000000200116a0       0x4c zephyr/drivers/gpio/libdrivers__gpio.a(gpio_sifive.c.obj)
 .text.gpio_sifive_config
                0x00000000200116ec       0xb4 zephyr/drivers/gpio/libdrivers__gpio.a(gpio_sifive.c.obj)
 .text.gpio_sifive_port_get_raw
                0x00000000200117a0        0xc zephyr/drivers/gpio/libdrivers__gpio.a(gpio_sifive.c.obj)
 .text.gpio_sifive_port_set_masked_raw
                0x00000000200117ac       0x12 zephyr/drivers/gpio/libdrivers__gpio.a(gpio_sifive.c.obj)
 .text.gpio_sifive_port_set_bits_raw
                0x00000000200117be        0xe zephyr/drivers/gpio/libdrivers__gpio.a(gpio_sifive.c.obj)
 .text.gpio_sifive_port_clear_bits_raw
                0x00000000200117cc       0x12 zephyr/drivers/gpio/libdrivers__gpio.a(gpio_sifive.c.obj)
 .text.gpio_sifive_port_toggle_bits
                0x00000000200117de        0xe zephyr/drivers/gpio/libdrivers__gpio.a(gpio_sifive.c.obj)
 .text.gpio_sifive_manage_callback
                0x00000000200117ec       0x10 zephyr/drivers/gpio/libdrivers__gpio.a(gpio_sifive.c.obj)
 .text.gpio_sifive_init
                0x00000000200117fc       0x3c zephyr/drivers/gpio/libdrivers__gpio.a(gpio_sifive.c.obj)
 .text.gpio_sifive_pin_interrupt_configure
                0x0000000020011838       0xfa zephyr/drivers/gpio/libdrivers__gpio.a(gpio_sifive.c.obj)
 .text.gpio_sifive_cfg_0
                0x0000000020011932      0x194 zephyr/drivers/gpio/libdrivers__gpio.a(gpio_sifive.c.obj)
 .text.gpio_sifive_irq_handler
                0x0000000020011ac6       0x56 zephyr/drivers/gpio/libdrivers__gpio.a(gpio_sifive.c.obj)
 .text.pinctrl_lookup_state
                0x0000000020011b1c       0x2a zephyr/drivers/pinctrl/libdrivers__pinctrl.a(common.c.obj)
                0x0000000020011b1c                pinctrl_lookup_state
 .text.pinctrl_sifive_set
                0x0000000020011b46       0x4a zephyr/drivers/pinctrl/libdrivers__pinctrl.a(pinctrl_sifive.c.obj)
 .text.pinctrl_configure_pins
                0x0000000020011b90       0x36 zephyr/drivers/pinctrl/libdrivers__pinctrl.a(pinctrl_sifive.c.obj)
                0x0000000020011b90                pinctrl_configure_pins
 .text.uart_sifive_poll_out
                0x0000000020011bc6        0xe zephyr/drivers/serial/libdrivers__serial.a(uart_sifive.c.obj)
 .text.uart_sifive_poll_in
                0x0000000020011bd4       0x16 zephyr/drivers/serial/libdrivers__serial.a(uart_sifive.c.obj)
 .text.pinctrl_apply_state
                0x0000000020011bea       0x1e zephyr/drivers/serial/libdrivers__serial.a(uart_sifive.c.obj)
 .text.uart_sifive_init
                0x0000000020011c08       0x42 zephyr/drivers/serial/libdrivers__serial.a(uart_sifive.c.obj)
 .text.get_hart_mtimecmp
                0x0000000020011c4a       0x12 zephyr/drivers/timer/libdrivers__timer.a(riscv_machine_timer.c.obj)
 .text.set_mtimecmp
                0x0000000020011c5c       0x20 zephyr/drivers/timer/libdrivers__timer.a(riscv_machine_timer.c.obj)
 .text.mtime    0x0000000020011c7c       0x16 zephyr/drivers/timer/libdrivers__timer.a(riscv_machine_timer.c.obj)
 .text.sys_clock_driver_init
                0x0000000020011c92       0x54 zephyr/drivers/timer/libdrivers__timer.a(riscv_machine_timer.c.obj)
 .text.timer_isr
                0x0000000020011ce6       0x6c zephyr/drivers/timer/libdrivers__timer.a(riscv_machine_timer.c.obj)
 .text.sys_clock_set_timeout
                0x0000000020011d52       0x8a zephyr/drivers/timer/libdrivers__timer.a(riscv_machine_timer.c.obj)
                0x0000000020011d52                sys_clock_set_timeout
 .text.sys_clock_elapsed
                0x0000000020011ddc       0x2e zephyr/drivers/timer/libdrivers__timer.a(riscv_machine_timer.c.obj)
                0x0000000020011ddc                sys_clock_elapsed
 .text.sys_clock_cycle_get_32
                0x0000000020011e0a        0xc zephyr/drivers/timer/libdrivers__timer.a(riscv_machine_timer.c.obj)
                0x0000000020011e0a                sys_clock_cycle_get_32
 .text._GetAvailWriteSpace
                0x0000000020011e16       0x1e modules/segger/libmodules__segger.a(SEGGER_RTT.c.obj)
 .text._WriteNoCheck
                0x0000000020011e34       0x64 modules/segger/libmodules__segger.a(SEGGER_RTT.c.obj)
 .text._WriteBlocking
                0x0000000020011e98       0x8c modules/segger/libmodules__segger.a(SEGGER_RTT.c.obj)
 .text._DoInit  0x0000000020011f24       0x98 modules/segger/libmodules__segger.a(SEGGER_RTT.c.obj)
 .text.SEGGER_RTT_ReadNoLock
                0x0000000020011fbc       0xfe modules/segger/libmodules__segger.a(SEGGER_RTT.c.obj)
                0x0000000020011fbc                SEGGER_RTT_ReadNoLock
 .text.SEGGER_RTT_WriteSkipNoLock
                0x00000000200120ba      0x10a modules/segger/libmodules__segger.a(SEGGER_RTT.c.obj)
                0x00000000200120ba                SEGGER_RTT_WriteSkipNoLock
 .text.SEGGER_RTT_WriteNoLock
                0x00000000200121c4       0x8a modules/segger/libmodules__segger.a(SEGGER_RTT.c.obj)
                0x00000000200121c4                SEGGER_RTT_WriteNoLock
 .text.SEGGER_RTT_AllocUpBuffer
                0x000000002001224e       0xa0 modules/segger/libmodules__segger.a(SEGGER_RTT.c.obj)
                0x000000002001224e                SEGGER_RTT_AllocUpBuffer
 .text.SEGGER_RTT_ConfigDownBuffer
                0x00000000200122ee       0x88 modules/segger/libmodules__segger.a(SEGGER_RTT.c.obj)
                0x00000000200122ee                SEGGER_RTT_ConfigDownBuffer
 .text.SEGGER_RTT_Init
                0x0000000020012376        0xe modules/segger/libmodules__segger.a(SEGGER_RTT.c.obj)
                0x0000000020012376                SEGGER_RTT_Init
 .text.rtt_init
                0x0000000020012384        0xe modules/segger/libmodules__segger.a(SEGGER_RTT_zephyr.c.obj)
 .text.zephyr_rtt_mutex_lock
                0x0000000020012392       0x1a modules/segger/libmodules__segger.a(SEGGER_RTT_zephyr.c.obj)
                0x0000000020012392                zephyr_rtt_mutex_lock
 .text.zephyr_rtt_mutex_unlock
                0x00000000200123ac       0x16 modules/segger/libmodules__segger.a(SEGGER_RTT_zephyr.c.obj)
                0x00000000200123ac                zephyr_rtt_mutex_unlock
 .text.zephyr_rtt_irq_lock
                0x00000000200123c2        0x6 modules/segger/libmodules__segger.a(SEGGER_RTT_zephyr.c.obj)
                0x00000000200123c2                zephyr_rtt_irq_lock
 .text.zephyr_rtt_irq_unlock
                0x00000000200123c8        0x8 modules/segger/libmodules__segger.a(SEGGER_RTT_zephyr.c.obj)
                0x00000000200123c8                zephyr_rtt_irq_unlock
 .text._EncodeStr
                0x00000000200123d0       0x5e modules/segger/libmodules__segger.a(SEGGER_SYSVIEW.c.obj)
 .text._PreparePacket
                0x000000002001242e        0x4 modules/segger/libmodules__segger.a(SEGGER_SYSVIEW.c.obj)
 .text._TrySendOverflowPacket
                0x0000000020012432       0xb0 modules/segger/libmodules__segger.a(SEGGER_SYSVIEW.c.obj)
 .text.SEGGER_SYSVIEW_Init
                0x00000000200124e2       0x84 modules/segger/libmodules__segger.a(SEGGER_SYSVIEW.c.obj)
                0x00000000200124e2                SEGGER_SYSVIEW_Init
 .text.SEGGER_SYSVIEW_SetRAMBase
                0x0000000020012566        0xc modules/segger/libmodules__segger.a(SEGGER_SYSVIEW.c.obj)
                0x0000000020012566                SEGGER_SYSVIEW_SetRAMBase
 .text.SEGGER_SYSVIEW_SendTaskList
                0x0000000020012572       0x1e modules/segger/libmodules__segger.a(SEGGER_SYSVIEW.c.obj)
                0x0000000020012572                SEGGER_SYSVIEW_SendTaskList
 .text.SEGGER_SYSVIEW_ShrinkId
                0x0000000020012590        0xe modules/segger/libmodules__segger.a(SEGGER_SYSVIEW.c.obj)
                0x0000000020012590                SEGGER_SYSVIEW_ShrinkId
 .text.SEGGER_SYSVIEW_SendModuleDescription
                0x000000002001259e       0x24 modules/segger/libmodules__segger.a(SEGGER_SYSVIEW.c.obj)
                0x000000002001259e                SEGGER_SYSVIEW_SendModuleDescription
 .text.SEGGER_SYSVIEW_SendNumModules
                0x00000000200125c2       0x4a modules/segger/libmodules__segger.a(SEGGER_SYSVIEW.c.obj)
                0x00000000200125c2                SEGGER_SYSVIEW_SendNumModules
 .text.SEGGER_SYSVIEW_Start
                0x000000002001260c       0xdc modules/segger/libmodules__segger.a(SEGGER_SYSVIEW.c.obj)
                0x000000002001260c                SEGGER_SYSVIEW_Start
 .text._HandleIncomingPacket
                0x00000000200126e8       0xb8 modules/segger/libmodules__segger.a(SEGGER_SYSVIEW.c.obj)
 .text._SendPacket
                0x00000000200127a0      0x220 modules/segger/libmodules__segger.a(SEGGER_SYSVIEW.c.obj)
 .text.SEGGER_SYSVIEW_RecordVoid
                0x00000000200129c0       0x32 modules/segger/libmodules__segger.a(SEGGER_SYSVIEW.c.obj)
                0x00000000200129c0                SEGGER_SYSVIEW_RecordVoid
 .text.SEGGER_SYSVIEW_RecordU32
                0x00000000200129f2       0x54 modules/segger/libmodules__segger.a(SEGGER_SYSVIEW.c.obj)
                0x00000000200129f2                SEGGER_SYSVIEW_RecordU32
 .text.SEGGER_SYSVIEW_RecordU32x2
                0x0000000020012a46       0x7a modules/segger/libmodules__segger.a(SEGGER_SYSVIEW.c.obj)
                0x0000000020012a46                SEGGER_SYSVIEW_RecordU32x2
 .text.SEGGER_SYSVIEW_RecordSystime
                0x0000000020012ac0       0x30 modules/segger/libmodules__segger.a(SEGGER_SYSVIEW.c.obj)
                0x0000000020012ac0                SEGGER_SYSVIEW_RecordSystime
 .text.SEGGER_SYSVIEW_RecordString
                0x0000000020012af0       0x4c modules/segger/libmodules__segger.a(SEGGER_SYSVIEW.c.obj)
                0x0000000020012af0                SEGGER_SYSVIEW_RecordString
 .text.SEGGER_SYSVIEW_Stop
                0x0000000020012b3c       0x42 modules/segger/libmodules__segger.a(SEGGER_SYSVIEW.c.obj)
                0x0000000020012b3c                SEGGER_SYSVIEW_Stop
 .text.SEGGER_SYSVIEW_GetSysDesc
                0x0000000020012b7e       0xb6 modules/segger/libmodules__segger.a(SEGGER_SYSVIEW.c.obj)
                0x0000000020012b7e                SEGGER_SYSVIEW_GetSysDesc
 .text.SEGGER_SYSVIEW_SendTaskInfo
                0x0000000020012c34      0x116 modules/segger/libmodules__segger.a(SEGGER_SYSVIEW.c.obj)
                0x0000000020012c34                SEGGER_SYSVIEW_SendTaskInfo
 .text.SEGGER_SYSVIEW_SendSysDesc
                0x0000000020012d4a       0x46 modules/segger/libmodules__segger.a(SEGGER_SYSVIEW.c.obj)
                0x0000000020012d4a                SEGGER_SYSVIEW_SendSysDesc
 .text.SEGGER_SYSVIEW_RecordEnterISR
                0x0000000020012d90       0x58 modules/segger/libmodules__segger.a(SEGGER_SYSVIEW.c.obj)
                0x0000000020012d90                SEGGER_SYSVIEW_RecordEnterISR
 .text.SEGGER_SYSVIEW_RecordExitISR
                0x0000000020012de8       0x2e modules/segger/libmodules__segger.a(SEGGER_SYSVIEW.c.obj)
                0x0000000020012de8                SEGGER_SYSVIEW_RecordExitISR
 .text.SEGGER_SYSVIEW_RecordEndCall
                0x0000000020012e16       0x50 modules/segger/libmodules__segger.a(SEGGER_SYSVIEW.c.obj)
                0x0000000020012e16                SEGGER_SYSVIEW_RecordEndCall
 .text.SEGGER_SYSVIEW_RecordEndCallU32
                0x0000000020012e66       0x74 modules/segger/libmodules__segger.a(SEGGER_SYSVIEW.c.obj)
                0x0000000020012e66                SEGGER_SYSVIEW_RecordEndCallU32
 .text.SEGGER_SYSVIEW_OnIdle
                0x0000000020012eda       0x2e modules/segger/libmodules__segger.a(SEGGER_SYSVIEW.c.obj)
                0x0000000020012eda                SEGGER_SYSVIEW_OnIdle
 .text.SEGGER_SYSVIEW_OnTaskCreate
                0x0000000020012f08       0x5e modules/segger/libmodules__segger.a(SEGGER_SYSVIEW.c.obj)
                0x0000000020012f08                SEGGER_SYSVIEW_OnTaskCreate
 .text.SEGGER_SYSVIEW_OnTaskStartExec
                0x0000000020012f66       0x5e modules/segger/libmodules__segger.a(SEGGER_SYSVIEW.c.obj)
                0x0000000020012f66                SEGGER_SYSVIEW_OnTaskStartExec
 .text.SEGGER_SYSVIEW_OnTaskStopExec
                0x0000000020012fc4       0x2e modules/segger/libmodules__segger.a(SEGGER_SYSVIEW.c.obj)
                0x0000000020012fc4                SEGGER_SYSVIEW_OnTaskStopExec
 .text.SEGGER_SYSVIEW_OnTaskStartReady
                0x0000000020012ff2       0x5e modules/segger/libmodules__segger.a(SEGGER_SYSVIEW.c.obj)
                0x0000000020012ff2                SEGGER_SYSVIEW_OnTaskStartReady
 .text.SEGGER_SYSVIEW_OnTaskStopReady
                0x0000000020013050       0x82 modules/segger/libmodules__segger.a(SEGGER_SYSVIEW.c.obj)
                0x0000000020013050                SEGGER_SYSVIEW_OnTaskStopReady
 .text.SEGGER_SYSVIEW_SendModule
                0x00000000200130d2       0xa2 modules/segger/libmodules__segger.a(SEGGER_SYSVIEW.c.obj)
                0x00000000200130d2                SEGGER_SYSVIEW_SendModule
 .text.z_impl_k_busy_wait
                0x0000000020013174       0x68 zephyr/kernel/libkernel.a(busy_wait.c.obj)
                0x0000000020013174                z_impl_k_busy_wait
 .text.z_device_state_init
                0x00000000200131dc       0x1a zephyr/kernel/libkernel.a(device.c.obj)
                0x00000000200131dc                z_device_state_init
 .text.z_device_is_ready
                0x00000000200131f6       0x22 zephyr/kernel/libkernel.a(device.c.obj)
                0x00000000200131f6                z_device_is_ready
 .text.arch_system_halt
                0x0000000020013218        0x6 zephyr/kernel/libkernel.a(fatal.c.obj)
                0x0000000020013218                arch_system_halt
 .text.k_fatal_halt
                0x000000002001321e        0x6 zephyr/kernel/libkernel.a(fatal.c.obj)
                0x000000002001321e                k_fatal_halt
 .text.z_fatal_error
                0x0000000020013224       0x30 zephyr/kernel/libkernel.a(fatal.c.obj)
                0x0000000020013224                z_fatal_error
 .text.z_sys_init_run_level
                0x0000000020013254       0x82 zephyr/kernel/libkernel.a(init.c.obj)
 .text.init_idle_thread
                0x00000000200132d6       0x6e zephyr/kernel/libkernel.a(init.c.obj)
 .text.bg_thread_main
                0x0000000020013344       0x38 zephyr/kernel/libkernel.a(init.c.obj)
 .text.z_swap_unlocked
                0x000000002001337c       0x5a zephyr/kernel/libkernel.a(init.c.obj)
 .text.switch_to_main_thread
                0x00000000200133d6        0x6 zephyr/kernel/libkernel.a(init.c.obj)
 .text.z_early_memset
                0x00000000200133dc        0xe zephyr/kernel/libkernel.a(init.c.obj)
                0x00000000200133dc                z_early_memset
 .text.z_early_memcpy
                0x00000000200133ea        0xe zephyr/kernel/libkernel.a(init.c.obj)
                0x00000000200133ea                z_early_memcpy
 .text.z_bss_zero
                0x00000000200133f8       0x26 zephyr/kernel/libkernel.a(init.c.obj)
                0x00000000200133f8                z_bss_zero
 .text.z_init_cpu
                0x000000002001341e       0x6c zephyr/kernel/libkernel.a(init.c.obj)
                0x000000002001341e                z_init_cpu
 .text.prepare_multithreading
                0x000000002001348a       0x78 zephyr/kernel/libkernel.a(init.c.obj)
 .text.z_cstart
                0x0000000020013502       0x42 zephyr/kernel/libkernel.a(init.c.obj)
                0x0000000020013502                z_cstart
 .text.k_is_in_isr
                0x0000000020013544        0xe zephyr/kernel/libkernel.a(thread.c.obj)
                0x0000000020013544                k_is_in_isr
 .text.setup_thread_stack
                0x0000000020013552       0x5e zephyr/kernel/libkernel.a(thread.c.obj)
 .text.z_thread_monitor_exit
                0x00000000200135b0       0x42 zephyr/kernel/libkernel.a(thread.c.obj)
                0x00000000200135b0                z_thread_monitor_exit
 .text.z_impl_k_thread_name_set
                0x00000000200135f2       0x3e zephyr/kernel/libkernel.a(thread.c.obj)
                0x00000000200135f2                z_impl_k_thread_name_set
 .text.k_thread_name_get
                0x0000000020013630        0x6 zephyr/kernel/libkernel.a(thread.c.obj)
                0x0000000020013630                k_thread_name_get
 .text.z_check_stack_sentinel
                0x0000000020013636       0x38 zephyr/kernel/libkernel.a(thread.c.obj)
                0x0000000020013636                z_check_stack_sentinel
 .text.z_impl_k_thread_start
                0x000000002001366e       0x20 zephyr/kernel/libkernel.a(thread.c.obj)
                0x000000002001366e                z_impl_k_thread_start
 .text.schedule_new_thread
                0x000000002001368e       0x26 zephyr/kernel/libkernel.a(thread.c.obj)
 .text.z_init_thread_base
                0x00000000200136b4       0x1e zephyr/kernel/libkernel.a(thread.c.obj)
                0x00000000200136b4                z_init_thread_base
 .text.z_setup_new_thread
                0x00000000200136d2       0xd2 zephyr/kernel/libkernel.a(thread.c.obj)
                0x00000000200136d2                z_setup_new_thread
 .text.z_impl_k_thread_create
                0x00000000200137a4       0x3c zephyr/kernel/libkernel.a(thread.c.obj)
                0x00000000200137a4                z_impl_k_thread_create
 .text.z_init_static_threads
                0x00000000200137e0       0x82 zephyr/kernel/libkernel.a(thread.c.obj)
                0x00000000200137e0                z_init_static_threads
 .text.z_stack_space_get
                0x0000000020013862       0x26 zephyr/kernel/libkernel.a(thread.c.obj)
                0x0000000020013862                z_stack_space_get
 .text.z_impl_k_thread_stack_space_get
                0x0000000020013888       0x16 zephyr/kernel/libkernel.a(thread.c.obj)
                0x0000000020013888                z_impl_k_thread_stack_space_get
 .text.z_thread_mark_switched_in
                0x000000002001389e        0xe zephyr/kernel/libkernel.a(thread.c.obj)
                0x000000002001389e                z_thread_mark_switched_in
 .text.z_thread_mark_switched_out
                0x00000000200138ac       0x24 zephyr/kernel/libkernel.a(thread.c.obj)
                0x00000000200138ac                z_thread_mark_switched_out
 .text.sliceable
                0x00000000200138d0       0x52 zephyr/kernel/libkernel.a(sched.c.obj)
 .text.slice_timeout
                0x0000000020013922       0x2c zephyr/kernel/libkernel.a(sched.c.obj)
 .text.thread_active_elsewhere
                0x000000002001394e        0x4 zephyr/kernel/libkernel.a(sched.c.obj)
 .text.pended_on_thread
                0x0000000020013952        0x4 zephyr/kernel/libkernel.a(sched.c.obj)
 .text.add_thread_timeout
                0x0000000020013956       0x28 zephyr/kernel/libkernel.a(sched.c.obj)
 .text.z_sched_prio_cmp
                0x000000002001397e       0x14 zephyr/kernel/libkernel.a(sched.c.obj)
                0x000000002001397e                z_sched_prio_cmp
 .text.z_reset_time_slice
                0x0000000020013992       0x70 zephyr/kernel/libkernel.a(sched.c.obj)
                0x0000000020013992                z_reset_time_slice
 .text.k_sched_lock
                0x0000000020013a02       0x2a zephyr/kernel/libkernel.a(sched.c.obj)
                0x0000000020013a02                k_sched_lock
 .text.z_swap_next_thread
                0x0000000020013a2c        0xc zephyr/kernel/libkernel.a(sched.c.obj)
                0x0000000020013a2c                z_swap_next_thread
 .text.z_swap_irqlock
                0x0000000020013a38       0x6c zephyr/kernel/libkernel.a(sched.c.obj)
 .text.z_reschedule_irqlock
                0x0000000020013aa4       0x34 zephyr/kernel/libkernel.a(sched.c.obj)
                0x0000000020013aa4                z_reschedule_irqlock
 .text.z_swap   0x0000000020013ad8       0x7c zephyr/kernel/libkernel.a(sched.c.obj)
 .text.z_reschedule
                0x0000000020013b54       0x34 zephyr/kernel/libkernel.a(sched.c.obj)
                0x0000000020013b54                z_reschedule
 .text.z_get_next_switch_handle
                0x0000000020013b88       0x3a zephyr/kernel/libkernel.a(sched.c.obj)
                0x0000000020013b88                z_get_next_switch_handle
 .text.z_priq_dumb_remove
                0x0000000020013bc2       0x12 zephyr/kernel/libkernel.a(sched.c.obj)
                0x0000000020013bc2                z_priq_dumb_remove
 .text.unpend_thread_no_timeout
                0x0000000020013bd4       0x26 zephyr/kernel/libkernel.a(sched.c.obj)
 .text.z_priq_dumb_best
                0x0000000020013bfa        0xe zephyr/kernel/libkernel.a(sched.c.obj)
                0x0000000020013bfa                z_priq_dumb_best
 .text.update_cache
                0x0000000020013c08       0x7a zephyr/kernel/libkernel.a(sched.c.obj)
 .text.move_thread_to_end_of_prio_q
                0x0000000020013c82       0xbe zephyr/kernel/libkernel.a(sched.c.obj)
 .text.z_time_slice
                0x0000000020013d40       0x58 zephyr/kernel/libkernel.a(sched.c.obj)
                0x0000000020013d40                z_time_slice
 .text.ready_thread
                0x0000000020013d98       0xb0 zephyr/kernel/libkernel.a(sched.c.obj)
 .text.z_ready_thread
                0x0000000020013e48       0x38 zephyr/kernel/libkernel.a(sched.c.obj)
                0x0000000020013e48                z_ready_thread
 .text.z_sched_start
                0x0000000020013e80       0x3c zephyr/kernel/libkernel.a(sched.c.obj)
                0x0000000020013e80                z_sched_start
 .text.unpend_all
                0x0000000020013ebc       0x36 zephyr/kernel/libkernel.a(sched.c.obj)
 .text.z_sched_wake_thread
                0x0000000020013ef2       0x60 zephyr/kernel/libkernel.a(sched.c.obj)
                0x0000000020013ef2                z_sched_wake_thread
 .text.z_thread_timeout
                0x0000000020013f52       0x12 zephyr/kernel/libkernel.a(sched.c.obj)
                0x0000000020013f52                z_thread_timeout
 .text.unready_thread
                0x0000000020013f64       0x4a zephyr/kernel/libkernel.a(sched.c.obj)
 .text.add_to_waitq_locked
                0x0000000020013fae       0x80 zephyr/kernel/libkernel.a(sched.c.obj)
 .text.pend_locked
                0x000000002001402e       0x2a zephyr/kernel/libkernel.a(sched.c.obj)
 .text.z_pend_curr
                0x0000000020014058       0x36 zephyr/kernel/libkernel.a(sched.c.obj)
                0x0000000020014058                z_pend_curr
 .text.z_set_prio
                0x000000002001408e       0xf8 zephyr/kernel/libkernel.a(sched.c.obj)
                0x000000002001408e                z_set_prio
 .text.k_sched_unlock
                0x0000000020014186       0x44 zephyr/kernel/libkernel.a(sched.c.obj)
                0x0000000020014186                k_sched_unlock
 .text.halt_thread
                0x00000000200141ca       0x8c zephyr/kernel/libkernel.a(sched.c.obj)
 .text.z_thread_halt
                0x0000000020014256       0x52 zephyr/kernel/libkernel.a(sched.c.obj)
 .text.z_impl_k_thread_suspend
                0x00000000200142a8       0x46 zephyr/kernel/libkernel.a(sched.c.obj)
                0x00000000200142a8                z_impl_k_thread_suspend
 .text.z_unpend_first_thread
                0x00000000200142ee       0x48 zephyr/kernel/libkernel.a(sched.c.obj)
                0x00000000200142ee                z_unpend_first_thread
 .text.init_ready_q
                0x0000000020014336        0xa zephyr/kernel/libkernel.a(sched.c.obj)
                0x0000000020014336                init_ready_q
 .text.z_sched_init
                0x0000000020014340       0x16 zephyr/kernel/libkernel.a(sched.c.obj)
                0x0000000020014340                z_sched_init
 .text.z_impl_k_yield
                0x0000000020014356       0xc2 zephyr/kernel/libkernel.a(sched.c.obj)
                0x0000000020014356                z_impl_k_yield
 .text.z_tick_sleep
                0x0000000020014418       0xba zephyr/kernel/libkernel.a(sched.c.obj)
 .text.z_impl_k_sleep
                0x00000000200144d2       0x9e zephyr/kernel/libkernel.a(sched.c.obj)
                0x00000000200144d2                z_impl_k_sleep
 .text.z_impl_k_sched_current_thread_query
                0x0000000020014570        0xc zephyr/kernel/libkernel.a(sched.c.obj)
                0x0000000020014570                z_impl_k_sched_current_thread_query
 .text.z_thread_abort
                0x000000002001457c       0x3c zephyr/kernel/libkernel.a(sched.c.obj)
                0x000000002001457c                z_thread_abort
 .text.z_impl_k_thread_abort
                0x00000000200145b8       0x28 zephyr/kernel/libkernel.a(sched.c.obj)
                0x00000000200145b8                z_impl_k_thread_abort
 .text.idle     0x00000000200145e0        0xe zephyr/kernel/libkernel.a(idle.c.obj)
                0x00000000200145e0                idle
 .text.new_prio_for_inheritance
                0x00000000200145ee       0x18 zephyr/kernel/libkernel.a(mutex.c.obj)
 .text.adjust_owner_prio
                0x0000000020014606       0x1c zephyr/kernel/libkernel.a(mutex.c.obj)
 .text.z_impl_k_mutex_lock
                0x0000000020014622      0x138 zephyr/kernel/libkernel.a(mutex.c.obj)
                0x0000000020014622                z_impl_k_mutex_lock
 .text.z_impl_k_mutex_unlock
                0x000000002001475a       0xa4 zephyr/kernel/libkernel.a(mutex.c.obj)
                0x000000002001475a                z_impl_k_mutex_unlock
 .text.z_impl_k_sem_give
                0x00000000200147fe       0x62 zephyr/kernel/libkernel.a(sem.c.obj)
                0x00000000200147fe                z_impl_k_sem_give
 .text.z_impl_k_sem_take
                0x0000000020014860       0x78 zephyr/kernel/libkernel.a(sem.c.obj)
                0x0000000020014860                z_impl_k_sem_take
 .text.z_data_copy
                0x00000000200148d8       0x42 zephyr/kernel/libkernel.a(xip.c.obj)
                0x00000000200148d8                z_data_copy
 .text.first    0x000000002001491a       0x14 zephyr/kernel/libkernel.a(timeout.c.obj)
 .text.next     0x000000002001492e       0x18 zephyr/kernel/libkernel.a(timeout.c.obj)
 .text.remove_timeout
                0x0000000020014946       0x3c zephyr/kernel/libkernel.a(timeout.c.obj)
 .text.elapsed  0x0000000020014982       0x1c zephyr/kernel/libkernel.a(timeout.c.obj)
 .text.next_timeout
                0x000000002001499e       0x50 zephyr/kernel/libkernel.a(timeout.c.obj)
 .text.z_add_timeout
                0x00000000200149ee      0x12c zephyr/kernel/libkernel.a(timeout.c.obj)
                0x00000000200149ee                z_add_timeout
 .text.z_abort_timeout
                0x0000000020014b1a       0x3c zephyr/kernel/libkernel.a(timeout.c.obj)
                0x0000000020014b1a                z_abort_timeout
 .text.sys_clock_announce
                0x0000000020014b56      0x108 zephyr/kernel/libkernel.a(timeout.c.obj)
                0x0000000020014b56                sys_clock_announce
 .text.sys_clock_tick_get
                0x0000000020014c5e       0x46 zephyr/kernel/libkernel.a(timeout.c.obj)
                0x0000000020014c5e                sys_clock_tick_get
 .text.sys_clock_tick_get_32
                0x0000000020014ca4        0xe zephyr/kernel/libkernel.a(timeout.c.obj)
                0x0000000020014ca4                sys_clock_tick_get_32
 .text.z_impl_k_uptime_ticks
                0x0000000020014cb2        0xe zephyr/kernel/libkernel.a(timeout.c.obj)
                0x0000000020014cb2                z_impl_k_uptime_ticks
 .text.z_impl_atomic_add
                0x0000000020014cc0       0x16 zephyr/kernel/libkernel.a(atomic_c.c.obj)
                0x0000000020014cc0                z_impl_atomic_add
 .text.boot_banner
                0x0000000020014cd6       0x16 zephyr/kernel/libkernel.a(banner.c.obj)
                0x0000000020014cd6                boot_banner
 .text.strncpy  0x0000000020014cec       0x28 /opt/zephyr-sdk-0.16.5/riscv64-zephyr-elf/bin/../lib/gcc/../../picolibc/riscv64-zephyr-elf/lib/rv32imac_zicsr_zifencei/ilp32/libc.a(libc_string_strncpy.c.o)
                0x0000000020014cec                strncpy
 .text.strnlen  0x0000000020014d14       0x18 /opt/zephyr-sdk-0.16.5/riscv64-zephyr-elf/bin/../lib/gcc/../../picolibc/riscv64-zephyr-elf/lib/rv32imac_zicsr_zifencei/ilp32/libc.a(libc_string_strnlen.c.o)
                0x0000000020014d14                strnlen
 .text.snprintf
                0x0000000020014d2c       0x6c /opt/zephyr-sdk-0.16.5/riscv64-zephyr-elf/bin/../lib/gcc/../../picolibc/riscv64-zephyr-elf/lib/rv32imac_zicsr_zifencei/ilp32/libc.a(libc_tinystdio_snprintf.c.o)
                0x0000000020014d2c                snprintf
 .text.__ultoa_invert
                0x0000000020014d98      0x110 /opt/zephyr-sdk-0.16.5/riscv64-zephyr-elf/bin/../lib/gcc/../../picolibc/riscv64-zephyr-elf/lib/rv32imac_zicsr_zifencei/ilp32/libc.a(libc_tinystdio_vflprintf.c.o)
 .text.__l_vfprintf
                0x0000000020014ea8      0x500 /opt/zephyr-sdk-0.16.5/riscv64-zephyr-elf/bin/../lib/gcc/../../picolibc/riscv64-zephyr-elf/lib/rv32imac_zicsr_zifencei/ilp32/libc.a(libc_tinystdio_vflprintf.c.o)
                0x0000000020014ea8                __l_vfprintf
 .text.__file_str_put
                0x00000000200153a8       0x14 /opt/zephyr-sdk-0.16.5/riscv64-zephyr-elf/bin/../lib/gcc/../../picolibc/riscv64-zephyr-elf/lib/rv32imac_zicsr_zifencei/ilp32/libc.a(libc_tinystdio_filestrput.c.o)
                0x00000000200153a8                __file_str_put
 .text.memcpy   0x00000000200153bc       0x16 /opt/zephyr-sdk-0.16.5/riscv64-zephyr-elf/bin/../lib/gcc/../../picolibc/riscv64-zephyr-elf/lib/rv32imac_zicsr_zifencei/ilp32/libc.a(memcpy-asm.S.o)
                0x00000000200153bc                memcpy
 .text.memset   0x00000000200153d2       0x10 /opt/zephyr-sdk-0.16.5/riscv64-zephyr-elf/bin/../lib/gcc/../../picolibc/riscv64-zephyr-elf/lib/rv32imac_zicsr_zifencei/ilp32/libc.a(memset.S.o)
                0x00000000200153d2                memset
 *(SORT_BY_ALIGNMENT(.gnu.linkonce.t.*))
                0x00000000200153e2                __text_region_end = .
                0x00000000200153e2                __rodata_region_start = .

initlevel       0x00000000200153e4       0x50
                0x00000000200153e4                __init_start = .
                0x00000000200153e4                __init_EARLY_start = .
 *(SORT_BY_NAME(SORT_BY_ALIGNMENT(.z_init_EARLY?_*)))
 *(SORT_BY_NAME(SORT_BY_ALIGNMENT(.z_init_EARLY??_*)))
                0x00000000200153e4                __init_PRE_KERNEL_1_start = .
 *(SORT_BY_NAME(SORT_BY_ALIGNMENT(.z_init_PRE_KERNEL_1?_*)))
 *(SORT_BY_NAME(SORT_BY_ALIGNMENT(.z_init_PRE_KERNEL_1??_*)))
 .z_init_PRE_KERNEL_130_0_
                0x00000000200153e4        0x8 modules/segger/libmodules__segger.a(SEGGER_RTT_zephyr.c.obj)
 .z_init_PRE_KERNEL_140_00011_
                0x00000000200153ec        0x8 zephyr/drivers/interrupt_controller/libdrivers__interrupt_controller.a(intc_plic.c.obj)
 .z_init_PRE_KERNEL_140_00012_
                0x00000000200153f4        0x8 zephyr/drivers/gpio/libdrivers__gpio.a(gpio_sifive.c.obj)
 .z_init_PRE_KERNEL_140_0_
                0x00000000200153fc        0x8 zephyr/libzephyr.a(clock.c.obj)
 .z_init_PRE_KERNEL_150_00036_
                0x0000000020015404        0x8 zephyr/drivers/serial/libdrivers__serial.a(uart_sifive.c.obj)
 .z_init_PRE_KERNEL_160_0_
                0x000000002001540c        0x8 zephyr/drivers/console/libdrivers__console.a(rtt_console.c.obj)
 .z_init_PRE_KERNEL_160_0_
                0x0000000020015414        0x8 zephyr/drivers/console/libdrivers__console.a(uart_console.c.obj)
                0x000000002001541c                __init_PRE_KERNEL_2_start = .
 *(SORT_BY_NAME(SORT_BY_ALIGNMENT(.z_init_PRE_KERNEL_2?_*)))
 .z_init_PRE_KERNEL_20_0_
                0x000000002001541c        0x8 zephyr/drivers/timer/libdrivers__timer.a(riscv_machine_timer.c.obj)
 *(SORT_BY_NAME(SORT_BY_ALIGNMENT(.z_init_PRE_KERNEL_2??_*)))
                0x0000000020015424                __init_POST_KERNEL_start = .
 *(SORT_BY_NAME(SORT_BY_ALIGNMENT(.z_init_POST_KERNEL?_*)))
 .z_init_POST_KERNEL0_0_
                0x0000000020015424        0x8 zephyr/libzephyr.a(sysview.c.obj)
 *(SORT_BY_NAME(SORT_BY_ALIGNMENT(.z_init_POST_KERNEL??_*)))
 .z_init_POST_KERNEL40_0_
                0x000000002001542c        0x8 zephyr/lib/libc/common/liblib__libc__common.a(malloc.c.obj)
                0x0000000020015434                __init_APPLICATION_start = .
 *(SORT_BY_NAME(SORT_BY_ALIGNMENT(.z_init_APPLICATION?_*)))
 *(SORT_BY_NAME(SORT_BY_ALIGNMENT(.z_init_APPLICATION??_*)))
                0x0000000020015434                __init_SMP_start = .
 *(SORT_BY_NAME(SORT_BY_ALIGNMENT(.z_init_SMP?_*)))
 *(SORT_BY_NAME(SORT_BY_ALIGNMENT(.z_init_SMP??_*)))
                0x0000000020015434                __init_end = .

device_area     0x0000000020015434       0x3c
                0x0000000020015434                _device_list_start = .
 *(SORT_BY_NAME(SORT_BY_ALIGNMENT(._device.static.*_?_*)))
 *(SORT_BY_NAME(SORT_BY_ALIGNMENT(._device.static.*_??_*)))
 ._device.static.1_40_
                0x0000000020015434       0x14 zephyr/drivers/interrupt_controller/libdrivers__interrupt_controller.a(intc_plic.c.obj)
                0x0000000020015434                __device_dts_ord_11
 ._device.static.1_40_
                0x0000000020015448       0x14 zephyr/drivers/gpio/libdrivers__gpio.a(gpio_sifive.c.obj)
                0x0000000020015448                __device_dts_ord_12
 ._device.static.1_50_
                0x000000002001545c       0x14 zephyr/drivers/serial/libdrivers__serial.a(uart_sifive.c.obj)
                0x000000002001545c                __device_dts_ord_36
                0x0000000020015470                _device_list_end = .

sw_isr_table    0x0000000020015470      0x200
                0x0000000020015470                . = ALIGN (0x4)
 *(SORT_BY_ALIGNMENT(.gnu.linkonce.sw_isr_table*))
 .gnu.linkonce.sw_isr_table
                0x0000000020015470      0x200 zephyr/arch/common/libisr_tables.a(isr_tables.c.obj)
                0x0000000020015470                _sw_isr_table

initlevel_error
                0x00000000200153e2        0x0
 *(SORT_BY_NAME(SORT_BY_ALIGNMENT(.z_init_[_A-Z0-9]*)))
                0x0000000000000001                ASSERT ((SIZEOF (initlevel_error) == 0x0), Undefined initialization levels used.)

app_shmem_regions
                0x0000000020015670        0x0
                0x0000000020015670                __app_shmem_regions_start = .
 *(SORT_BY_NAME(SORT_BY_ALIGNMENT(.app_regions.*)))
                0x0000000020015670                __app_shmem_regions_end = .

k_p4wq_initparam_area
                0x0000000020015670        0x0
                0x0000000020015670                _k_p4wq_initparam_list_start = .
 *(SORT_BY_NAME(SORT_BY_ALIGNMENT(._k_p4wq_initparam.static.*)))
                0x0000000020015670                _k_p4wq_initparam_list_end = .

_static_thread_data_area
                0x0000000020015670        0x0
                0x0000000020015670                __static_thread_data_list_start = .
 *(SORT_BY_NAME(SORT_BY_ALIGNMENT(.__static_thread_data.static.*)))
                0x0000000020015670                __static_thread_data_list_end = .

device_deps     0x0000000020015670        0x0
                0x0000000020015670                __device_deps_start = .
 *(SORT_BY_NAME(SORT_BY_ALIGNMENT(.__device_deps_pass2*)))
                0x0000000020015670                __device_deps_end = .

ztest           0x0000000020015670        0x0
                0x0000000020015670                _ztest_expected_result_entry_list_start = .
 *(SORT_BY_NAME(SORT_BY_ALIGNMENT(._ztest_expected_result_entry.static.*)))
                0x0000000020015670                _ztest_expected_result_entry_list_end = .
                0x0000000020015670                _ztest_suite_node_list_start = .
 *(SORT_BY_NAME(SORT_BY_ALIGNMENT(._ztest_suite_node.static.*)))
                0x0000000020015670                _ztest_suite_node_list_end = .
                0x0000000020015670                _ztest_unit_test_list_start = .
 *(SORT_BY_NAME(SORT_BY_ALIGNMENT(._ztest_unit_test.static.*)))
                0x0000000020015670                _ztest_unit_test_list_end = .
                0x0000000020015670                _ztest_test_rule_list_start = .
 *(SORT_BY_NAME(SORT_BY_ALIGNMENT(._ztest_test_rule.static.*)))
                0x0000000020015670                _ztest_test_rule_list_end = .

bt_l2cap_fixed_chan_area
                0x0000000020015670        0x0
                0x0000000020015670                _bt_l2cap_fixed_chan_list_start = .
 *(SORT_BY_NAME(SORT_BY_ALIGNMENT(._bt_l2cap_fixed_chan.static.*)))
                0x0000000020015670                _bt_l2cap_fixed_chan_list_end = .

bt_gatt_service_static_area
                0x0000000020015670        0x0
                0x0000000020015670                _bt_gatt_service_static_list_start = .
 *(SORT_BY_NAME(SORT_BY_ALIGNMENT(._bt_gatt_service_static.static.*)))
                0x0000000020015670                _bt_gatt_service_static_list_end = .

log_strings_area
                0x0000000020015670        0x0
                0x0000000020015670                _log_strings_list_start = .
 *(SORT_BY_NAME(SORT_BY_ALIGNMENT(._log_strings.static.*)))
                0x0000000020015670                _log_strings_list_end = .

log_const_area  0x0000000020015670        0x0
                0x0000000020015670                _log_const_list_start = .
 *(SORT_BY_NAME(SORT_BY_ALIGNMENT(._log_const.static.*)))
                0x0000000020015670                _log_const_list_end = .

log_backend_area
                0x0000000020015670        0x0
                0x0000000020015670                _log_backend_list_start = .
 *(SORT_BY_NAME(SORT_BY_ALIGNMENT(._log_backend.static.*)))
                0x0000000020015670                _log_backend_list_end = .

log_link_area   0x0000000020015670        0x0
                0x0000000020015670                _log_link_list_start = .
 *(SORT_BY_NAME(SORT_BY_ALIGNMENT(._log_link.static.*)))
                0x0000000020015670                _log_link_list_end = .

tracing_backend_area
                0x0000000020015670        0x0
                0x0000000020015670                _tracing_backend_list_start = .
 *(SORT_BY_NAME(SORT_BY_ALIGNMENT(._tracing_backend.static.*)))
                0x0000000020015670                _tracing_backend_list_end = .

zephyr_dbg_info
                0x0000000020015670       0x44
 *(SORT_BY_ALIGNMENT(.dbg_thread_info))
 .dbg_thread_info
                0x0000000020015670       0x44 zephyr/libzephyr.a(thread_info.c.obj)
                0x0000000020015670                _kernel_openocd_size_t_size
                0x0000000020015670                _kernel_thread_info_size_t_size
                0x0000000020015674                _kernel_thread_info_num_offsets
                0x0000000020015674                _kernel_openocd_num_offsets
                0x0000000020015678                _kernel_thread_info_offsets
                0x0000000020015678                _kernel_openocd_offsets

symbol_to_keep  0x00000000200156b4        0x0
                0x00000000200156b4                __symbol_to_keep_start = .
 *(SORT_BY_NAME(SORT_BY_ALIGNMENT(.symbol_to_keep*)))
                0x00000000200156b4                __symbol_to_keep_end = .

shell_area      0x00000000200156b4        0x0
                0x00000000200156b4                _shell_list_start = .
 *(SORT_BY_NAME(SORT_BY_ALIGNMENT(._shell.static.*)))
                0x00000000200156b4                _shell_list_end = .

shell_root_cmds_area
                0x00000000200156b4        0x0
                0x00000000200156b4                _shell_root_cmds_list_start = .
 *(SORT_BY_NAME(SORT_BY_ALIGNMENT(._shell_root_cmds.static.*)))
                0x00000000200156b4                _shell_root_cmds_list_end = .

shell_subcmds_area
                0x00000000200156b4        0x0
                0x00000000200156b4                _shell_subcmds_list_start = .
 *(SORT_BY_NAME(SORT_BY_ALIGNMENT(._shell_subcmds.static.*)))
                0x00000000200156b4                _shell_subcmds_list_end = .

shell_dynamic_subcmds_area
                0x00000000200156b4        0x0
                0x00000000200156b4                _shell_dynamic_subcmds_list_start = .
 *(SORT_BY_NAME(SORT_BY_ALIGNMENT(._shell_dynamic_subcmds.static.*)))
                0x00000000200156b4                _shell_dynamic_subcmds_list_end = .

cfb_font_area   0x00000000200156b4        0x0
                0x00000000200156b4                _cfb_font_list_start = .
 *(SORT_BY_NAME(SORT_BY_ALIGNMENT(._cfb_font.static.*)))
                0x00000000200156b4                _cfb_font_list_end = .

tdata           0x00000000200156b4        0x0
 *(SORT_BY_ALIGNMENT(.tdata) SORT_BY_ALIGNMENT(.tdata.*) SORT_BY_ALIGNMENT(.gnu.linkonce.td.*))

tbss            0x00000000200156b4        0x4
 *(SORT_BY_ALIGNMENT(.tbss) SORT_BY_ALIGNMENT(.tbss.*) SORT_BY_ALIGNMENT(.gnu.linkonce.tb.*) SORT_BY_ALIGNMENT(.tcommon))
 .tbss.z_tls_current
                0x00000000200156b4        0x4 zephyr/libzephyr.a(thread_entry.c.obj)
                0x00000000200156b4                z_tls_current
                0x00000000200156b4                PROVIDE (__tdata_start = LOADADDR (tdata))
                0x0000000000000000                PROVIDE (__tdata_size = SIZEOF (tdata))
                [!provide]                        PROVIDE (__tdata_end = (__tdata_start + __tdata_size))
                0x0000000000000001                PROVIDE (__tdata_align = ALIGNOF (tdata))
                [!provide]                        PROVIDE (__tbss_start = ADDR (tbss))
                0x0000000000000004                PROVIDE (__tbss_size = SIZEOF (tbss))
                [!provide]                        PROVIDE (__tbss_end = (__tbss_start + __tbss_size))
                0x0000000000000004                PROVIDE (__tbss_align = ALIGNOF (tbss))
                [!provide]                        PROVIDE (__tls_start = __tdata_start)
                [!provide]                        PROVIDE (__tls_end = __tbss_end)
                [!provide]                        PROVIDE (__tls_size = (__tbss_end - __tdata_start))

rodata          0x00000000200156b8      0x7c4
                0x00000000200156b8                . = ALIGN (0x4)
 *(SORT_BY_ALIGNMENT(.srodata))
 *(SORT_BY_ALIGNMENT(.srodata.*))
 .srodata.cst8  0x00000000200156b8        0x8 zephyr/subsys/random/libsubsys__random.a(rand32_timer.c.obj)
 .srodata.SYSVIEW_X_OS_TraceAPI
                0x00000000200156c0        0x8 zephyr/libzephyr.a(sysview_config.c.obj)
                0x00000000200156c0                SYSVIEW_X_OS_TraceAPI
 .srodata.__pinctrl_dev_config__device_dts_ord_36
                0x00000000200156c8        0x8 zephyr/drivers/serial/libdrivers__serial.a(uart_sifive.c.obj)
 .srodata.__pinctrl_states__device_dts_ord_36
                0x00000000200156d0        0x8 zephyr/drivers/serial/libdrivers__serial.a(uart_sifive.c.obj)
 .srodata.__pinctrl_state_pins_0__device_dts_ord_36
                0x00000000200156d8        0x4 zephyr/drivers/serial/libdrivers__serial.a(uart_sifive.c.obj)
 *(SORT_BY_ALIGNMENT(.rodata))
 .rodata        0x00000000200156dc      0x100 /opt/zephyr-sdk-0.16.5/riscv64-zephyr-elf/bin/../lib/gcc/riscv64-zephyr-elf/12.2.0/rv32imac_zicsr_zifencei/ilp32/libgcc.a(_clz.o)
                0x00000000200156dc                __clz_tab
 *(SORT_BY_ALIGNMENT(.rodata.*))
 .rodata.fatal_reason_str.str1.4
                0x00000000200157dc       0x58 app/libapp.a(main.c.obj)
 .rodata.fatal_reason_str
                0x0000000020015834       0x14 app/libapp.a(main.c.obj)
 .rodata.log_stack_hwm.str1.4
                0x0000000020015848       0x31 app/libapp.a(main.c.obj)
 *fill*         0x0000000020015879        0x3 
 .rodata.mock_irq_fn.str1.4
                0x000000002001587c       0x89 app/libapp.a(main.c.obj)
 *fill*         0x0000000020015905        0x3 
 .rodata.thread_body.str1.4
                0x0000000020015908       0x69 app/libapp.a(main.c.obj)
 *fill*         0x0000000020015971        0x3 
 .rodata.k_sys_fatal_error_handler.str1.4
                0x0000000020015974      0x131 app/libapp.a(main.c.obj)
                                        0x135 (size before relaxing)
 *fill*         0x0000000020015aa5        0x3 
 .rodata.main.str1.4
                0x0000000020015aa8      0x121 app/libapp.a(main.c.obj)
 *fill*         0x0000000020015bc9        0x3 
 .rodata.entry_fns
                0x0000000020015bcc        0xc app/libapp.a(main.c.obj)
 .rodata.sems   0x0000000020015bd8        0xc app/libapp.a(main.c.obj)
 .rodata.str1.4
                0x0000000020015be4       0x21 app/libapp.a(main.c.obj)
 *fill*         0x0000000020015c05        0x3 
 .rodata.cfgs   0x0000000020015c08        0xc app/libapp.a(main.c.obj)
 .rodata.set_thread_name.str1.4
                0x0000000020015c14        0x7 zephyr/libzephyr.a(sysview_config.c.obj)
 *fill*         0x0000000020015c1b        0x1 
 .rodata.cbSendSystemDesc.str1.4
                0x0000000020015c1c       0x35 zephyr/libzephyr.a(sysview_config.c.obj)
 *fill*         0x0000000020015c51        0x3 
 .rodata.picolibc_put.str1.4
                0x0000000020015c54        0xd zephyr/lib/libc/picolibc/liblib__libc__picolibc.a(libc-hooks.c.obj)
 *fill*         0x0000000020015c61        0x3 
 .rodata.str1.4
                0x0000000020015c64       0x1d zephyr/drivers/interrupt_controller/libdrivers__interrupt_controller.a(intc_plic.c.obj)
 *fill*         0x0000000020015c81        0x3 
 .rodata.plic_config_0
                0x0000000020015c84       0x1c zephyr/drivers/interrupt_controller/libdrivers__interrupt_controller.a(intc_plic.c.obj)
 .rodata.console_out.str1.4
                0x0000000020015ca0        0xe zephyr/drivers/console/libdrivers__console.a(uart_console.c.obj)
 *fill*         0x0000000020015cae        0x2 
 .rodata.uart_console_init.str1.4
                0x0000000020015cb0       0x10 zephyr/drivers/console/libdrivers__console.a(uart_console.c.obj)
 .rodata.str1.4
                0x0000000020015cc0        0xe zephyr/drivers/gpio/libdrivers__gpio.a(gpio_sifive.c.obj)
 *fill*         0x0000000020015cce        0x2 
 .rodata.gpio_sifive_config0
                0x0000000020015cd0       0x10 zephyr/drivers/gpio/libdrivers__gpio.a(gpio_sifive.c.obj)
 .rodata.gpio_sifive_driver
                0x0000000020015ce0       0x24 zephyr/drivers/gpio/libdrivers__gpio.a(gpio_sifive.c.obj)
 .rodata.str1.4
                0x0000000020015d04       0x10 zephyr/drivers/serial/libdrivers__serial.a(uart_sifive.c.obj)
 .rodata.uart_sifive_dev_cfg_0
                0x0000000020015d14       0x18 zephyr/drivers/serial/libdrivers__serial.a(uart_sifive.c.obj)
 .rodata.uart_sifive_driver_api
                0x0000000020015d2c       0x14 zephyr/drivers/serial/libdrivers__serial.a(uart_sifive.c.obj)
 .rodata._DoInit.str1.4
                0x0000000020015d40        0x9 modules/segger/libmodules__segger.a(SEGGER_RTT.c.obj)
 *fill*         0x0000000020015d49        0x3 
 .rodata._aInitStr.0
                0x0000000020015d4c       0x11 modules/segger/libmodules__segger.a(SEGGER_RTT.c.obj)
 .rodata.SEGGER_SYSVIEW_Init.str1.4
                0x0000000020015d5d        0x9 modules/segger/libmodules__segger.a(SEGGER_SYSVIEW.c.obj)
                                          0x8 (size before relaxing)
 *fill*         0x0000000020015d5d        0x3 
 .rodata._HandleIncomingPacket
                0x0000000020015d60       0x20 modules/segger/libmodules__segger.a(SEGGER_SYSVIEW.c.obj)
 .rodata._abSync
                0x0000000020015d80        0xa modules/segger/libmodules__segger.a(SEGGER_SYSVIEW.c.obj)
 *fill*         0x0000000020015d8a        0x2 
 .rodata.init_idle_thread.str1.4
                0x0000000020015d8c        0x5 zephyr/kernel/libkernel.a(init.c.obj)
 *fill*         0x0000000020015d91        0x3 
 .rodata.prepare_multithreading.str1.4
                0x0000000020015d94        0x5 zephyr/kernel/libkernel.a(init.c.obj)
 *fill*         0x0000000020015d99        0x3 
 .rodata.levels.0
                0x0000000020015d9c       0x18 zephyr/kernel/libkernel.a(init.c.obj)
 .rodata.boot_banner.str1.4
                0x0000000020015db4       0x28 zephyr/kernel/libkernel.a(banner.c.obj)
 .rodata.__l_vfprintf.str1.4
                0x0000000020015ddc       0x10 /opt/zephyr-sdk-0.16.5/riscv64-zephyr-elf/bin/../lib/gcc/../../picolibc/riscv64-zephyr-elf/lib/rv32imac_zicsr_zifencei/ilp32/libc.a(libc_tinystdio_vflprintf.c.o)
 .rodata.__l_vfprintf
                0x0000000020015dec       0x90 /opt/zephyr-sdk-0.16.5/riscv64-zephyr-elf/bin/../lib/gcc/../../picolibc/riscv64-zephyr-elf/lib/rv32imac_zicsr_zifencei/ilp32/libc.a(libc_tinystdio_vflprintf.c.o)
 *(SORT_BY_ALIGNMENT(.gnu.linkonce.r.*))
 *(SORT_BY_ALIGNMENT(.sdata2) SORT_BY_ALIGNMENT(.sdata2.*) SORT_BY_ALIGNMENT(.gnu.linkonce.s2.*))
                0x0000000020015e7c                . = ALIGN (0x4)
                0x0000000020015e7c                __rodata_region_end = .
                0x0000000080000000                . = 0x80000000
                0x0000000080000000                _image_ram_start = .

.ramfunc        0x0000000080000000        0x0 load address 0x0000000020015e7c
                0x0000000080000000                . = ALIGN (0x4)
                0x0000000080000000                . = ALIGN ((0x1 << LOG2CEIL (__ramfunc_size)))
                0x0000000080000000                __ramfunc_start = .
 *(SORT_BY_ALIGNMENT(.ramfunc))
 *(SORT_BY_ALIGNMENT(.ramfunc.*))
                0x0000000080000000                . = ALIGN (0x4)
                0x0000000080000000                . = ALIGN ((0x1 << LOG2CEIL (__ramfunc_size)))
                0x0000000080000000                __ramfunc_end = .
                0x0000000000000000                __ramfunc_size = (__ramfunc_end - __ramfunc_start)
                0x0000000020015e7c                __ramfunc_load_start = LOADADDR (.ramfunc)

bss             0x0000000080000000     0x1820
                0x0000000080000000                . = ALIGN (0x4)
                0x0000000080000000                . = ALIGN (0x4)
                0x0000000080000000                __bss_start = .
                0x0000000080000000                __kernel_ram_start = .
 *(SORT_BY_ALIGNMENT(.sbss))
 *(SORT_BY_ALIGNMENT(.sbss.*))
 .sbss.last_ticks
                0x0000000080000000        0x8 zephyr/drivers/timer/libdrivers__timer.a(riscv_machine_timer.c.obj)
 .sbss.last_count
                0x0000000080000008        0x8 zephyr/drivers/timer/libdrivers__timer.a(riscv_machine_timer.c.obj)
 .sbss.curr_tick
                0x0000000080000010        0x8 zephyr/kernel/libkernel.a(timeout.c.obj)
 .sbss.global_pmp_end_index
                0x0000000080000018        0x4 zephyr/arch/arch/riscv/core/libarch__riscv__core.a(pmp.c.obj)
 .sbss.global_pmp_last_addr
                0x000000008000001c        0x4 zephyr/arch/arch/riscv/core/libarch__riscv__core.a(pmp.c.obj)
 .sbss.global_pmp_cfg
                0x0000000080000020        0x4 zephyr/arch/arch/riscv/core/libarch__riscv__core.a(pmp.c.obj)
 .sbss._stdout_hook
                0x0000000080000024        0x4 zephyr/lib/libc/picolibc/liblib__libc__picolibc.a(libc-hooks.c.obj)
 .sbss.save_dev
                0x0000000080000028        0x4 zephyr/drivers/interrupt_controller/libdrivers__interrupt_controller.a(intc_plic.c.obj)
 .sbss.save_irq
                0x000000008000002c        0x4 zephyr/drivers/interrupt_controller/libdrivers__interrupt_controller.a(intc_plic.c.obj)
 .sbss.last_elapsed
                0x0000000080000030        0x4 zephyr/drivers/timer/libdrivers__timer.a(riscv_machine_timer.c.obj)
 .sbss._pFirstModule
                0x0000000080000034        0x4 modules/segger/libmodules__segger.a(SEGGER_SYSVIEW.c.obj)
 .sbss._DownBuffer
                0x0000000080000038        0x8 modules/segger/libmodules__segger.a(SEGGER_SYSVIEW.c.obj)
 .sbss._cpus_active
                0x0000000080000040        0x4 zephyr/kernel/libkernel.a(init.c.obj)
                0x0000000080000040                _cpus_active
 .sbss.slice_expired
                0x0000000080000044        0x1 zephyr/kernel/libkernel.a(sched.c.obj)
 *fill*         0x0000000080000045        0x3 
 .sbss.slice_max_prio
                0x0000000080000048        0x4 zephyr/kernel/libkernel.a(sched.c.obj)
 .sbss.slice_ticks
                0x000000008000004c        0x4 zephyr/kernel/libkernel.a(sched.c.obj)
 .sbss.announce_remaining
                0x0000000080000050        0x4 zephyr/kernel/libkernel.a(timeout.c.obj)
 .sbss.host_present
                0x0000000080000054        0x1 zephyr/drivers/console/libdrivers__console.a(rtt_console.c.obj)
 .sbss._NumModules
                0x0000000080000055        0x1 modules/segger/libmodules__segger.a(SEGGER_SYSVIEW.c.obj)
 .sbss.z_sys_post_kernel
                0x0000000080000056        0x1 zephyr/kernel/libkernel.a(init.c.obj)
                0x0000000080000056                z_sys_post_kernel
 *(SORT_BY_ALIGNMENT(.bss))
 *(SORT_BY_ALIGNMENT(.bss.*))
 *fill*         0x0000000080000057        0x1 
 .bss.irq_thread
                0x0000000080000058       0xc8 app/libapp.a(main.c.obj)
 .bss.app_threads
                0x0000000080000120      0x258 app/libapp.a(main.c.obj)
 .bss.z_idle_threads
                0x0000000080000378       0xc8 zephyr/kernel/libkernel.a(init.c.obj)
                0x0000000080000378                z_idle_threads
 .bss.z_main_thread
                0x0000000080000440       0xc8 zephyr/kernel/libkernel.a(init.c.obj)
                0x0000000080000440                z_main_thread
 .bss.slice_timeouts
                0x0000000080000508       0x18 zephyr/kernel/libkernel.a(sched.c.obj)
 .bss.z_malloc_heap
                0x0000000080000520        0xc zephyr/lib/libc/common/liblib__libc__common.a(malloc.c.obj)
 .bss.gpio_sifive_data0
                0x000000008000052c        0xc zephyr/drivers/gpio/libdrivers__gpio.a(gpio_sifive.c.obj)
 .bss.uart_sifive_data_0
                0x0000000080000538        0x0 zephyr/drivers/serial/libdrivers__serial.a(uart_sifive.c.obj)
 .bss._acDownBuffer
                0x0000000080000538       0x10 modules/segger/libmodules__segger.a(SEGGER_RTT.c.obj)
 .bss._acUpBuffer
                0x0000000080000548      0x100 modules/segger/libmodules__segger.a(SEGGER_RTT.c.obj)
 .bss._SEGGER_RTT
                0x0000000080000648       0xa8 modules/segger/libmodules__segger.a(SEGGER_RTT.c.obj)
                0x0000000080000648                _SEGGER_RTT
 .bss._aPacket  0x00000000800006f0       0xe3 modules/segger/libmodules__segger.a(SEGGER_SYSVIEW.c.obj)
 *fill*         0x00000000800007d3        0x1 
 .bss._SYSVIEW_Globals
                0x00000000800007d4       0x28 modules/segger/libmodules__segger.a(SEGGER_SYSVIEW.c.obj)
 .bss._UpBuffer
                0x00000000800007fc     0x1000 modules/segger/libmodules__segger.a(SEGGER_SYSVIEW.c.obj)
 .bss._kernel   0x00000000800017fc       0x24 zephyr/kernel/libkernel.a(init.c.obj)
                0x00000000800017fc                _kernel
 .bss.sched_spinlock
                0x0000000080001820        0x0 zephyr/kernel/libkernel.a(sched.c.obj)
                0x0000000080001820                sched_spinlock
 .bss.lock      0x0000000080001820        0x0 zephyr/kernel/libkernel.a(mutex.c.obj)
 .bss.lock      0x0000000080001820        0x0 zephyr/kernel/libkernel.a(sem.c.obj)
 *(SORT_BY_ALIGNMENT(COMMON))
                0x0000000080001820                __bss_end = ALIGN (0x4)

noinit          0x0000000080001820     0x2000
 *(SORT_BY_ALIGNMENT(.noinit))
 *(SORT_BY_ALIGNMENT(.noinit.*))
 .noinit."WEST_TOPDIR/hello_hifive/src/main.c".1
                0x0000000080001820      0x800 app/libapp.a(main.c.obj)
                0x0000000080001820                irq_stack
 .noinit."WEST_TOPDIR/hello_hifive/src/main.c".0
                0x0000000080002020      0xc00 app/libapp.a(main.c.obj)
                0x0000000080002020                app_stacks
 .noinit."WEST_TOPDIR/zephyr/kernel/init.c".2
                0x0000000080002c20      0x800 zephyr/kernel/libkernel.a(init.c.obj)
                0x0000000080002c20                z_interrupt_stacks
 .noinit."WEST_TOPDIR/zephyr/kernel/init.c".1
                0x0000000080003420      0x200 zephyr/kernel/libkernel.a(init.c.obj)
 .noinit."WEST_TOPDIR/zephyr/kernel/init.c".0
                0x0000000080003620      0x200 zephyr/kernel/libkernel.a(init.c.obj)
                0x0000000080003620                z_main_stack

datas           0x0000000080003820       0x2c load address 0x0000000020015e7c
                0x0000000080003820                . = ALIGN (0x4)
                0x0000000080003820                __data_region_start = .
                0x0000000080003820                __data_start = .
 *(SORT_BY_ALIGNMENT(.data))
 *(SORT_BY_ALIGNMENT(.data.*))
 .data.__stdout
                0x0000000080003820       0x14 zephyr/lib/libc/picolibc/liblib__libc__picolibc.a(libc-hooks.c.obj)
                0x0000000080003838                . = ALIGN (0x8)
 *fill*         0x0000000080003834        0x4 
                0x0000000080004038                PROVIDE (__global_pointer$ = (. + 0x800))
 *(SORT_BY_ALIGNMENT(.sdata) SORT_BY_ALIGNMENT(.sdata.*) SORT_BY_ALIGNMENT(.gnu.linkonce.s.*))
 .sdata.state.0
                0x0000000080003838        0x8 zephyr/subsys/random/libsubsys__random.a(rand32_timer.c.obj)
 .sdata._char_out
                0x0000000080003840        0x4 zephyr/libzephyr.a(printk.c.obj)
                0x0000000080003840                _char_out
 .sdata.timeout_list
                0x0000000080003844        0x8 zephyr/kernel/libkernel.a(timeout.c.obj)
                0x000000008000384c                __data_end = .
                0x000000000000002c                __data_size = (__data_end - __data_start)
                0x0000000020015e7c                __data_load_start = LOADADDR (datas)
                0x0000000020015e7c                __data_region_load_start = LOADADDR (datas)

device_states   0x000000008000384c        0x6 load address 0x0000000020015ea8
                0x000000008000384c                __device_states_start = .
 *(SORT_BY_ALIGNMENT(.z_devstate))
 .z_devstate    0x000000008000384c        0x2 zephyr/drivers/interrupt_controller/libdrivers__interrupt_controller.a(intc_plic.c.obj)
 .z_devstate    0x000000008000384e        0x2 zephyr/drivers/gpio/libdrivers__gpio.a(gpio_sifive.c.obj)
 .z_devstate    0x0000000080003850        0x2 zephyr/drivers/serial/libdrivers__serial.a(uart_sifive.c.obj)
 *(SORT_BY_ALIGNMENT(.z_devstate.*))
                0x0000000080003852                __device_states_end = .

log_mpsc_pbuf_area
                0x0000000080003852        0x0 load address 0x0000000020015eae
                0x0000000080003852                _log_mpsc_pbuf_list_start = .
 *(SORT_BY_NAME(SORT_BY_ALIGNMENT(._log_mpsc_pbuf.static.*)))
                0x0000000080003852                _log_mpsc_pbuf_list_end = .

log_msg_ptr_area
                0x0000000080003852        0x0 load address 0x0000000020015eae
                0x0000000080003852                _log_msg_ptr_list_start = .
 *(SORT_BY_NAME(SORT_BY_ALIGNMENT(._log_msg_ptr.static.*)))
                0x0000000080003852                _log_msg_ptr_list_end = .

log_dynamic_area
                0x0000000080003852        0x0 load address 0x0000000020015eae
                0x0000000080003852                _log_dynamic_list_start = .
 *(SORT_BY_NAME(SORT_BY_ALIGNMENT(._log_dynamic.static.*)))
                0x0000000080003852                _log_dynamic_list_end = .

k_timer_area    0x0000000080003852        0x0 load address 0x0000000020015eae
                0x0000000080003852                _k_timer_list_start = .
 *(SORT_BY_NAME(SORT_BY_ALIGNMENT(._k_timer.static.*)))
                0x0000000080003852                _k_timer_list_end = .

k_mem_slab_area
                0x0000000080003852        0x0 load address 0x0000000020015eae
                0x0000000080003852                _k_mem_slab_list_start = .
 *(SORT_BY_NAME(SORT_BY_ALIGNMENT(._k_mem_slab.static.*)))
                0x0000000080003852                _k_mem_slab_list_end = .

k_heap_area     0x0000000080003852        0x0 load address 0x0000000020015eae
                0x0000000080003852                _k_heap_list_start = .
 *(SORT_BY_NAME(SORT_BY_ALIGNMENT(._k_heap.static.*)))
                0x0000000080003852                _k_heap_list_end = .

k_mutex_area    0x0000000080003854       0x18 load address 0x0000000020015eb0
                0x0000000080003854                _k_mutex_list_start = .
 *(SORT_BY_NAME(SORT_BY_ALIGNMENT(._k_mutex.static.*)))
 ._k_mutex.static.rtt_term_mutex_
                0x0000000080003854       0x18 modules/segger/libmodules__segger.a(SEGGER_RTT_zephyr.c.obj)
                0x0000000080003854                rtt_term_mutex
                0x000000008000386c                _k_mutex_list_end = .

k_stack_area    0x000000008000386c        0x0 load address 0x0000000020015ec8
                0x000000008000386c                _k_stack_list_start = .
 *(SORT_BY_NAME(SORT_BY_ALIGNMENT(._k_stack.static.*)))
                0x000000008000386c                _k_stack_list_end = .

k_msgq_area     0x000000008000386c        0x0 load address 0x0000000020015ec8
                0x000000008000386c                _k_msgq_list_start = .
 *(SORT_BY_NAME(SORT_BY_ALIGNMENT(._k_msgq.static.*)))
                0x000000008000386c                _k_msgq_list_end = .

k_mbox_area     0x000000008000386c        0x0 load address 0x0000000020015ec8
                0x000000008000386c                _k_mbox_list_start = .
 *(SORT_BY_NAME(SORT_BY_ALIGNMENT(._k_mbox.static.*)))
                0x000000008000386c                _k_mbox_list_end = .

k_pipe_area     0x000000008000386c        0x0 load address 0x0000000020015ec8
                0x000000008000386c                _k_pipe_list_start = .
 *(SORT_BY_NAME(SORT_BY_ALIGNMENT(._k_pipe.static.*)))
                0x000000008000386c                _k_pipe_list_end = .

k_sem_area      0x000000008000386c       0x3c load address 0x0000000020015ec8
                0x000000008000386c                _k_sem_list_start = .
 *(SORT_BY_NAME(SORT_BY_ALIGNMENT(._k_sem.static.*)))
 ._k_sem.static.sem0_
                0x000000008000386c       0x14 app/libapp.a(main.c.obj)
                0x000000008000386c                sem0
 ._k_sem.static.sem1_
                0x0000000080003880       0x14 app/libapp.a(main.c.obj)
                0x0000000080003880                sem1
 ._k_sem.static.sem2_
                0x0000000080003894       0x14 app/libapp.a(main.c.obj)
                0x0000000080003894                sem2
                0x00000000800038a8                _k_sem_list_end = .

k_event_area    0x00000000800038a8        0x0 load address 0x0000000020015f04
                0x00000000800038a8                _k_event_list_start = .
 *(SORT_BY_NAME(SORT_BY_ALIGNMENT(._k_event.static.*)))
                0x00000000800038a8                _k_event_list_end = .

k_queue_area    0x00000000800038a8        0x0 load address 0x0000000020015f04
                0x00000000800038a8                _k_queue_list_start = .
 *(SORT_BY_NAME(SORT_BY_ALIGNMENT(._k_queue.static.*)))
                0x00000000800038a8                _k_queue_list_end = .

k_fifo_area     0x00000000800038a8        0x0 load address 0x0000000020015f04
                0x00000000800038a8                _k_fifo_list_start = .
 *(SORT_BY_NAME(SORT_BY_ALIGNMENT(._k_fifo.static.*)))
                0x00000000800038a8                _k_fifo_list_end = .

k_lifo_area     0x00000000800038a8        0x0 load address 0x0000000020015f04
                0x00000000800038a8                _k_lifo_list_start = .
 *(SORT_BY_NAME(SORT_BY_ALIGNMENT(._k_lifo.static.*)))
                0x00000000800038a8                _k_lifo_list_end = .

k_condvar_area  0x00000000800038a8        0x0 load address 0x0000000020015f04
                0x00000000800038a8                _k_condvar_list_start = .
 *(SORT_BY_NAME(SORT_BY_ALIGNMENT(._k_condvar.static.*)))
                0x00000000800038a8                _k_condvar_list_end = .

sys_mem_blocks_ptr_area
                0x00000000800038a8        0x0 load address 0x0000000020015f04
                0x00000000800038a8                _sys_mem_blocks_ptr_list_start = .
 *(SORT_BY_NAME(SORT_BY_ALIGNMENT(._sys_mem_blocks_ptr.static.*)))
                0x00000000800038a8                _sys_mem_blocks_ptr_list_end = .

net_buf_pool_area
                0x00000000800038a8        0x0 load address 0x0000000020015f04
                0x00000000800038a8                _net_buf_pool_list_start = .
 *(SORT_BY_NAME(SORT_BY_ALIGNMENT(._net_buf_pool.static.*)))
                0x00000000800038a8                _net_buf_pool_list_end = .
                0x00000000800038a8                __data_region_end = .
                0x00000000800038a8                __kernel_ram_end = .
                0x00000000000038a8                __kernel_ram_size = (__kernel_ram_end - __kernel_ram_start)

.intList        0x00000000fffff800      0x228
 *(SORT_BY_ALIGNMENT(.irq_info*))
 .irq_info      0x00000000fffff800        0x8 zephyr/arch/common/libisr_tables.a(isr_tables.c.obj)
                0x00000000fffff800                _iheader
 *(SORT_BY_ALIGNMENT(.intList*))
 .intList       0x00000000fffff808       0x10 zephyr/drivers/interrupt_controller/libdrivers__interrupt_controller.a(intc_plic.c.obj)
 .intList       0x00000000fffff818      0x200 zephyr/drivers/gpio/libdrivers__gpio.a(gpio_sifive.c.obj)
 .intList       0x00000000fffffa18       0x10 zephyr/drivers/timer/libdrivers__timer.a(riscv_machine_timer.c.obj)

.last_ram_section
                0x00000000800038a8        0x0
                0x00000000800038a8                . = ALIGN (0x4)
                0x00000000800038a8                _image_ram_end = .
                0x00000000000038a8                _image_ram_size = (_image_ram_end - _image_ram_start)
                0x00000000800038a8                _end = .
                0x00000000800038a8                z_mapped_end = .

.stab
 *(SORT_BY_ALIGNMENT(.stab))

.stabstr
 *(SORT_BY_ALIGNMENT(.stabstr))

.stab.excl
 *(SORT_BY_ALIGNMENT(.stab.excl))

.stab.exclstr
 *(SORT_BY_ALIGNMENT(.stab.exclstr))

.stab.index
 *(SORT_BY_ALIGNMENT(.stab.index))

.stab.indexstr
 *(SORT_BY_ALIGNMENT(.stab.indexstr))

.gnu.build.attributes
 *(SORT_BY_ALIGNMENT(.gnu.build.attributes) SORT_BY_ALIGNMENT(.gnu.build.attributes.*))

.comment        0x0000000000000000       0x20
 *(SORT_BY_ALIGNMENT(.comment))
 .comment       0x0000000000000000       0x20 zephyr/CMakeFiles/offsets.dir/./arch/riscv/core/offsets/offsets.c.obj
                                         0x21 (size before relaxing)
 .comment       0x0000000000000020       0x21 app/libapp.a(main.c.obj)
 .comment       0x0000000000000020       0x21 zephyr/libzephyr.a(heap.c.obj)
 .comment       0x0000000000000020       0x21 zephyr/libzephyr.a(printk.c.obj)
 .comment       0x0000000000000020       0x21 zephyr/libzephyr.a(thread_entry.c.obj)
 .comment       0x0000000000000020       0x21 zephyr/libzephyr.a(configs.c.obj)
 .comment       0x0000000000000020       0x21 zephyr/libzephyr.a(soc_common_irq.c.obj)
 .comment       0x0000000000000020       0x21 zephyr/libzephyr.a(clock.c.obj)
 .comment       0x0000000000000020       0x21 zephyr/libzephyr.a(thread_info.c.obj)
 .comment       0x0000000000000020       0x21 zephyr/libzephyr.a(sysview_config.c.obj)
 .comment       0x0000000000000020       0x21 zephyr/libzephyr.a(sysview.c.obj)
 .comment       0x0000000000000020       0x21 zephyr/arch/arch/riscv/core/libarch__riscv__core.a(cpu_idle.c.obj)
 .comment       0x0000000000000020       0x21 zephyr/arch/arch/riscv/core/libarch__riscv__core.a(fatal.c.obj)
 .comment       0x0000000000000020       0x21 zephyr/arch/arch/riscv/core/libarch__riscv__core.a(irq_manage.c.obj)
 .comment       0x0000000000000020       0x21 zephyr/arch/arch/riscv/core/libarch__riscv__core.a(prep_c.c.obj)
 .comment       0x0000000000000020       0x21 zephyr/arch/arch/riscv/core/libarch__riscv__core.a(thread.c.obj)
 .comment       0x0000000000000020       0x21 zephyr/arch/arch/riscv/core/libarch__riscv__core.a(pmp.c.obj)
 .comment       0x0000000000000020       0x21 zephyr/arch/arch/riscv/core/libarch__riscv__core.a(tls.c.obj)
 .comment       0x0000000000000020       0x21 zephyr/lib/libc/picolibc/liblib__libc__picolibc.a(libc-hooks.c.obj)
 .comment       0x0000000000000020       0x21 zephyr/lib/libc/common/liblib__libc__common.a(malloc.c.obj)
 .comment       0x0000000000000020       0x21 zephyr/subsys/random/libsubsys__random.a(rand32_timer.c.obj)
 .comment       0x0000000000000020       0x21 zephyr/drivers/interrupt_controller/libdrivers__interrupt_controller.a(intc_plic.c.obj)
 .comment       0x0000000000000020       0x21 zephyr/drivers/console/libdrivers__console.a(rtt_console.c.obj)
 .comment       0x0000000000000020       0x21 zephyr/drivers/console/libdrivers__console.a(uart_console.c.obj)
 .comment       0x0000000000000020       0x21 zephyr/drivers/gpio/libdrivers__gpio.a(gpio_sifive.c.obj)
 .comment       0x0000000000000020       0x21 zephyr/drivers/pinctrl/libdrivers__pinctrl.a(common.c.obj)
 .comment       0x0000000000000020       0x21 zephyr/drivers/pinctrl/libdrivers__pinctrl.a(pinctrl_sifive.c.obj)
 .comment       0x0000000000000020       0x21 zephyr/drivers/serial/libdrivers__serial.a(uart_sifive.c.obj)
 .comment       0x0000000000000020       0x21 zephyr/drivers/timer/libdrivers__timer.a(riscv_machine_timer.c.obj)
 .comment       0x0000000000000020       0x21 modules/segger/libmodules__segger.a(SEGGER_RTT.c.obj)
 .comment       0x0000000000000020       0x21 modules/segger/libmodules__segger.a(SEGGER_RTT_zephyr.c.obj)
 .comment       0x0000000000000020       0x21 modules/segger/libmodules__segger.a(SEGGER_SYSVIEW.c.obj)
 .comment       0x0000000000000020       0x21 zephyr/kernel/libkernel.a(busy_wait.c.obj)
 .comment       0x0000000000000020       0x21 zephyr/kernel/libkernel.a(device.c.obj)
 .comment       0x0000000000000020       0x21 zephyr/kernel/libkernel.a(fatal.c.obj)
 .comment       0x0000000000000020       0x21 zephyr/kernel/libkernel.a(init.c.obj)
 .comment       0x0000000000000020       0x21 zephyr/kernel/libkernel.a(thread.c.obj)
 .comment       0x0000000000000020       0x21 zephyr/kernel/libkernel.a(sched.c.obj)
 .comment       0x0000000000000020       0x21 zephyr/kernel/libkernel.a(idle.c.obj)
 .comment       0x0000000000000020       0x21 zephyr/kernel/libkernel.a(mutex.c.obj)
 .comment       0x0000000000000020       0x21 zephyr/kernel/libkernel.a(sem.c.obj)
 .comment       0x0000000000000020       0x21 zephyr/kernel/libkernel.a(xip.c.obj)
 .comment       0x0000000000000020       0x21 zephyr/kernel/libkernel.a(timeout.c.obj)
 .comment       0x0000000000000020       0x21 zephyr/kernel/libkernel.a(atomic_c.c.obj)
 .comment       0x0000000000000020       0x21 zephyr/kernel/libkernel.a(banner.c.obj)
 .comment       0x0000000000000020       0x21 zephyr/arch/common/libisr_tables.a(isr_tables.c.obj)

.debug
 *(SORT_BY_ALIGNMENT(.debug))

.line
 *(SORT_BY_ALIGNMENT(.line))

.debug_srcinfo
 *(SORT_BY_ALIGNMENT(.debug_srcinfo))

.debug_sfnames
 *(SORT_BY_ALIGNMENT(.debug_sfnames))

.debug_aranges  0x0000000000000000     0x12d8
 *(SORT_BY_ALIGNMENT(.debug_aranges))
 .debug_aranges
                0x0000000000000000       0x20 zephyr/libzephyr.a(soc_irq.S.obj)
 .debug_aranges
                0x0000000000000020       0x20 zephyr/libzephyr.a(vector.S.obj)
 .debug_aranges
                0x0000000000000040       0x20 zephyr/arch/arch/riscv/core/libarch__riscv__core.a(isr.S.obj)
 .debug_aranges
                0x0000000000000060       0x28 zephyr/arch/arch/riscv/core/libarch__riscv__core.a(reset.S.obj)
 .debug_aranges
                0x0000000000000088       0x20 zephyr/arch/arch/riscv/core/libarch__riscv__core.a(switch.S.obj)
 .debug_aranges
                0x00000000000000a8       0x20 zephyr/arch/arch/riscv/core/libarch__riscv__core.a(pmp.S.obj)
 .debug_aranges
                0x00000000000000c8       0x20 zephyr/CMakeFiles/offsets.dir/./arch/riscv/core/offsets/offsets.c.obj
 .debug_aranges
                0x00000000000000e8       0x68 app/libapp.a(main.c.obj)
 .debug_aranges
                0x0000000000000150       0x98 zephyr/libzephyr.a(heap.c.obj)
 .debug_aranges
                0x00000000000001e8       0x50 zephyr/libzephyr.a(printk.c.obj)
 .debug_aranges
                0x0000000000000238       0x20 zephyr/libzephyr.a(thread_entry.c.obj)
 .debug_aranges
                0x0000000000000258       0x20 zephyr/libzephyr.a(configs.c.obj)
 .debug_aranges
                0x0000000000000278       0x40 zephyr/libzephyr.a(soc_common_irq.c.obj)
 .debug_aranges
                0x00000000000002b8       0x20 zephyr/libzephyr.a(clock.c.obj)
 .debug_aranges
                0x00000000000002d8       0x18 zephyr/libzephyr.a(thread_info.c.obj)
 .debug_aranges
                0x00000000000002f0       0x48 zephyr/libzephyr.a(sysview_config.c.obj)
 .debug_aranges
                0x0000000000000338       0x60 zephyr/libzephyr.a(sysview.c.obj)
 .debug_aranges
                0x0000000000000398       0x28 zephyr/arch/arch/riscv/core/libarch__riscv__core.a(cpu_idle.c.obj)
 .debug_aranges
                0x00000000000003c0       0x30 zephyr/arch/arch/riscv/core/libarch__riscv__core.a(fatal.c.obj)
 .debug_aranges
                0x00000000000003f0       0x20 zephyr/arch/arch/riscv/core/libarch__riscv__core.a(irq_manage.c.obj)
 .debug_aranges
                0x0000000000000410       0x20 zephyr/arch/arch/riscv/core/libarch__riscv__core.a(prep_c.c.obj)
 .debug_aranges
                0x0000000000000430       0x20 zephyr/arch/arch/riscv/core/libarch__riscv__core.a(thread.c.obj)
 .debug_aranges
                0x0000000000000450       0x30 zephyr/arch/arch/riscv/core/libarch__riscv__core.a(pmp.c.obj)
 .debug_aranges
                0x0000000000000480       0x28 zephyr/arch/arch/riscv/core/libarch__riscv__core.a(tls.c.obj)
 .debug_aranges
                0x00000000000004a8       0xb0 zephyr/lib/libc/picolibc/liblib__libc__picolibc.a(libc-hooks.c.obj)
 .debug_aranges
                0x0000000000000558       0x60 zephyr/lib/libc/common/liblib__libc__common.a(malloc.c.obj)
 .debug_aranges
                0x00000000000005b8       0x28 zephyr/subsys/random/libsubsys__random.a(rand32_timer.c.obj)
 .debug_aranges
                0x00000000000005e0       0x70 zephyr/drivers/interrupt_controller/libdrivers__interrupt_controller.a(intc_plic.c.obj)
 .debug_aranges
                0x0000000000000650       0x38 zephyr/drivers/console/libdrivers__console.a(rtt_console.c.obj)
 .debug_aranges
                0x0000000000000688       0x38 zephyr/drivers/console/libdrivers__console.a(uart_console.c.obj)
 .debug_aranges
                0x00000000000006c0       0x90 zephyr/drivers/gpio/libdrivers__gpio.a(gpio_sifive.c.obj)
 .debug_aranges
                0x0000000000000750       0x20 zephyr/drivers/pinctrl/libdrivers__pinctrl.a(common.c.obj)
 .debug_aranges
                0x0000000000000770       0x28 zephyr/drivers/pinctrl/libdrivers__pinctrl.a(pinctrl_sifive.c.obj)
 .debug_aranges
                0x0000000000000798       0x38 zephyr/drivers/serial/libdrivers__serial.a(uart_sifive.c.obj)
 .debug_aranges
                0x00000000000007d0       0x60 zephyr/drivers/timer/libdrivers__timer.a(riscv_machine_timer.c.obj)
 .debug_aranges
                0x0000000000000830      0x140 modules/segger/libmodules__segger.a(SEGGER_RTT.c.obj)
 .debug_aranges
                0x0000000000000970       0x40 modules/segger/libmodules__segger.a(SEGGER_RTT_zephyr.c.obj)
 .debug_aranges
                0x00000000000009b0      0x2a0 modules/segger/libmodules__segger.a(SEGGER_SYSVIEW.c.obj)
 .debug_aranges
                0x0000000000000c50       0x20 zephyr/kernel/libkernel.a(busy_wait.c.obj)
 .debug_aranges
                0x0000000000000c70       0x38 zephyr/kernel/libkernel.a(device.c.obj)